Archive member included to satisfy reference by file (symbol)

/usr/lib/gcc/arm-none-eabi/7.3.1/thumb/v6-m/libgcc.a(_dvmd_tls.o)
                              CMakeFiles/SmartSwitch.dir/home/pi/pico/pico-sdk/src/rp2_common/pico_divider/divider.S.obj (__aeabi_idiv0)
/usr/lib/gcc/arm-none-eabi/7.3.1/../../../arm-none-eabi/lib/thumb/v6-m/libg.a(lib_a-atexit.o)
                              /usr/lib/gcc/arm-none-eabi/7.3.1/../../../arm-none-eabi/lib/thumb/v6-m/crt0.o (atexit)
/usr/lib/gcc/arm-none-eabi/7.3.1/../../../arm-none-eabi/lib/thumb/v6-m/libg.a(lib_a-atoi.o)
                              CMakeFiles/SmartSwitch.dir/SmartSwitch.c.obj (atoi)
/usr/lib/gcc/arm-none-eabi/7.3.1/../../../arm-none-eabi/lib/thumb/v6-m/libg.a(lib_a-calloc.o)
                              CMakeFiles/SmartSwitch.dir/home/pi/pico/pico-sdk/src/rp2_common/pico_malloc/pico_malloc.c.obj (calloc)
/usr/lib/gcc/arm-none-eabi/7.3.1/../../../arm-none-eabi/lib/thumb/v6-m/libg.a(lib_a-callocr.o)
                              /usr/lib/gcc/arm-none-eabi/7.3.1/../../../arm-none-eabi/lib/thumb/v6-m/libg.a(lib_a-calloc.o) (_calloc_r)
/usr/lib/gcc/arm-none-eabi/7.3.1/../../../arm-none-eabi/lib/thumb/v6-m/libg.a(lib_a-ctype_.o)
                              CMakeFiles/SmartSwitch.dir/home/pi/pico/pico-sdk/lib/tinyusb/src/tusb.c.obj (_ctype_)
/usr/lib/gcc/arm-none-eabi/7.3.1/../../../arm-none-eabi/lib/thumb/v6-m/libg.a(lib_a-fini.o)
                              /usr/lib/gcc/arm-none-eabi/7.3.1/../../../arm-none-eabi/lib/thumb/v6-m/crt0.o (__libc_fini_array)
/usr/lib/gcc/arm-none-eabi/7.3.1/../../../arm-none-eabi/lib/thumb/v6-m/libg.a(lib_a-impure.o)
                              /usr/lib/gcc/arm-none-eabi/7.3.1/../../../arm-none-eabi/lib/thumb/v6-m/libg.a(lib_a-calloc.o) (_impure_ptr)
/usr/lib/gcc/arm-none-eabi/7.3.1/../../../arm-none-eabi/lib/thumb/v6-m/libg.a(lib_a-init.o)
                              /usr/lib/gcc/arm-none-eabi/7.3.1/../../../arm-none-eabi/lib/thumb/v6-m/crt0.o (__libc_init_array)
/usr/lib/gcc/arm-none-eabi/7.3.1/../../../arm-none-eabi/lib/thumb/v6-m/libg.a(lib_a-malloc.o)
                              CMakeFiles/SmartSwitch.dir/home/pi/pico/pico-sdk/src/rp2_common/pico_malloc/pico_malloc.c.obj (malloc)
/usr/lib/gcc/arm-none-eabi/7.3.1/../../../arm-none-eabi/lib/thumb/v6-m/libg.a(lib_a-mallocr.o)
                              /usr/lib/gcc/arm-none-eabi/7.3.1/../../../arm-none-eabi/lib/thumb/v6-m/libg.a(lib_a-callocr.o) (_malloc_r)
/usr/lib/gcc/arm-none-eabi/7.3.1/../../../arm-none-eabi/lib/thumb/v6-m/libg.a(lib_a-mlock.o)
                              /usr/lib/gcc/arm-none-eabi/7.3.1/../../../arm-none-eabi/lib/thumb/v6-m/libg.a(lib_a-mallocr.o) (__malloc_lock)
/usr/lib/gcc/arm-none-eabi/7.3.1/../../../arm-none-eabi/lib/thumb/v6-m/libg.a(lib_a-sbrkr.o)
                              /usr/lib/gcc/arm-none-eabi/7.3.1/../../../arm-none-eabi/lib/thumb/v6-m/libg.a(lib_a-mallocr.o) (_sbrk_r)
/usr/lib/gcc/arm-none-eabi/7.3.1/../../../arm-none-eabi/lib/thumb/v6-m/libg.a(lib_a-strlen-stub.o)
                              CMakeFiles/SmartSwitch.dir/home/pi/pico/pico-sdk/src/rp2_common/pico_stdio/stdio.c.obj (strlen)
/usr/lib/gcc/arm-none-eabi/7.3.1/../../../arm-none-eabi/lib/thumb/v6-m/libg.a(lib_a-strtol.o)
                              /usr/lib/gcc/arm-none-eabi/7.3.1/../../../arm-none-eabi/lib/thumb/v6-m/libg.a(lib_a-atoi.o) (_strtol_r)
/usr/lib/gcc/arm-none-eabi/7.3.1/../../../arm-none-eabi/lib/thumb/v6-m/libg.a(lib_a-__atexit.o)
                              /usr/lib/gcc/arm-none-eabi/7.3.1/../../../arm-none-eabi/lib/thumb/v6-m/libg.a(lib_a-atexit.o) (__register_exitproc)
/usr/lib/gcc/arm-none-eabi/7.3.1/../../../arm-none-eabi/lib/thumb/v6-m/libg.a(lib_a-freer.o)
                              /usr/lib/gcc/arm-none-eabi/7.3.1/../../../arm-none-eabi/lib/thumb/v6-m/libg.a(lib_a-malloc.o) (_free_r)
/usr/lib/gcc/arm-none-eabi/7.3.1/../../../arm-none-eabi/lib/thumb/v6-m/libg.a(lib_a-reent.o)
                              /usr/lib/gcc/arm-none-eabi/7.3.1/../../../arm-none-eabi/lib/thumb/v6-m/libg.a(lib_a-sbrkr.o) (errno)

Allocating common symbols
Common symbol       size              file

sf_table            0x100             CMakeFiles/SmartSwitch.dir/home/pi/pico/pico-sdk/src/rp2_common/pico_float/float_init_rom.c.obj
errno               0x4               /usr/lib/gcc/arm-none-eabi/7.3.1/../../../arm-none-eabi/lib/thumb/v6-m/libg.a(lib_a-reent.o)
_usbd_qdef_buf      0xc0              CMakeFiles/SmartSwitch.dir/home/pi/pico/pico-sdk/lib/tinyusb/src/device/usbd.c.obj
adcTime             0x4               CMakeFiles/SmartSwitch.dir/SmartSwitch.c.obj
buffer              0x55              CMakeFiles/SmartSwitch.dir/SmartSwitch.c.obj
sd_table            0x100             CMakeFiles/SmartSwitch.dir/home/pi/pico/pico-sdk/src/rp2_common/pico_double/double_init_rom.c.obj
uart_char_to_line_feed
                    0x4               CMakeFiles/SmartSwitch.dir/home/pi/pico/pico-sdk/src/rp2_common/hardware_uart/uart.c.obj
[...]
Memory Configuration

Name             Origin             Length             Attributes
FLASH            0x10000000         0x00200000         xr
RAM              0x20000000         0x00040000         xrw
SCRATCH_X        0x20040000         0x00001000         xrw
SCRATCH_Y        0x20041000         0x00001000         xrw
*default*        0x00000000         0xffffffff

Linker script and memory map

LOAD /usr/lib/gcc/arm-none-eabi/7.3.1/thumb/v6-m/crti.o
LOAD /usr/lib/gcc/arm-none-eabi/7.3.1/thumb/v6-m/crtbegin.o
LOAD /usr/lib/gcc/arm-none-eabi/7.3.1/../../../arm-none-eabi/lib/thumb/v6-m/crt0.o

.flash_begin    0x10000000        0x0
                0x10000000                __flash_binary_start = .

.boot2          0x10000000      0x100
                0x10000000                __boot2_start__ = .
 *(.boot2)
 .boot2         0x10000000      0x100 /tmp/ccyqVkdA.o
                0x10000100                __boot2_end__ = .
                0x00000001                ASSERT (((__boot2_end__ - __boot2_start__) == 0x100), ERROR: Pico second stage bootloader must be 256 bytes in size)

.text           0x10000100     0x7cc8
                0x10000100                __logical_binary_start = .
 *(.vectors)
 .vectors       0x10000100       0xd4 CMakeFiles/SmartSwitch.dir/home/pi/pico/pico-sdk/src/rp2_common/pico_standard_link/crt0.S.obj
                0x10000100                __vectors
                0x10000100                __VECTOR_TABLE
                0x100001c0                isr_invalid
                0x100001c0                __default_isrs_start
                0x100001c2                isr_nmi
                0x100001c4                isr_hardfault
                0x100001c6                isr_svcall
                0x100001c8                isr_pendsv
                0x100001ca                isr_systick
                0x100001cc                isr_irq30
                0x100001cc                __unhandled_user_irq
                0x100001cc                isr_irq13
                0x100001cc                isr_irq27
                0x100001cc                isr_irq31
                0x100001cc                isr_irq5
                0x100001cc                isr_irq11
                0x100001cc                isr_irq23
                0x100001cc                isr_irq18
                0x100001cc                isr_irq28
                0x100001cc                isr_irq19
                0x100001cc                isr_irq0
                0x100001cc                isr_irq6
                0x100001cc                isr_irq22
                0x100001cc                isr_irq17
                0x100001cc                isr_irq14
                0x100001cc                isr_irq2
                0x100001cc                isr_irq10
                0x100001cc                isr_irq8
                0x100001cc                isr_irq24
                0x100001cc                isr_irq1
                0x100001cc                isr_irq7
                0x100001cc                isr_irq21
                0x100001cc                isr_irq20
                0x100001cc                isr_irq15
                0x100001cc                isr_irq25
                0x100001cc                isr_irq4
                0x100001cc                isr_irq16
                0x100001cc                isr_irq29
                0x100001cc                isr_irq26
                0x100001cc                __default_isrs_end
                0x100001cc                isr_irq3
                0x100001cc                isr_irq12
                0x100001cc                isr_irq9
                0x100001d2                unhandled_user_irq_num_in_r0
 *(.binary_info_header)
 .binary_info_header
                0x100001d4       0x14 CMakeFiles/SmartSwitch.dir/home/pi/pico/pico-sdk/src/rp2_common/pico_standard_link/crt0.S.obj
                0x100001e8                __binary_info_header_end = .
 *(.reset)
 .reset         0x100001e8       0xa8 CMakeFiles/SmartSwitch.dir/home/pi/pico/pico-sdk/src/rp2_common/pico_standard_link/crt0.S.obj
                0x100001e8                _entry_point
                0x10000266                __get_current_exception
 .reset         0x10000290       0x30 CMakeFiles/SmartSwitch.dir/home/pi/pico/pico-sdk/src/rp2_common/pico_standard_link/binary_info.c.obj
 *(.init)
 .init          0x100002c0        0x4 /usr/lib/gcc/arm-none-eabi/7.3.1/thumb/v6-m/crti.o
                0x100002c0                _init
 *(EXCLUDE_FILE(*libm.a: *libc.a:*lib_a-mem*.o *libgcc.a:) .text*)
 .text          0x100002c4       0x98 /usr/lib/gcc/arm-none-eabi/7.3.1/thumb/v6-m/crtbegin.o
 .text.absolute_time_diff_us
                0x1000035c        0xa CMakeFiles/SmartSwitch.dir/SmartSwitch.c.obj
 .text.gpio_get_all
                0x10000366        0x8 CMakeFiles/SmartSwitch.dir/SmartSwitch.c.obj
 .text.gpio_put
                0x1000036e       0x18 CMakeFiles/SmartSwitch.dir/SmartSwitch.c.obj
 *fill*         0x10000386        0x2 
 .text.get_absolute_time
                0x10000388       0x2c CMakeFiles/SmartSwitch.dir/SmartSwitch.c.obj
 .text.mygetchar
                0x100003b4       0x10 CMakeFiles/SmartSwitch.dir/SmartSwitch.c.obj
                0x100003b4                mygetchar
 .text.readLine
                0x100003c4       0x38 CMakeFiles/SmartSwitch.dir/SmartSwitch.c.obj
                0x100003c4                readLine
 .text.port_init
                0x100003fc       0xa0 CMakeFiles/SmartSwitch.dir/SmartSwitch.c.obj
                0x100003fc                port_init
 .text.variable_init
                0x1000049c       0x30 CMakeFiles/SmartSwitch.dir/SmartSwitch.c.obj
                0x1000049c                variable_init
 .text.tripReset
                0x100004cc       0x20 CMakeFiles/SmartSwitch.dir/SmartSwitch.c.obj
                0x100004cc                tripReset
 .text.trips    0x100004ec       0x68 CMakeFiles/SmartSwitch.dir/SmartSwitch.c.obj
                0x100004ec                trips
 .text.SM73201_ADC_Raw
                0x10000554      0x12c CMakeFiles/SmartSwitch.dir/SmartSwitch.c.obj
                0x10000554                SM73201_ADC_Raw
 .text.SM73201_ADC_Remap
                0x10000680      0x17c CMakeFiles/SmartSwitch.dir/SmartSwitch.c.obj
                0x10000680                SM73201_ADC_Remap
 .text.readCurent
                0x100007fc       0x70 CMakeFiles/SmartSwitch.dir/SmartSwitch.c.obj
                0x100007fc                readCurent
 .text.readMultiple
                0x1000086c       0xb8 CMakeFiles/SmartSwitch.dir/SmartSwitch.c.obj
                0x1000086c                readMultiple
 .text.main     0x10000924      0x284 CMakeFiles/SmartSwitch.dir/SmartSwitch.c.obj
                0x10000924                main
 .text.gpio_set_function
                0x10000ba8       0x30 CMakeFiles/SmartSwitch.dir/home/pi/pico/pico-sdk/src/rp2_common/hardware_gpio/gpio.c.obj
                0x10000ba8                gpio_set_function
 .text.gpio_set_pulls
                0x10000bd8       0x34 CMakeFiles/SmartSwitch.dir/home/pi/pico/pico-sdk/src/rp2_common/hardware_gpio/gpio.c.obj
                0x10000bd8                gpio_set_pulls
 .text.gpio_set_input_enabled
                0x10000c0c       0x30 CMakeFiles/SmartSwitch.dir/home/pi/pico/pico-sdk/src/rp2_common/hardware_gpio/gpio.c.obj
                0x10000c0c                gpio_set_input_enabled
 .text.gpio_init
                0x10000c3c       0x16 CMakeFiles/SmartSwitch.dir/home/pi/pico/pico-sdk/src/rp2_common/hardware_gpio/gpio.c.obj
                0x10000c3c                gpio_init
 .text.gpio_init_mask
                0x10000c52       0x1e CMakeFiles/SmartSwitch.dir/home/pi/pico/pico-sdk/src/rp2_common/hardware_gpio/gpio.c.obj
                0x10000c52                gpio_init_mask
 .text.hw_claim_lock
                0x10000c70       0x18 CMakeFiles/SmartSwitch.dir/home/pi/pico/pico-sdk/src/rp2_common/hardware_claim/claim.c.obj
                0x10000c70                hw_claim_lock
 .text.hw_claim_unlock
                0x10000c88       0x14 CMakeFiles/SmartSwitch.dir/home/pi/pico/pico-sdk/src/rp2_common/hardware_claim/claim.c.obj
                0x10000c88                hw_claim_unlock
 .text.hw_claim_or_assert
                0x10000c9c       0x32 CMakeFiles/SmartSwitch.dir/home/pi/pico/pico-sdk/src/rp2_common/hardware_claim/claim.c.obj
                0x10000c9c                hw_claim_or_assert
 .text.hw_claim_unused_from_range
                0x10000cce       0x50 CMakeFiles/SmartSwitch.dir/home/pi/pico/pico-sdk/src/rp2_common/hardware_claim/claim.c.obj
                0x10000cce                hw_claim_unused_from_range
 *fill*         0x10000d1e        0x2 
 .text.running_on_fpga
                0x10000d20       0x14 CMakeFiles/SmartSwitch.dir/home/pi/pico/pico-sdk/src/rp2_common/pico_platform/platform.c.obj
                0x10000d20                running_on_fpga
 .text.spin_locks_reset
                0x10000d34       0x20 CMakeFiles/SmartSwitch.dir/home/pi/pico/pico-sdk/src/rp2_common/hardware_sync/sync.c.obj
                0x10000d34                spin_locks_reset
 .text.next_striped_spin_lock_num
                0x10000d54       0x1c CMakeFiles/SmartSwitch.dir/home/pi/pico/pico-sdk/src/rp2_common/hardware_sync/sync.c.obj
                0x10000d54                next_striped_spin_lock_num
 .text.spin_lock_claim_unused
                0x10000d70       0x20 CMakeFiles/SmartSwitch.dir/home/pi/pico/pico-sdk/src/rp2_common/hardware_sync/sync.c.obj
                0x10000d70                spin_lock_claim_unused
 .text.alarm_pool_post_alloc_init
                0x10000d90       0x40 CMakeFiles/SmartSwitch.dir/home/pi/pico/pico-sdk/src/common/pico_time/time.c.obj
 .text.sleep_until_callback
                0x10000dd0       0x30 CMakeFiles/SmartSwitch.dir/home/pi/pico/pico-sdk/src/common/pico_time/time.c.obj
 .text.timer_pool_entry_comparator
                0x10000e00       0x7c CMakeFiles/SmartSwitch.dir/home/pi/pico/pico-sdk/src/common/pico_time/time.c.obj
                0x10000e00                timer_pool_entry_comparator
 .text.ph_add_child_node
                0x10000e7c       0xa4 CMakeFiles/SmartSwitch.dir/home/pi/pico/pico-sdk/src/common/pico_time/time.c.obj
 .text.ph_merge_nodes
                0x10000f20       0x3a CMakeFiles/SmartSwitch.dir/home/pi/pico/pico-sdk/src/common/pico_time/time.c.obj
 *fill*         0x10000f5a        0x2 
 .text.add_alarm_under_lock
                0x10000f5c      0x180 CMakeFiles/SmartSwitch.dir/home/pi/pico/pico-sdk/src/common/pico_time/time.c.obj
 .text.alarm_pool_alarm_callback
                0x100010dc      0x344 CMakeFiles/SmartSwitch.dir/home/pi/pico/pico-sdk/src/common/pico_time/time.c.obj
 .text.alarm_pool_init_default
                0x10001420       0x38 CMakeFiles/SmartSwitch.dir/home/pi/pico/pico-sdk/src/common/pico_time/time.c.obj
                0x10001420                alarm_pool_init_default
 .text.alarm_pool_get_default
                0x10001458       0x2c CMakeFiles/SmartSwitch.dir/home/pi/pico/pico-sdk/src/common/pico_time/time.c.obj
                0x10001458                alarm_pool_get_default
 .text.alarm_pool_add_alarm_at
                0x10001484      0x168 CMakeFiles/SmartSwitch.dir/home/pi/pico/pico-sdk/src/common/pico_time/time.c.obj
                0x10001484                alarm_pool_add_alarm_at
 .text.alarm_pool_cancel_alarm
                0x100015ec       0xec CMakeFiles/SmartSwitch.dir/home/pi/pico/pico-sdk/src/common/pico_time/time.c.obj
                0x100015ec                alarm_pool_cancel_alarm
 .text.sleep_until
                0x100016d8       0xfc CMakeFiles/SmartSwitch.dir/home/pi/pico/pico-sdk/src/common/pico_time/time.c.obj
                0x100016d8                sleep_until
 .text.sleep_us
                0x100017d4       0x54 CMakeFiles/SmartSwitch.dir/home/pi/pico/pico-sdk/src/common/pico_time/time.c.obj
                0x100017d4                sleep_us
 .text.sleep_ms
                0x10001828       0x14 CMakeFiles/SmartSwitch.dir/home/pi/pico/pico-sdk/src/common/pico_time/time.c.obj
                0x10001828                sleep_ms
 .text.best_effort_wfe_or_timeout
                0x1000183c       0x80 CMakeFiles/SmartSwitch.dir/home/pi/pico/pico-sdk/src/common/pico_time/time.c.obj
                0x1000183c                best_effort_wfe_or_timeout
 .text.hardware_alarm_irq_handler
                0x100018bc       0x8c CMakeFiles/SmartSwitch.dir/home/pi/pico/pico-sdk/src/rp2_common/hardware_timer/timer.c.obj
 .text.hardware_alarm_claim
                0x10001948       0x18 CMakeFiles/SmartSwitch.dir/home/pi/pico/pico-sdk/src/rp2_common/hardware_timer/timer.c.obj
                0x10001948                hardware_alarm_claim
 .text.time_us_64
                0x10001960       0x18 CMakeFiles/SmartSwitch.dir/home/pi/pico/pico-sdk/src/rp2_common/hardware_timer/timer.c.obj
                0x10001960                time_us_64
 .text.busy_wait_until
                0x10001978       0x28 CMakeFiles/SmartSwitch.dir/home/pi/pico/pico-sdk/src/rp2_common/hardware_timer/timer.c.obj
                0x10001978                busy_wait_until
 .text.busy_wait_us
                0x100019a0       0x48 CMakeFiles/SmartSwitch.dir/home/pi/pico/pico-sdk/src/rp2_common/hardware_timer/timer.c.obj
                0x100019a0                busy_wait_us
 .text.hardware_alarm_set_callback
                0x100019e8       0x90 CMakeFiles/SmartSwitch.dir/home/pi/pico/pico-sdk/src/rp2_common/hardware_timer/timer.c.obj
                0x100019e8                hardware_alarm_set_callback
 .text.hardware_alarm_set_target
                0x10001a78       0xe8 CMakeFiles/SmartSwitch.dir/home/pi/pico/pico-sdk/src/rp2_common/hardware_timer/timer.c.obj
                0x10001a78                hardware_alarm_set_target
 .text.hardware_alarm_cancel
                0x10001b60       0x40 CMakeFiles/SmartSwitch.dir/home/pi/pico/pico-sdk/src/rp2_common/hardware_timer/timer.c.obj
                0x10001b60                hardware_alarm_cancel
 .text.lock_init
                0x10001ba0       0x10 CMakeFiles/SmartSwitch.dir/home/pi/pico/pico-sdk/src/common/pico_sync/lock_core.c.obj
                0x10001ba0                lock_init
 .text.mutex_init
                0x10001bb0       0x1a CMakeFiles/SmartSwitch.dir/home/pi/pico/pico-sdk/src/common/pico_sync/mutex.c.obj
                0x10001bb0                mutex_init
 .text.recursive_mutex_init
                0x10001bca       0x1e CMakeFiles/SmartSwitch.dir/home/pi/pico/pico-sdk/src/common/pico_sync/mutex.c.obj
                0x10001bca                recursive_mutex_init
 .text.critical_section_init_with_lock_num
                0x10001be8       0x14 CMakeFiles/SmartSwitch.dir/home/pi/pico/pico-sdk/src/common/pico_sync/critical_section.c.obj
                0x10001be8                critical_section_init_with_lock_num
 .text.critical_section_init
                0x10001bfc       0x14 CMakeFiles/SmartSwitch.dir/home/pi/pico/pico-sdk/src/common/pico_sync/critical_section.c.obj
                0x10001bfc                critical_section_init
 .text.ph_add_child_node
                0x10001c10       0xa4 CMakeFiles/SmartSwitch.dir/home/pi/pico/pico-sdk/src/common/pico_util/pheap.c.obj
 .text.ph_merge_nodes
                0x10001cb4       0x3a CMakeFiles/SmartSwitch.dir/home/pi/pico/pico-sdk/src/common/pico_util/pheap.c.obj
 *fill*         0x10001cee        0x2 
 .text.ph_clear
                0x10001cf0       0x70 CMakeFiles/SmartSwitch.dir/home/pi/pico/pico-sdk/src/common/pico_util/pheap.c.obj
                0x10001cf0                ph_clear
 .text.ph_post_alloc_init
                0x10001d60        0xe CMakeFiles/SmartSwitch.dir/home/pi/pico/pico-sdk/src/common/pico_util/pheap.c.obj
                0x10001d60                ph_post_alloc_init
 *fill*         0x10001d6e        0x2 
 .text.ph_merge_two_pass
                0x10001d70       0xac CMakeFiles/SmartSwitch.dir/home/pi/pico/pico-sdk/src/common/pico_util/pheap.c.obj
                0x10001d70                ph_merge_two_pass
 .text.ph_remove_any_head
                0x10001e1c      0x108 CMakeFiles/SmartSwitch.dir/home/pi/pico/pico-sdk/src/common/pico_util/pheap.c.obj
 .text.ph_remove_head
                0x10001f24       0x14 CMakeFiles/SmartSwitch.dir/home/pi/pico/pico-sdk/src/common/pico_util/pheap.c.obj
                0x10001f24                ph_remove_head
 .text.ph_remove_and_free_node
                0x10001f38       0xf8 CMakeFiles/SmartSwitch.dir/home/pi/pico/pico-sdk/src/common/pico_util/pheap.c.obj
                0x10001f38                ph_remove_and_free_node
 .text._exit    0x10002030        0x4 CMakeFiles/SmartSwitch.dir/home/pi/pico/pico-sdk/src/rp2_common/pico_runtime/runtime.c.obj
                0x10002030                _exit
 .text.exit     0x10002034        0x6 CMakeFiles/SmartSwitch.dir/home/pi/pico/pico-sdk/src/rp2_common/pico_runtime/runtime.c.obj
                0x10002034                exit
 *fill*         0x1000203a        0x2 
 .text.__assert_func
                0x1000203c       0x3c CMakeFiles/SmartSwitch.dir/home/pi/pico/pico-sdk/src/rp2_common/pico_runtime/runtime.c.obj
                0x1000203c                __assert_func
 .text.runtime_init
                0x10002078       0xf8 CMakeFiles/SmartSwitch.dir/home/pi/pico/pico-sdk/src/rp2_common/pico_runtime/runtime.c.obj
                0x10002078                runtime_init
 .text.panic    0x10002170       0x30 CMakeFiles/SmartSwitch.dir/home/pi/pico/pico-sdk/src/rp2_common/pico_runtime/runtime.c.obj
                0x10002170                panic
 .text.clock_configure
                0x100021a0       0xfc CMakeFiles/SmartSwitch.dir/home/pi/pico/pico-sdk/src/rp2_common/hardware_clocks/clocks.c.obj
                0x100021a0                clock_configure
 .text.clocks_init
                0x1000229c      0x100 CMakeFiles/SmartSwitch.dir/home/pi/pico/pico-sdk/src/rp2_common/hardware_clocks/clocks.c.obj
                0x1000229c                clocks_init
 .text.set_raw_irq_handler_and_unlock
                0x1000239c       0x28 CMakeFiles/SmartSwitch.dir/home/pi/pico/pico-sdk/src/rp2_common/hardware_irq/irq.c.obj
 .text.make_branch
                0x100023c4       0x48 CMakeFiles/SmartSwitch.dir/home/pi/pico/pico-sdk/src/rp2_common/hardware_irq/irq.c.obj
 .text.insert_branch_and_link
                0x1000240c       0x40 CMakeFiles/SmartSwitch.dir/home/pi/pico/pico-sdk/src/rp2_common/hardware_irq/irq.c.obj
 .text.irq_is_enabled
                0x1000244c       0x18 CMakeFiles/SmartSwitch.dir/home/pi/pico/pico-sdk/src/rp2_common/hardware_irq/irq.c.obj
                0x1000244c                irq_is_enabled
 .text.irq_set_mask_enabled
                0x10002464       0x20 CMakeFiles/SmartSwitch.dir/home/pi/pico/pico-sdk/src/rp2_common/hardware_irq/irq.c.obj
                0x10002464                irq_set_mask_enabled
 .text.irq_set_enabled
                0x10002484        0xe CMakeFiles/SmartSwitch.dir/home/pi/pico/pico-sdk/src/rp2_common/hardware_irq/irq.c.obj
                0x10002484                irq_set_enabled
 *fill*         0x10002492        0x2 
 .text.irq_set_pending
                0x10002494       0x10 CMakeFiles/SmartSwitch.dir/home/pi/pico/pico-sdk/src/rp2_common/hardware_irq/irq.c.obj
                0x10002494                irq_set_pending
 .text.irq_get_vtable_handler
                0x100024a4       0x10 CMakeFiles/SmartSwitch.dir/home/pi/pico/pico-sdk/src/rp2_common/hardware_irq/irq.c.obj
                0x100024a4                irq_get_vtable_handler
 .text.irq_set_exclusive_handler
                0x100024b4       0x54 CMakeFiles/SmartSwitch.dir/home/pi/pico/pico-sdk/src/rp2_common/hardware_irq/irq.c.obj
                0x100024b4                irq_set_exclusive_handler
 .text.irq_remove_handler
                0x10002508      0x1ac CMakeFiles/SmartSwitch.dir/home/pi/pico/pico-sdk/src/rp2_common/hardware_irq/irq.c.obj
                0x10002508                irq_remove_handler
 .text.irq_add_tail_to_free_list
                0x100026b4       0xf0 CMakeFiles/SmartSwitch.dir/home/pi/pico/pico-sdk/src/rp2_common/hardware_irq/irq.c.obj
                0x100026b4                irq_add_tail_to_free_list
 .text.irq_init_priorities
                0x100027a4       0x1c CMakeFiles/SmartSwitch.dir/home/pi/pico/pico-sdk/src/rp2_common/hardware_irq/irq.c.obj
                0x100027a4                irq_init_priorities
 .text.pll_init
                0x100027c0      0x11c CMakeFiles/SmartSwitch.dir/home/pi/pico/pico-sdk/src/rp2_common/hardware_pll/pll.c.obj
                0x100027c0                pll_init
 .text.watchdog_start_tick
                0x100028dc       0x10 CMakeFiles/SmartSwitch.dir/home/pi/pico/pico-sdk/src/rp2_common/hardware_watchdog/watchdog.c.obj
                0x100028dc                watchdog_start_tick
 .text.watchdog_update
                0x100028ec       0x14 CMakeFiles/SmartSwitch.dir/home/pi/pico/pico-sdk/src/rp2_common/hardware_watchdog/watchdog.c.obj
                0x100028ec                watchdog_update
 .text._watchdog_enable
                0x10002900       0x74 CMakeFiles/SmartSwitch.dir/home/pi/pico/pico-sdk/src/rp2_common/hardware_watchdog/watchdog.c.obj
                0x10002900                _watchdog_enable
 .text.watchdog_reboot
                0x10002974       0x44 CMakeFiles/SmartSwitch.dir/home/pi/pico/pico-sdk/src/rp2_common/hardware_watchdog/watchdog.c.obj
                0x10002974                watchdog_reboot
 .text.xosc_init
                0x100029b8       0x28 CMakeFiles/SmartSwitch.dir/home/pi/pico/pico-sdk/src/rp2_common/hardware_xosc/xosc.c.obj
                0x100029b8                xosc_init
 .text._out_null
                0x100029e0        0x2 CMakeFiles/SmartSwitch.dir/home/pi/pico/pico-sdk/src/rp2_common/pico_printf/printf.c.obj
 .text._out_fct
                0x100029e2        0xe CMakeFiles/SmartSwitch.dir/home/pi/pico/pico-sdk/src/rp2_common/pico_printf/printf.c.obj
 .text._atoi    0x100029f0       0x24 CMakeFiles/SmartSwitch.dir/home/pi/pico/pico-sdk/src/rp2_common/pico_printf/printf.c.obj
 .text._out_rev
                0x10002a14       0x8c CMakeFiles/SmartSwitch.dir/home/pi/pico/pico-sdk/src/rp2_common/pico_printf/printf.c.obj
 .text._ntoa_format
                0x10002aa0      0x112 CMakeFiles/SmartSwitch.dir/home/pi/pico/pico-sdk/src/rp2_common/pico_printf/printf.c.obj
 .text._ntoa_long
                0x10002bb2       0x9e CMakeFiles/SmartSwitch.dir/home/pi/pico/pico-sdk/src/rp2_common/pico_printf/printf.c.obj
 .text._ntoa_long_long
                0x10002c50       0xe2 CMakeFiles/SmartSwitch.dir/home/pi/pico/pico-sdk/src/rp2_common/pico_printf/printf.c.obj
 *fill*         0x10002d32        0x2 
 .text._etoa    0x10002d34      0x424 CMakeFiles/SmartSwitch.dir/home/pi/pico/pico-sdk/src/rp2_common/pico_printf/printf.c.obj
 .text._ftoa    0x10003158      0x340 CMakeFiles/SmartSwitch.dir/home/pi/pico/pico-sdk/src/rp2_common/pico_printf/printf.c.obj
 .text._vsnprintf
                0x10003498      0x640 CMakeFiles/SmartSwitch.dir/home/pi/pico/pico-sdk/src/rp2_common/pico_printf/printf.c.obj
 .text.vfctprintf
                0x10003ad8       0x20 CMakeFiles/SmartSwitch.dir/home/pi/pico/pico-sdk/src/rp2_common/pico_printf/printf.c.obj
                0x10003ad8                vfctprintf
 .text          0x10003af8       0x10 CMakeFiles/SmartSwitch.dir/home/pi/pico/pico-sdk/src/rp2_common/pico_bit_ops/bit_ops_aeabi.S.obj
 .text.rom_func_lookup
                0x10003b08       0x10 CMakeFiles/SmartSwitch.dir/home/pi/pico/pico-sdk/src/rp2_common/pico_bootrom/bootrom.c.obj
                0x10003b08                rom_func_lookup
 .text.rom_data_lookup
                0x10003b18       0x10 CMakeFiles/SmartSwitch.dir/home/pi/pico/pico-sdk/src/rp2_common/pico_bootrom/bootrom.c.obj
                0x10003b18                rom_data_lookup
 .text.rom_funcs_lookup
                0x10003b28       0x36 CMakeFiles/SmartSwitch.dir/home/pi/pico/pico-sdk/src/rp2_common/pico_bootrom/bootrom.c.obj
                0x10003b28                rom_funcs_lookup
 *fill*         0x10003b5e        0x2 
 .text.__wrap___aeabi_idiv
                0x10003b60       0x50 CMakeFiles/SmartSwitch.dir/home/pi/pico/pico-sdk/src/rp2_common/pico_divider/divider.S.obj
                0x10003b60                __wrap___aeabi_idivmod
                0x10003b60                divmod_s32s32
                0x10003b60                div_s32s32
                0x10003b60                __wrap___aeabi_idiv
                0x10003b68                divmod_s32s32_unsafe
                0x10003b94                divmod_s32s32_savestate
 .text.__wrap___aeabi_uidiv
                0x10003bb0       0x4c CMakeFiles/SmartSwitch.dir/home/pi/pico/pico-sdk/src/rp2_common/pico_divider/divider.S.obj
                0x10003bb0                __wrap___aeabi_uidiv
                0x10003bb0                __wrap___aeabi_uidivmod
                0x10003bb0                div_u32u32
                0x10003bb0                divmod_u32u32
                0x10003bb8                divmod_u32u32_unsafe
                0x10003be0                divmod_u32u32_savestate
 .text.__wrap___aeabi_ldiv
                0x10003bfc      0x434 CMakeFiles/SmartSwitch.dir/home/pi/pico/pico-sdk/src/rp2_common/pico_divider/divider.S.obj
                0x10003bfc                div_s64s64
                0x10003bfc                divmod_s64s64
                0x10003bfc                __wrap___aeabi_ldivmod
                0x10003c34                div_u64u64
                0x10003c34                divmod_u64u64
                0x10003c34                __wrap___aeabi_uldivmod
                0x10003c44                divmod_u64u64_savestate
                0x10003c6c                divmod_s64s64_unsafe
                0x10003cf4                divmod_u64u64_unsafe
 .text.__wrap___aeabi_darithmetic
                0x10004030       0x80 CMakeFiles/SmartSwitch.dir/home/pi/pico/pico-sdk/src/rp2_common/pico_double/double_aeabi.S.obj
                0x10004030                __wrap___aeabi_drsub
                0x10004036                __wrap___aeabi_dsub
                0x10004048                __wrap___aeabi_dadd
                0x1000405a                __wrap___aeabi_ddiv
                0x10004096                __wrap___aeabi_dmul
 .text.__wrap___aeabi_cdcmple
                0x100040b0       0x6c CMakeFiles/SmartSwitch.dir/home/pi/pico/pico-sdk/src/rp2_common/pico_double/double_aeabi.S.obj
                0x100040b0                __wrap___aeabi_cdrcmple
                0x100040c0                __wrap___aeabi_cdcmple
                0x100040c0                __wrap___aeabi_cdcmpeq
 .text.__wrap___aeabi_dcmplt
                0x1000411c        0xc CMakeFiles/SmartSwitch.dir/home/pi/pico/pico-sdk/src/rp2_common/pico_double/double_aeabi.S.obj
                0x1000411c                __wrap___aeabi_dcmplt
 .text.__wrap___aeabi_dcmple
                0x10004128       0x10 CMakeFiles/SmartSwitch.dir/home/pi/pico/pico-sdk/src/rp2_common/pico_double/double_aeabi.S.obj
                0x10004128                __wrap___aeabi_dcmple
 .text.__wrap___aeabi_dcmpge
                0x10004138       0x10 CMakeFiles/SmartSwitch.dir/home/pi/pico/pico-sdk/src/rp2_common/pico_double/double_aeabi.S.obj
                0x10004138                __wrap___aeabi_dcmpge
 .text.__wrap___aeabi_dcmpgt
                0x10004148        0xa CMakeFiles/SmartSwitch.dir/home/pi/pico/pico-sdk/src/rp2_common/pico_double/double_aeabi.S.obj
                0x10004148                __wrap___aeabi_dcmpgt
 .text.__wrap___aeabi_dcmpun
                0x10004152       0x1c CMakeFiles/SmartSwitch.dir/home/pi/pico/pico-sdk/src/rp2_common/pico_double/double_aeabi.S.obj
                0x10004152                __wrap___aeabi_dcmpun
 *fill*         0x1000416e        0x2 
 .text.__wrap___aeabi_i2d
                0x10004170       0x38 CMakeFiles/SmartSwitch.dir/home/pi/pico/pico-sdk/src/rp2_common/pico_double/double_aeabi.S.obj
                0x10004170                __wrap___aeabi_ui2d
                0x10004178                __wrap___aeabi_i2d
 .text.__wrap___aeabi_d2iz
                0x100041a8       0x48 CMakeFiles/SmartSwitch.dir/home/pi/pico/pico-sdk/src/rp2_common/pico_double/double_aeabi.S.obj
                0x100041a8                __wrap___aeabi_d2iz
                0x100041a8                double2int_z
 .text.__wrap___aeabi_d2uiz
                0x100041f0       0x18 CMakeFiles/SmartSwitch.dir/home/pi/pico/pico-sdk/src/rp2_common/pico_double/double_aeabi.S.obj
                0x100041f0                double2uint
                0x100041f0                __wrap___aeabi_d2uiz
 .text.__wrap___aeabi_d2f
                0x10004208       0x18 CMakeFiles/SmartSwitch.dir/home/pi/pico/pico-sdk/src/rp2_common/pico_double/double_aeabi.S.obj
                0x10004208                __wrap___aeabi_d2f
 .text.__aeabi_double_init
                0x10004220       0xc8 CMakeFiles/SmartSwitch.dir/home/pi/pico/pico-sdk/src/rp2_common/pico_double/double_init_rom.c.obj
                0x10004220                __aeabi_double_init
 .text.double_table_shim_on_use_helper
                0x100042e8       0x34 CMakeFiles/SmartSwitch.dir/home/pi/pico/pico-sdk/src/rp2_common/pico_double/double_v1_rom_shim.S.obj
                0x100042e8                double_table_shim_on_use_helper
 .text.__wrap___aeabi_dsub
                0x1000431c       0x10 CMakeFiles/SmartSwitch.dir/home/pi/pico/pico-sdk/src/rp2_common/pico_double/double_v1_rom_shim.S.obj
                0x1000431c                drsub_shim
                0x10004322                dsub_shim
 .text.dadd_shim
                0x1000432c      0x15c CMakeFiles/SmartSwitch.dir/home/pi/pico/pico-sdk/src/rp2_common/pico_double/double_v1_rom_shim.S.obj
                0x1000432c                dadd_shim
 .text.dmul_shim
                0x10004488      0x15c CMakeFiles/SmartSwitch.dir/home/pi/pico/pico-sdk/src/rp2_common/pico_double/double_v1_rom_shim.S.obj
                0x10004488                dmul_shim
 .text.ddiv_shim
                0x100045e4      0x1b0 CMakeFiles/SmartSwitch.dir/home/pi/pico/pico-sdk/src/rp2_common/pico_double/double_v1_rom_shim.S.obj
                0x100045e4                ddiv_shim
 .text.double2uint_shim
                0x10004794        0xe CMakeFiles/SmartSwitch.dir/home/pi/pico/pico-sdk/src/rp2_common/pico_double/double_v1_rom_shim.S.obj
                0x10004794                double2uint_shim
                0x10004796                double2ufix_shim
 *fill*         0x100047a2        0x2 
 .text.double2uint64_shim
                0x100047a4       0x70 CMakeFiles/SmartSwitch.dir/home/pi/pico/pico-sdk/src/rp2_common/pico_double/double_v1_rom_shim.S.obj
                0x100047a4                double2uint64_shim
                0x100047a6                double2ufix64_shim
                0x100047c6                d2fix_a
 .text.double2float_shim
                0x10004814       0x5c CMakeFiles/SmartSwitch.dir/home/pi/pico/pico-sdk/src/rp2_common/pico_double/double_v1_rom_shim.S.obj
                0x10004814                double2float_shim
 .text.dunpacks
                0x10004870       0x3c CMakeFiles/SmartSwitch.dir/home/pi/pico/pico-sdk/src/rp2_common/pico_double/double_v1_rom_shim.S.obj
                0x10004870                dunpacks
 .text.__aeabi_lmul
                0x100048ac       0x32 CMakeFiles/SmartSwitch.dir/home/pi/pico/pico-sdk/src/rp2_common/pico_int64_ops/pico_int64_ops_aeabi.S.obj
                0x100048ac                __wrap___aeabi_lmul
 *fill*         0x100048de        0x2 
 .text.__wrap___aeabi_farithmetic
                0x100048e0       0x58 CMakeFiles/SmartSwitch.dir/home/pi/pico/pico-sdk/src/rp2_common/pico_float/float_aeabi.S.obj
                0x100048e0                __wrap___aeabi_frsub
                0x100048e6                __wrap___aeabi_fsub
                0x100048f0                __wrap___aeabi_fadd
                0x100048fa                __wrap___aeabi_fdiv
                0x10004926                __wrap___aeabi_fmul
 .text.__wrap___aeabi_cfcmple
                0x10004938       0x50 CMakeFiles/SmartSwitch.dir/home/pi/pico/pico-sdk/src/rp2_common/pico_float/float_aeabi.S.obj
                0x10004938                __wrap___aeabi_cfrcmple
                0x10004944                __wrap___aeabi_cfcmpeq
                0x10004944                __wrap___aeabi_cfcmple
 .text.__wrap___aeabi_fcmpgt
                0x10004988        0xa CMakeFiles/SmartSwitch.dir/home/pi/pico/pico-sdk/src/rp2_common/pico_float/float_aeabi.S.obj
                0x10004988                __wrap___aeabi_fcmpgt
 .text.__wrap___aeabi_ui2f
                0x10004992        0xa CMakeFiles/SmartSwitch.dir/home/pi/pico/pico-sdk/src/rp2_common/pico_float/float_aeabi.S.obj
                0x10004992                __wrap___aeabi_ui2f
 .text.__wrap___aeabi_i2f
                0x1000499c       0x44 CMakeFiles/SmartSwitch.dir/home/pi/pico/pico-sdk/src/rp2_common/pico_float/float_aeabi.S.obj
                0x1000499c                __wrap___aeabi_i2f
 .text.__wrap___aeabi_f2iz
                0x100049e0       0x4e CMakeFiles/SmartSwitch.dir/home/pi/pico/pico-sdk/src/rp2_common/pico_float/float_aeabi.S.obj
                0x100049e0                __wrap___aeabi_f2iz
                0x100049e0                float2int_z
 *fill*         0x10004a2e        0x2 
 .text.float2int
                0x10004a30       0x14 CMakeFiles/SmartSwitch.dir/home/pi/pico/pico-sdk/src/rp2_common/pico_float/float_aeabi.S.obj
                0x10004a30                float2int
 .text.__wrap___aeabi_f2uiz
                0x10004a44       0x10 CMakeFiles/SmartSwitch.dir/home/pi/pico/pico-sdk/src/rp2_common/pico_float/float_aeabi.S.obj
                0x10004a44                __wrap___aeabi_f2uiz
 .text.__wrap___aeabi_f2d
                0x10004a54       0x14 CMakeFiles/SmartSwitch.dir/home/pi/pico/pico-sdk/src/rp2_common/pico_float/float_aeabi.S.obj
                0x10004a54                __wrap___aeabi_f2d
 .text.__aeabi_float_init
                0x10004a68       0xfc CMakeFiles/SmartSwitch.dir/home/pi/pico/pico-sdk/src/rp2_common/pico_float/float_init_rom.c.obj
                0x10004a68                __aeabi_float_init
 .text.float_table_shim_on_use_helper
                0x10004b64       0x34 CMakeFiles/SmartSwitch.dir/home/pi/pico/pico-sdk/src/rp2_common/pico_float/float_v1_rom_shim.S.obj
                0x10004b64                float_table_shim_on_use_helper
 .text.float232_shims
                0x10004b98       0x18 CMakeFiles/SmartSwitch.dir/home/pi/pico/pico-sdk/src/rp2_common/pico_float/float_v1_rom_shim.S.obj
                0x10004b98                float2int_shim
                0x10004b9a                float2fix_shim
 .text.float2double_shim
                0x10004bb0       0x30 CMakeFiles/SmartSwitch.dir/home/pi/pico/pico-sdk/src/rp2_common/pico_float/float_v1_rom_shim.S.obj
                0x10004bb0                float2double_shim
 .text          0x10004be0       0x10 CMakeFiles/SmartSwitch.dir/home/pi/pico/pico-sdk/src/rp2_common/pico_mem_ops/mem_ops_aeabi.S.obj
                0x10004be0                __aeabi_mem_init
 .text.memset   0x10004bf0        0xc CMakeFiles/SmartSwitch.dir/home/pi/pico/pico-sdk/src/rp2_common/pico_mem_ops/mem_ops_aeabi.S.obj
                0x10004bf0                __wrap_memset
 .text.memcpy   0x10004bfc        0xc CMakeFiles/SmartSwitch.dir/home/pi/pico/pico-sdk/src/rp2_common/pico_mem_ops/mem_ops_aeabi.S.obj
                0x10004bfc                __wrap___aeabi_memcpy
                0x10004bfc                __wrap_memcpy
 .text.stdio_out_chars_no_crlf
                0x10004c08        0xe CMakeFiles/SmartSwitch.dir/home/pi/pico/pico-sdk/src/rp2_common/pico_stdio/stdio.c.obj
 *fill*         0x10004c16        0x2 
 .text.stdio_out_chars_crlf
                0x10004c18       0x80 CMakeFiles/SmartSwitch.dir/home/pi/pico/pico-sdk/src/rp2_common/pico_stdio/stdio.c.obj
 .text.stdio_stack_buffer_flush
                0x10004c98       0x44 CMakeFiles/SmartSwitch.dir/home/pi/pico/pico-sdk/src/rp2_common/pico_stdio/stdio.c.obj
 .text.stdio_buffered_printer
                0x10004cdc       0x20 CMakeFiles/SmartSwitch.dir/home/pi/pico/pico-sdk/src/rp2_common/pico_stdio/stdio.c.obj
 .text.stdio_get_until
                0x10004cfc       0x7c CMakeFiles/SmartSwitch.dir/home/pi/pico/pico-sdk/src/rp2_common/pico_stdio/stdio.c.obj
 .text.stdout_serialize_begin
                0x10004d78       0x30 CMakeFiles/SmartSwitch.dir/home/pi/pico/pico-sdk/src/rp2_common/pico_stdio/stdio.c.obj
                0x10004d78                stdout_serialize_begin
 .text.stdout_serialize_end
                0x10004da8       0x10 CMakeFiles/SmartSwitch.dir/home/pi/pico/pico-sdk/src/rp2_common/pico_stdio/stdio.c.obj
                0x10004da8                stdout_serialize_end
 .text.stdio_put_string
                0x10004db8       0x94 CMakeFiles/SmartSwitch.dir/home/pi/pico/pico-sdk/src/rp2_common/pico_stdio/stdio.c.obj
 .text.__wrap_putchar
                0x10004e4c       0x1c CMakeFiles/SmartSwitch.dir/home/pi/pico/pico-sdk/src/rp2_common/pico_stdio/stdio.c.obj
                0x10004e4c                __wrap_putchar
 .text.stdio_set_driver_enabled
                0x10004e68       0x2c CMakeFiles/SmartSwitch.dir/home/pi/pico/pico-sdk/src/rp2_common/pico_stdio/stdio.c.obj
                0x10004e68                stdio_set_driver_enabled
 .text.stdio_flush
                0x10004e94       0x20 CMakeFiles/SmartSwitch.dir/home/pi/pico/pico-sdk/src/rp2_common/pico_stdio/stdio.c.obj
                0x10004e94                stdio_flush
 .text.__wrap_puts
                0x10004eb4       0x1e CMakeFiles/SmartSwitch.dir/home/pi/pico/pico-sdk/src/rp2_common/pico_stdio/stdio.c.obj
                0x10004eb4                __wrap_puts
 *fill*         0x10004ed2        0x2 
 .text.__wrap_vprintf
                0x10004ed4       0x44 CMakeFiles/SmartSwitch.dir/home/pi/pico/pico-sdk/src/rp2_common/pico_stdio/stdio.c.obj
                0x10004ed4                __wrap_vprintf
 .text.__wrap_printf
                0x10004f18       0x18 CMakeFiles/SmartSwitch.dir/home/pi/pico/pico-sdk/src/rp2_common/pico_stdio/stdio.c.obj
                0x10004f18                __wrap_printf
 .text.stdio_init_all
                0x10004f30        0x8 CMakeFiles/SmartSwitch.dir/home/pi/pico/pico-sdk/src/rp2_common/pico_stdio/stdio.c.obj
                0x10004f30                stdio_init_all
 .text.getchar_timeout_us
                0x10004f38       0x80 CMakeFiles/SmartSwitch.dir/home/pi/pico/pico-sdk/src/rp2_common/pico_stdio/stdio.c.obj
                0x10004f38                getchar_timeout_us
 .text.resetd_init
                0x10004fb8        0x2 CMakeFiles/SmartSwitch.dir/home/pi/pico/pico-sdk/src/rp2_common/pico_stdio_usb/reset_interface.c.obj
 *fill*         0x10004fba        0x2 
 .text.resetd_reset
                0x10004fbc        0xc CMakeFiles/SmartSwitch.dir/home/pi/pico/pico-sdk/src/rp2_common/pico_stdio_usb/reset_interface.c.obj
 .text.resetd_open
                0x10004fc8       0x34 CMakeFiles/SmartSwitch.dir/home/pi/pico/pico-sdk/src/rp2_common/pico_stdio_usb/reset_interface.c.obj
 .text.resetd_xfer_cb
                0x10004ffc        0x4 CMakeFiles/SmartSwitch.dir/home/pi/pico/pico-sdk/src/rp2_common/pico_stdio_usb/reset_interface.c.obj
 .text.resetd_control_xfer_cb
                0x10005000       0x6c CMakeFiles/SmartSwitch.dir/home/pi/pico/pico-sdk/src/rp2_common/pico_stdio_usb/reset_interface.c.obj
 .text.usbd_app_driver_get_cb
                0x1000506c        0xc CMakeFiles/SmartSwitch.dir/home/pi/pico/pico-sdk/src/rp2_common/pico_stdio_usb/reset_interface.c.obj
                0x1000506c                usbd_app_driver_get_cb
 .text.tud_cdc_line_coding_cb
                0x10005078       0x34 CMakeFiles/SmartSwitch.dir/home/pi/pico/pico-sdk/src/rp2_common/pico_stdio_usb/reset_interface.c.obj
                0x10005078                tud_cdc_line_coding_cb
 .text.stdio_usb_in_chars
                0x100050ac       0x70 CMakeFiles/SmartSwitch.dir/home/pi/pico/pico-sdk/src/rp2_common/pico_stdio_usb/stdio_usb.c.obj
                0x100050ac                stdio_usb_in_chars
 .text.low_priority_worker_irq
                0x1000511c       0x20 CMakeFiles/SmartSwitch.dir/home/pi/pico/pico-sdk/src/rp2_common/pico_stdio_usb/stdio_usb.c.obj
 .text.stdio_usb_out_chars
                0x1000513c       0xd4 CMakeFiles/SmartSwitch.dir/home/pi/pico/pico-sdk/src/rp2_common/pico_stdio_usb/stdio_usb.c.obj
 .text.timer_task
                0x10005210       0x10 CMakeFiles/SmartSwitch.dir/home/pi/pico/pico-sdk/src/rp2_common/pico_stdio_usb/stdio_usb.c.obj
 .text.stdio_usb_init
                0x10005220       0xb4 CMakeFiles/SmartSwitch.dir/home/pi/pico/pico-sdk/src/rp2_common/pico_stdio_usb/stdio_usb.c.obj
                0x10005220                stdio_usb_init
 .text.tud_descriptor_device_cb
                0x100052d4        0x8 CMakeFiles/SmartSwitch.dir/home/pi/pico/pico-sdk/src/rp2_common/pico_stdio_usb/stdio_usb_descriptors.c.obj
                0x100052d4                tud_descriptor_device_cb
 .text.tud_descriptor_configuration_cb
                0x100052dc        0x8 CMakeFiles/SmartSwitch.dir/home/pi/pico/pico-sdk/src/rp2_common/pico_stdio_usb/stdio_usb_descriptors.c.obj
                0x100052dc                tud_descriptor_configuration_cb
 .text.tud_descriptor_string_cb
                0x100052e4       0x68 CMakeFiles/SmartSwitch.dir/home/pi/pico/pico-sdk/src/rp2_common/pico_stdio_usb/stdio_usb_descriptors.c.obj
                0x100052e4                tud_descriptor_string_cb
 .text.hw_endpoint_get_by_addr
                0x1000534c       0x18 CMakeFiles/SmartSwitch.dir/home/pi/pico/pico-sdk/lib/tinyusb/src/portable/raspberrypi/rp2040/dcd_rp2040.c.obj
 .text.reset_ep0_pid
                0x10005364       0x28 CMakeFiles/SmartSwitch.dir/home/pi/pico/pico-sdk/lib/tinyusb/src/portable/raspberrypi/rp2040/dcd_rp2040.c.obj
 .text._hw_endpoint_alloc
                0x1000538c       0x70 CMakeFiles/SmartSwitch.dir/home/pi/pico/pico-sdk/lib/tinyusb/src/portable/raspberrypi/rp2040/dcd_rp2040.c.obj
 .text.hw_endpoint_init
                0x100053fc       0x88 CMakeFiles/SmartSwitch.dir/home/pi/pico/pico-sdk/lib/tinyusb/src/portable/raspberrypi/rp2040/dcd_rp2040.c.obj
 .text.reset_non_control_endpoints
                0x10005484       0x40 CMakeFiles/SmartSwitch.dir/home/pi/pico/pico-sdk/lib/tinyusb/src/portable/raspberrypi/rp2040/dcd_rp2040.c.obj
 .text.hw_handle_buff_status
                0x100054c4       0x8c CMakeFiles/SmartSwitch.dir/home/pi/pico/pico-sdk/lib/tinyusb/src/portable/raspberrypi/rp2040/dcd_rp2040.c.obj
 .text.dcd_rp2040_irq
                0x10005550       0xbc CMakeFiles/SmartSwitch.dir/home/pi/pico/pico-sdk/lib/tinyusb/src/portable/raspberrypi/rp2040/dcd_rp2040.c.obj
 .text.hw_endpoint_xfer
                0x1000560c       0x14 CMakeFiles/SmartSwitch.dir/home/pi/pico/pico-sdk/lib/tinyusb/src/portable/raspberrypi/rp2040/dcd_rp2040.c.obj
 .text.dcd_int_enable
                0x10005620       0x2c CMakeFiles/SmartSwitch.dir/home/pi/pico/pico-sdk/lib/tinyusb/src/portable/raspberrypi/rp2040/dcd_rp2040.c.obj
                0x10005620                dcd_int_enable
 .text.dcd_set_address
                0x1000564c       0x2c CMakeFiles/SmartSwitch.dir/home/pi/pico/pico-sdk/lib/tinyusb/src/portable/raspberrypi/rp2040/dcd_rp2040.c.obj
                0x1000564c                dcd_set_address
 .text.dcd_connect
                0x10005678       0x10 CMakeFiles/SmartSwitch.dir/home/pi/pico/pico-sdk/lib/tinyusb/src/portable/raspberrypi/rp2040/dcd_rp2040.c.obj
                0x10005678                dcd_connect
 .text.dcd_init
                0x10005688       0x7c CMakeFiles/SmartSwitch.dir/home/pi/pico/pico-sdk/lib/tinyusb/src/portable/raspberrypi/rp2040/dcd_rp2040.c.obj
                0x10005688                dcd_init
 .text.dcd_edpt0_status_complete
                0x10005704       0x1c CMakeFiles/SmartSwitch.dir/home/pi/pico/pico-sdk/lib/tinyusb/src/portable/raspberrypi/rp2040/dcd_rp2040.c.obj
                0x10005704                dcd_edpt0_status_complete
 .text.dcd_edpt_open
                0x10005720       0x40 CMakeFiles/SmartSwitch.dir/home/pi/pico/pico-sdk/lib/tinyusb/src/portable/raspberrypi/rp2040/dcd_rp2040.c.obj
                0x10005720                dcd_edpt_open
 .text.dcd_edpt_close_all
                0x10005760        0x8 CMakeFiles/SmartSwitch.dir/home/pi/pico/pico-sdk/lib/tinyusb/src/portable/raspberrypi/rp2040/dcd_rp2040.c.obj
                0x10005760                dcd_edpt_close_all
 .text.dcd_edpt_xfer
                0x10005768       0x30 CMakeFiles/SmartSwitch.dir/home/pi/pico/pico-sdk/lib/tinyusb/src/portable/raspberrypi/rp2040/dcd_rp2040.c.obj
                0x10005768                dcd_edpt_xfer
 .text.dcd_edpt_stall
                0x10005798       0x2c CMakeFiles/SmartSwitch.dir/home/pi/pico/pico-sdk/lib/tinyusb/src/portable/raspberrypi/rp2040/dcd_rp2040.c.obj
                0x10005798                dcd_edpt_stall
 .text.dcd_edpt_clear_stall
                0x100057c4       0x20 CMakeFiles/SmartSwitch.dir/home/pi/pico/pico-sdk/lib/tinyusb/src/portable/raspberrypi/rp2040/dcd_rp2040.c.obj
                0x100057c4                dcd_edpt_clear_stall
 .text.prepare_ep_buffer
                0x100057e4       0x70 CMakeFiles/SmartSwitch.dir/home/pi/pico/pico-sdk/lib/tinyusb/src/portable/raspberrypi/rp2040/rp2040_usb.c.obj
 .text.sync_ep_buffer
                0x10005854       0x7c CMakeFiles/SmartSwitch.dir/home/pi/pico/pico-sdk/lib/tinyusb/src/portable/raspberrypi/rp2040/rp2040_usb.c.obj
 .text._hw_endpoint_xfer_sync
                0x100058d0       0x28 CMakeFiles/SmartSwitch.dir/home/pi/pico/pico-sdk/lib/tinyusb/src/portable/raspberrypi/rp2040/rp2040_usb.c.obj
 .text.rp2040_usb_init
                0x100058f8       0x4c CMakeFiles/SmartSwitch.dir/home/pi/pico/pico-sdk/lib/tinyusb/src/portable/raspberrypi/rp2040/rp2040_usb.c.obj
                0x100058f8                rp2040_usb_init
 .text.hw_endpoint_reset_transfer
                0x10005944        0xc CMakeFiles/SmartSwitch.dir/home/pi/pico/pico-sdk/lib/tinyusb/src/portable/raspberrypi/rp2040/rp2040_usb.c.obj
                0x10005944                hw_endpoint_reset_transfer
 .text._hw_endpoint_buffer_control_update32
                0x10005950       0x58 CMakeFiles/SmartSwitch.dir/home/pi/pico/pico-sdk/lib/tinyusb/src/portable/raspberrypi/rp2040/rp2040_usb.c.obj
                0x10005950                _hw_endpoint_buffer_control_update32
 .text._hw_endpoint_start_next_buffer
                0x100059a8       0x74 CMakeFiles/SmartSwitch.dir/home/pi/pico/pico-sdk/lib/tinyusb/src/portable/raspberrypi/rp2040/rp2040_usb.c.obj
 .text.hw_endpoint_xfer_start
                0x10005a1c       0x48 CMakeFiles/SmartSwitch.dir/home/pi/pico/pico-sdk/lib/tinyusb/src/portable/raspberrypi/rp2040/rp2040_usb.c.obj
                0x10005a1c                hw_endpoint_xfer_start
 .text.hw_endpoint_xfer_continue
                0x10005a64       0x38 CMakeFiles/SmartSwitch.dir/home/pi/pico/pico-sdk/lib/tinyusb/src/portable/raspberrypi/rp2040/rp2040_usb.c.obj
                0x10005a64                hw_endpoint_xfer_continue
 .text.configuration_reset
                0x10005a9c       0x88 CMakeFiles/SmartSwitch.dir/home/pi/pico/pico-sdk/lib/tinyusb/src/device/usbd.c.obj
 .text.usbd_reset
                0x10005b24        0xc CMakeFiles/SmartSwitch.dir/home/pi/pico/pico-sdk/lib/tinyusb/src/device/usbd.c.obj
 .text.invoke_class_control
                0x10005b30       0x1a CMakeFiles/SmartSwitch.dir/home/pi/pico/pico-sdk/lib/tinyusb/src/device/usbd.c.obj
 *fill*         0x10005b4a        0x2 
 .text.process_set_config
                0x10005b4c      0x1ac CMakeFiles/SmartSwitch.dir/home/pi/pico/pico-sdk/lib/tinyusb/src/device/usbd.c.obj
 .text.process_get_descriptor
                0x10005cf8       0xf8 CMakeFiles/SmartSwitch.dir/home/pi/pico/pico-sdk/lib/tinyusb/src/device/usbd.c.obj
 .text.tud_mounted
                0x10005df0       0x10 CMakeFiles/SmartSwitch.dir/home/pi/pico/pico-sdk/lib/tinyusb/src/device/usbd.c.obj
                0x10005df0                tud_mounted
 .text.tud_suspended
                0x10005e00       0x10 CMakeFiles/SmartSwitch.dir/home/pi/pico/pico-sdk/lib/tinyusb/src/device/usbd.c.obj
                0x10005e00                tud_suspended
 .text.tud_inited
                0x10005e10        0xc CMakeFiles/SmartSwitch.dir/home/pi/pico/pico-sdk/lib/tinyusb/src/device/usbd.c.obj
                0x10005e10                tud_inited
 .text.tud_init
                0x10005e1c       0xd0 CMakeFiles/SmartSwitch.dir/home/pi/pico/pico-sdk/lib/tinyusb/src/device/usbd.c.obj
                0x10005e1c                tud_init
 .text.dcd_event_handler
                0x10005eec      0x1e0 CMakeFiles/SmartSwitch.dir/home/pi/pico/pico-sdk/lib/tinyusb/src/device/usbd.c.obj
                0x10005eec                dcd_event_handler
 .text.dcd_event_bus_signal
                0x100060cc       0x28 CMakeFiles/SmartSwitch.dir/home/pi/pico/pico-sdk/lib/tinyusb/src/device/usbd.c.obj
                0x100060cc                dcd_event_bus_signal
 .text.dcd_event_bus_reset
                0x100060f4       0x2c CMakeFiles/SmartSwitch.dir/home/pi/pico/pico-sdk/lib/tinyusb/src/device/usbd.c.obj
                0x100060f4                dcd_event_bus_reset
 .text.dcd_event_setup_received
                0x10006120       0x34 CMakeFiles/SmartSwitch.dir/home/pi/pico/pico-sdk/lib/tinyusb/src/device/usbd.c.obj
                0x10006120                dcd_event_setup_received
 .text.dcd_event_xfer_complete
                0x10006154       0x46 CMakeFiles/SmartSwitch.dir/home/pi/pico/pico-sdk/lib/tinyusb/src/device/usbd.c.obj
                0x10006154                dcd_event_xfer_complete
 *fill*         0x1000619a        0x2 
 .text.usbd_edpt_open
                0x1000619c       0x5c CMakeFiles/SmartSwitch.dir/home/pi/pico/pico-sdk/lib/tinyusb/src/device/usbd.c.obj
                0x1000619c                usbd_edpt_open
 .text.usbd_open_edpt_pair
                0x100061f8       0x84 CMakeFiles/SmartSwitch.dir/home/pi/pico/pico-sdk/lib/tinyusb/src/device/usbd.c.obj
                0x100061f8                usbd_open_edpt_pair
 .text.usbd_edpt_claim
                0x1000627c       0x88 CMakeFiles/SmartSwitch.dir/home/pi/pico/pico-sdk/lib/tinyusb/src/device/usbd.c.obj
                0x1000627c                usbd_edpt_claim
 .text.usbd_edpt_release
                0x10006304       0x68 CMakeFiles/SmartSwitch.dir/home/pi/pico/pico-sdk/lib/tinyusb/src/device/usbd.c.obj
                0x10006304                usbd_edpt_release
 .text.usbd_edpt_xfer
                0x1000636c       0x80 CMakeFiles/SmartSwitch.dir/home/pi/pico/pico-sdk/lib/tinyusb/src/device/usbd.c.obj
                0x1000636c                usbd_edpt_xfer
 .text.usbd_edpt_stall
                0x100063ec       0x40 CMakeFiles/SmartSwitch.dir/home/pi/pico/pico-sdk/lib/tinyusb/src/device/usbd.c.obj
                0x100063ec                usbd_edpt_stall
 .text.usbd_edpt_clear_stall
                0x1000642c       0x40 CMakeFiles/SmartSwitch.dir/home/pi/pico/pico-sdk/lib/tinyusb/src/device/usbd.c.obj
                0x1000642c                usbd_edpt_clear_stall
 .text.usbd_edpt_stalled
                0x1000646c       0x1c CMakeFiles/SmartSwitch.dir/home/pi/pico/pico-sdk/lib/tinyusb/src/device/usbd.c.obj
                0x1000646c                usbd_edpt_stalled
 .text.process_control_request
                0x10006488      0x3b8 CMakeFiles/SmartSwitch.dir/home/pi/pico/pico-sdk/lib/tinyusb/src/device/usbd.c.obj
 .text.tud_task
                0x10006840      0x21c CMakeFiles/SmartSwitch.dir/home/pi/pico/pico-sdk/lib/tinyusb/src/device/usbd.c.obj
                0x10006840                tud_task
 .text._data_stage_xact
                0x10006a5c       0x58 CMakeFiles/SmartSwitch.dir/home/pi/pico/pico-sdk/lib/tinyusb/src/device/usbd_control.c.obj
 .text.tud_control_status
                0x10006ab4       0x38 CMakeFiles/SmartSwitch.dir/home/pi/pico/pico-sdk/lib/tinyusb/src/device/usbd_control.c.obj
                0x10006ab4                tud_control_status
 .text.tud_control_xfer
                0x10006aec       0xa4 CMakeFiles/SmartSwitch.dir/home/pi/pico/pico-sdk/lib/tinyusb/src/device/usbd_control.c.obj
                0x10006aec                tud_control_xfer
 .text.usbd_control_reset
                0x10006b90       0x14 CMakeFiles/SmartSwitch.dir/home/pi/pico/pico-sdk/lib/tinyusb/src/device/usbd_control.c.obj
                0x10006b90                usbd_control_reset
 .text.usbd_control_set_complete_callback
                0x10006ba4        0xc CMakeFiles/SmartSwitch.dir/home/pi/pico/pico-sdk/lib/tinyusb/src/device/usbd_control.c.obj
                0x10006ba4                usbd_control_set_complete_callback
 .text.usbd_control_set_request
                0x10006bb0       0x1c CMakeFiles/SmartSwitch.dir/home/pi/pico/pico-sdk/lib/tinyusb/src/device/usbd_control.c.obj
                0x10006bb0                usbd_control_set_request
 .text.usbd_control_xfer_cb
                0x10006bcc      0x100 CMakeFiles/SmartSwitch.dir/home/pi/pico/pico-sdk/lib/tinyusb/src/device/usbd_control.c.obj
                0x10006bcc                usbd_control_xfer_cb
 .text._prep_out_transaction
                0x10006ccc       0x46 CMakeFiles/SmartSwitch.dir/home/pi/pico/pico-sdk/lib/tinyusb/src/class/cdc/cdc_device.c.obj
 *fill*         0x10006d12        0x2 
 .text.tud_cdc_n_connected
                0x10006d14       0x44 CMakeFiles/SmartSwitch.dir/home/pi/pico/pico-sdk/lib/tinyusb/src/class/cdc/cdc_device.c.obj
                0x10006d14                tud_cdc_n_connected
 .text.tud_cdc_n_available
                0x10006d58       0x1c CMakeFiles/SmartSwitch.dir/home/pi/pico/pico-sdk/lib/tinyusb/src/class/cdc/cdc_device.c.obj
                0x10006d58                tud_cdc_n_available
 .text.tud_cdc_n_read
                0x10006d74       0x28 CMakeFiles/SmartSwitch.dir/home/pi/pico/pico-sdk/lib/tinyusb/src/class/cdc/cdc_device.c.obj
                0x10006d74                tud_cdc_n_read
 .text.tud_cdc_n_write_flush
                0x10006d9c       0xcc CMakeFiles/SmartSwitch.dir/home/pi/pico/pico-sdk/lib/tinyusb/src/class/cdc/cdc_device.c.obj
                0x10006d9c                tud_cdc_n_write_flush
 .text.tud_cdc_n_write
                0x10006e68       0x38 CMakeFiles/SmartSwitch.dir/home/pi/pico/pico-sdk/lib/tinyusb/src/class/cdc/cdc_device.c.obj
                0x10006e68                tud_cdc_n_write
 .text.tud_cdc_n_write_available
                0x10006ea0       0x1c CMakeFiles/SmartSwitch.dir/home/pi/pico/pico-sdk/lib/tinyusb/src/class/cdc/cdc_device.c.obj
                0x10006ea0                tud_cdc_n_write_available
 .text.cdcd_init
                0x10006ebc       0xb8 CMakeFiles/SmartSwitch.dir/home/pi/pico/pico-sdk/lib/tinyusb/src/class/cdc/cdc_device.c.obj
                0x10006ebc                cdcd_init
 .text.cdcd_reset
                0x10006f74       0x44 CMakeFiles/SmartSwitch.dir/home/pi/pico/pico-sdk/lib/tinyusb/src/class/cdc/cdc_device.c.obj
                0x10006f74                cdcd_reset
 .text.cdcd_open
                0x10006fb8       0xf8 CMakeFiles/SmartSwitch.dir/home/pi/pico/pico-sdk/lib/tinyusb/src/class/cdc/cdc_device.c.obj
                0x10006fb8                cdcd_open
 .text.cdcd_control_xfer_cb
                0x100070b0      0x12c CMakeFiles/SmartSwitch.dir/home/pi/pico/pico-sdk/lib/tinyusb/src/class/cdc/cdc_device.c.obj
                0x100070b0                cdcd_control_xfer_cb
 .text.cdcd_xfer_cb
                0x100071dc      0x13c CMakeFiles/SmartSwitch.dir/home/pi/pico/pico-sdk/lib/tinyusb/src/class/cdc/cdc_device.c.obj
                0x100071dc                cdcd_xfer_cb
 .text.tusb_init
                0x10007318       0x24 CMakeFiles/SmartSwitch.dir/home/pi/pico/pico-sdk/lib/tinyusb/src/tusb.c.obj
                0x10007318                tusb_init
 .text.tusb_inited
                0x1000733c        0xe CMakeFiles/SmartSwitch.dir/home/pi/pico/pico-sdk/lib/tinyusb/src/tusb.c.obj
                0x1000733c                tusb_inited
 *fill*         0x1000734a        0x2 
 .text.tu_edpt_validate
                0x1000734c       0xa8 CMakeFiles/SmartSwitch.dir/home/pi/pico/pico-sdk/lib/tinyusb/src/tusb.c.obj
                0x1000734c                tu_edpt_validate
 .text.tu_edpt_bind_driver
                0x100073f4       0x2a CMakeFiles/SmartSwitch.dir/home/pi/pico/pico-sdk/lib/tinyusb/src/tusb.c.obj
                0x100073f4                tu_edpt_bind_driver
 .text.advance_pointer
                0x1000741e       0x18 CMakeFiles/SmartSwitch.dir/home/pi/pico/pico-sdk/lib/tinyusb/src/common/tusb_fifo.c.obj
 .text.backward_pointer
                0x10007436       0x1e CMakeFiles/SmartSwitch.dir/home/pi/pico/pico-sdk/lib/tinyusb/src/common/tusb_fifo.c.obj
 .text.get_relative_pointer
                0x10007454       0x10 CMakeFiles/SmartSwitch.dir/home/pi/pico/pico-sdk/lib/tinyusb/src/common/tusb_fifo.c.obj
 .text._tu_fifo_peek
                0x10007464       0x4c CMakeFiles/SmartSwitch.dir/home/pi/pico/pico-sdk/lib/tinyusb/src/common/tusb_fifo.c.obj
 .text._ff_pull_const_addr
                0x100074b0       0x46 CMakeFiles/SmartSwitch.dir/home/pi/pico/pico-sdk/lib/tinyusb/src/common/tusb_fifo.c.obj
 .text._ff_pull_n
                0x100074f6       0xfe CMakeFiles/SmartSwitch.dir/home/pi/pico/pico-sdk/lib/tinyusb/src/common/tusb_fifo.c.obj
 .text._tu_fifo_peek_n
                0x100075f4       0x5e CMakeFiles/SmartSwitch.dir/home/pi/pico/pico-sdk/lib/tinyusb/src/common/tusb_fifo.c.obj
 .text._tu_fifo_read_n
                0x10007652       0x4e CMakeFiles/SmartSwitch.dir/home/pi/pico/pico-sdk/lib/tinyusb/src/common/tusb_fifo.c.obj
 .text._ff_push_const_addr
                0x100076a0       0x3a CMakeFiles/SmartSwitch.dir/home/pi/pico/pico-sdk/lib/tinyusb/src/common/tusb_fifo.c.obj
 .text._ff_push_n
                0x100076da       0xfa CMakeFiles/SmartSwitch.dir/home/pi/pico/pico-sdk/lib/tinyusb/src/common/tusb_fifo.c.obj
 .text._tu_fifo_write_n
                0x100077d4       0x9e CMakeFiles/SmartSwitch.dir/home/pi/pico/pico-sdk/lib/tinyusb/src/common/tusb_fifo.c.obj
 .text.tu_fifo_config
                0x10007872       0x72 CMakeFiles/SmartSwitch.dir/home/pi/pico/pico-sdk/lib/tinyusb/src/common/tusb_fifo.c.obj
                0x10007872                tu_fifo_config
 .text.tu_fifo_count
                0x100078e4       0x24 CMakeFiles/SmartSwitch.dir/home/pi/pico/pico-sdk/lib/tinyusb/src/common/tusb_fifo.c.obj
                0x100078e4                tu_fifo_count
 .text.tu_fifo_empty
                0x10007908        0xe CMakeFiles/SmartSwitch.dir/home/pi/pico/pico-sdk/lib/tinyusb/src/common/tusb_fifo.c.obj
                0x10007908                tu_fifo_empty
 .text.tu_fifo_remaining
                0x10007916       0x20 CMakeFiles/SmartSwitch.dir/home/pi/pico/pico-sdk/lib/tinyusb/src/common/tusb_fifo.c.obj
                0x10007916                tu_fifo_remaining
 .text.tu_fifo_read
                0x10007936       0x42 CMakeFiles/SmartSwitch.dir/home/pi/pico/pico-sdk/lib/tinyusb/src/common/tusb_fifo.c.obj
                0x10007936                tu_fifo_read
 .text.tu_fifo_read_n
                0x10007978        0xa CMakeFiles/SmartSwitch.dir/home/pi/pico/pico-sdk/lib/tinyusb/src/common/tusb_fifo.c.obj
                0x10007978                tu_fifo_read_n
 .text.tu_fifo_write
                0x10007982       0x6c CMakeFiles/SmartSwitch.dir/home/pi/pico/pico-sdk/lib/tinyusb/src/common/tusb_fifo.c.obj
                0x10007982                tu_fifo_write
 .text.tu_fifo_write_n
                0x100079ee        0xa CMakeFiles/SmartSwitch.dir/home/pi/pico/pico-sdk/lib/tinyusb/src/common/tusb_fifo.c.obj
                0x100079ee                tu_fifo_write_n
 .text.tu_fifo_clear
                0x100079f8       0x4c CMakeFiles/SmartSwitch.dir/home/pi/pico/pico-sdk/lib/tinyusb/src/common/tusb_fifo.c.obj
                0x100079f8                tu_fifo_clear
 .text.tu_fifo_set_overwritable
                0x10007a44       0x3c CMakeFiles/SmartSwitch.dir/home/pi/pico/pico-sdk/lib/tinyusb/src/common/tusb_fifo.c.obj
                0x10007a44                tu_fifo_set_overwritable
 .text._retrieve_unique_id_on_boot
                0x10007a80       0x10 CMakeFiles/SmartSwitch.dir/home/pi/pico/pico-sdk/src/rp2_common/pico_unique_id/unique_id.c.obj
 .text.pico_get_unique_board_id_string
                0x10007a90       0x60 CMakeFiles/SmartSwitch.dir/home/pi/pico/pico-sdk/src/rp2_common/pico_unique_id/unique_id.c.obj
                0x10007a90                pico_get_unique_board_id_string
 .text.flash_get_unique_id
                0x10007af0       0x40 CMakeFiles/SmartSwitch.dir/home/pi/pico/pico-sdk/src/rp2_common/hardware_flash/flash.c.obj
                0x10007af0                flash_get_unique_id
 .text.adc_init
                0x10007b30       0x34 CMakeFiles/SmartSwitch.dir/home/pi/pico/pico-sdk/src/rp2_common/hardware_adc/adc.c.obj
                0x10007b30                adc_init
 .text          0x10007b64       0x18 /usr/lib/gcc/arm-none-eabi/7.3.1/../../../arm-none-eabi/lib/thumb/v6-m/libg.a(lib_a-atoi.o)
                0x10007b64                atoi
                0x10007b70                _atoi_r
 .text          0x10007b7c       0x64 /usr/lib/gcc/arm-none-eabi/7.3.1/../../../arm-none-eabi/lib/thumb/v6-m/libg.a(lib_a-strlen-stub.o)
                0x10007b7c                strlen
 .text          0x10007be0      0x170 /usr/lib/gcc/arm-none-eabi/7.3.1/../../../arm-none-eabi/lib/thumb/v6-m/libg.a(lib_a-strtol.o)
                0x10007d18                _strtol_r
                0x10007d20                strtol_l
                0x10007d38                strtol
 *(.fini)
 .fini          0x10007d50        0x4 /usr/lib/gcc/arm-none-eabi/7.3.1/thumb/v6-m/crti.o
                0x10007d50                _fini
 *fill*         0x10007d54        0x4 
 .fini.__stub   0x10007d58       0x70 linker stubs
 *crtbegin.o(.ctors)
 *crtbegin?.o(.ctors)
 *(EXCLUDE_FILE(*crtend.o *crtend?.o) .ctors)
 *(SORT_BY_NAME(.ctors.*))
 *(.ctors)
 *crtbegin.o(.dtors)
 *crtbegin?.o(.dtors)
 *(EXCLUDE_FILE(*crtend.o *crtend?.o) .dtors)
 *(SORT_BY_NAME(.dtors.*))
 *(.dtors)
 *(.eh_frame*)
 .eh_frame      0x10007dc8        0x0 /usr/lib/gcc/arm-none-eabi/7.3.1/thumb/v6-m/crtbegin.o
                0x10007dc8                . = ALIGN (0x4)

.glue_7         0x10007dc8        0x0
 .glue_7        0x10007dc8        0x0 linker stubs

.glue_7t        0x10007dc8        0x0
 .glue_7t       0x10007dc8        0x0 linker stubs

.vfp11_veneer   0x10007dc8        0x0
 .vfp11_veneer  0x10007dc8        0x0 linker stubs

.v4_bx          0x10007dc8        0x0
 .v4_bx         0x10007dc8        0x0 linker stubs

.iplt           0x10007dc8        0x0
 .iplt          0x10007dc8        0x0 /usr/lib/gcc/arm-none-eabi/7.3.1/thumb/v6-m/crtbegin.o

.rodata         0x10007dc8     0x1814
 *(EXCLUDE_FILE(*libm.a: *libc.a:*lib_a-mem*.o *libgcc.a:) .rodata*)
 .rodata.__func__.5876
                0x10007dc8       0x15 CMakeFiles/SmartSwitch.dir/SmartSwitch.c.obj
 *fill*         0x10007ddd        0x3 
 .rodata.crowbarPins
                0x10007de0        0x6 CMakeFiles/SmartSwitch.dir/SmartSwitch.c.obj
                0x10007de0                crowbarPins
 *fill*         0x10007de6        0x2 
 .rodata.dataPinsI
                0x10007de8        0x6 CMakeFiles/SmartSwitch.dir/SmartSwitch.c.obj
                0x10007de8                dataPinsI
 *fill*         0x10007dee        0x2 
 .rodata.dataPinsV
                0x10007df0        0x6 CMakeFiles/SmartSwitch.dir/SmartSwitch.c.obj
                0x10007df0                dataPinsV
 *fill*         0x10007df6        0x2 
 .rodata.get_absolute_time.str1.4
                0x10007df8       0x5d CMakeFiles/SmartSwitch.dir/SmartSwitch.c.obj
 *fill*         0x10007e55        0x3 
 .rodata.main.str1.4
                0x10007e58       0xa9 CMakeFiles/SmartSwitch.dir/SmartSwitch.c.obj
                                 0xad (size before relaxing)
 *fill*         0x10007f01        0x3 
 .rodata.trips.str1.4
                0x10007f04       0x14 CMakeFiles/SmartSwitch.dir/SmartSwitch.c.obj
 .rodata.spin_lock_claim_unused.str1.4
                0x10007f18       0x1b CMakeFiles/SmartSwitch.dir/home/pi/pico/pico-sdk/src/rp2_common/hardware_sync/sync.c.obj
 *fill*         0x10007f33        0x1 
 .rodata.__func__.5648
                0x10007f34       0x15 CMakeFiles/SmartSwitch.dir/home/pi/pico/pico-sdk/src/common/pico_time/time.c.obj
 *fill*         0x10007f49        0x3 
 .rodata.__func__.5960
                0x10007f4c        0xc CMakeFiles/SmartSwitch.dir/home/pi/pico/pico-sdk/src/common/pico_time/time.c.obj
 .rodata.__func__.5967
                0x10007f58       0x12 CMakeFiles/SmartSwitch.dir/home/pi/pico/pico-sdk/src/common/pico_time/time.c.obj
 *fill*         0x10007f6a        0x2 
 .rodata.__func__.5983
                0x10007f6c        0xf CMakeFiles/SmartSwitch.dir/home/pi/pico/pico-sdk/src/common/pico_time/time.c.obj
 *fill*         0x10007f7b        0x1 
 .rodata.__func__.6005
                0x10007f7c        0xd CMakeFiles/SmartSwitch.dir/home/pi/pico/pico-sdk/src/common/pico_time/time.c.obj
 *fill*         0x10007f89        0x3 
 .rodata.__func__.6229
                0x10007f8c        0xa CMakeFiles/SmartSwitch.dir/home/pi/pico/pico-sdk/src/common/pico_time/time.c.obj
 *fill*         0x10007f96        0x2 
 .rodata.__func__.6234
                0x10007f98       0x12 CMakeFiles/SmartSwitch.dir/home/pi/pico/pico-sdk/src/common/pico_time/time.c.obj
 *fill*         0x10007faa        0x2 
 .rodata.__func__.6249
                0x10007fac       0x17 CMakeFiles/SmartSwitch.dir/home/pi/pico/pico-sdk/src/common/pico_time/time.c.obj
 *fill*         0x10007fc3        0x1 
 .rodata.__func__.6260
                0x10007fc4       0x15 CMakeFiles/SmartSwitch.dir/home/pi/pico/pico-sdk/src/common/pico_time/time.c.obj
 *fill*         0x10007fd9        0x3 
 .rodata.__func__.6277
                0x10007fdc       0x1a CMakeFiles/SmartSwitch.dir/home/pi/pico/pico-sdk/src/common/pico_time/time.c.obj
 *fill*         0x10007ff6        0x2 
 .rodata.__func__.6316
                0x10007ff8       0x18 CMakeFiles/SmartSwitch.dir/home/pi/pico/pico-sdk/src/common/pico_time/time.c.obj
 .rodata.add_alarm_under_lock.str1.4
                0x10008010       0x28 CMakeFiles/SmartSwitch.dir/home/pi/pico/pico-sdk/src/common/pico_time/time.c.obj
                                 0x2b (size before relaxing)
 .rodata.alarm_pool_alarm_callback.str1.4
                0x10008038       0x82 CMakeFiles/SmartSwitch.dir/home/pi/pico/pico-sdk/src/common/pico_time/time.c.obj
                                 0xe2 (size before relaxing)
 *fill*         0x100080ba        0x2 
 .rodata.alarm_pool_cancel_alarm.str1.4
                0x100080bc       0x27 CMakeFiles/SmartSwitch.dir/home/pi/pico/pico-sdk/src/common/pico_time/time.c.obj
 *fill*         0x100080e3        0x1 
 .rodata.alarm_pool_dump_key.str1.4
                0x100080e4       0x33 CMakeFiles/SmartSwitch.dir/home/pi/pico/pico-sdk/src/common/pico_time/time.c.obj
 *fill*         0x10008117        0x1 
 .rodata.alarm_pool_get_default.str1.4
                0x10008118       0x21 CMakeFiles/SmartSwitch.dir/home/pi/pico/pico-sdk/src/common/pico_time/time.c.obj
 *fill*         0x10008139        0x3 
 .rodata.ph_add_child_node.str1.4
                0x1000813c       0x92 CMakeFiles/SmartSwitch.dir/home/pi/pico/pico-sdk/src/common/pico_time/time.c.obj
 *fill*         0x100081ce        0x2 
 .rodata.repeating_timer_callback.str1.4
                0x100081d0       0x47 CMakeFiles/SmartSwitch.dir/home/pi/pico/pico-sdk/src/common/pico_time/time.c.obj
 *fill*         0x10008217        0x1 
 .rodata.sleep_until.str1.4
                0x10008218       0x4d CMakeFiles/SmartSwitch.dir/home/pi/pico/pico-sdk/src/common/pico_time/time.c.obj
 *fill*         0x10008265        0x3 
 .rodata.__func__.4173
                0x10008268       0x15 CMakeFiles/SmartSwitch.dir/home/pi/pico/pico-sdk/src/rp2_common/hardware_timer/timer.c.obj
 *fill*         0x1000827d        0x3 
 .rodata.__func__.4522
                0x10008280       0x1a CMakeFiles/SmartSwitch.dir/home/pi/pico/pico-sdk/src/rp2_common/hardware_timer/timer.c.obj
 .rodata.busy_wait_us.str1.4
                0x1000829a       0x5d CMakeFiles/SmartSwitch.dir/home/pi/pico/pico-sdk/src/rp2_common/hardware_timer/timer.c.obj
 *fill*         0x1000829a        0x2 
 .rodata.hardware_alarm_claim.str1.4
                0x1000829c       0x22 CMakeFiles/SmartSwitch.dir/home/pi/pico/pico-sdk/src/rp2_common/hardware_timer/timer.c.obj
 *fill*         0x100082be        0x2 
 .rodata.hardware_alarm_set_target.str1.4
                0x100082c0       0x61 CMakeFiles/SmartSwitch.dir/home/pi/pico/pico-sdk/src/rp2_common/hardware_timer/timer.c.obj
 *fill*         0x10008321        0x3 
 .rodata.__func__.4173
                0x10008324       0x15 CMakeFiles/SmartSwitch.dir/home/pi/pico/pico-sdk/src/common/pico_sync/mutex.c.obj
 *fill*         0x10008339        0x3 
 .rodata.__func__.4647
                0x1000833c       0x18 CMakeFiles/SmartSwitch.dir/home/pi/pico/pico-sdk/src/common/pico_sync/mutex.c.obj
 .rodata.__func__.4666
                0x10008354        0xb CMakeFiles/SmartSwitch.dir/home/pi/pico/pico-sdk/src/common/pico_sync/mutex.c.obj
 *fill*         0x1000835f        0x1 
 .rodata.str1.4
                0x10008360       0x85 CMakeFiles/SmartSwitch.dir/home/pi/pico/pico-sdk/src/common/pico_sync/mutex.c.obj
                                 0xe5 (size before relaxing)
 *fill*         0x100083e5        0x3 
 .rodata.__func__.5658
                0x100083e8        0xc CMakeFiles/SmartSwitch.dir/home/pi/pico/pico-sdk/src/common/pico_util/pheap.c.obj
 .rodata.__func__.5665
                0x100083f4       0x12 CMakeFiles/SmartSwitch.dir/home/pi/pico/pico-sdk/src/common/pico_util/pheap.c.obj
 *fill*         0x10008406        0x2 
 .rodata.__func__.5751
                0x10008408       0x13 CMakeFiles/SmartSwitch.dir/home/pi/pico/pico-sdk/src/common/pico_util/pheap.c.obj
 *fill*         0x1000841b        0x1 
 .rodata.__func__.5769
                0x1000841c       0x18 CMakeFiles/SmartSwitch.dir/home/pi/pico/pico-sdk/src/common/pico_util/pheap.c.obj
 .rodata.ph_add_child_node.str1.4
                0x10008434       0x92 CMakeFiles/SmartSwitch.dir/home/pi/pico/pico-sdk/src/common/pico_util/pheap.c.obj
 .rodata.ph_remove_and_free_node.str1.4
                0x10008434       0x26 CMakeFiles/SmartSwitch.dir/home/pi/pico/pico-sdk/src/common/pico_util/pheap.c.obj
 *fill*         0x1000845a        0x2 
 .rodata.ph_remove_any_head.str1.4
                0x1000845c       0x88 CMakeFiles/SmartSwitch.dir/home/pi/pico/pico-sdk/src/common/pico_util/pheap.c.obj
 .rodata.__assert_func.str1.4
                0x100084e4       0x3f CMakeFiles/SmartSwitch.dir/home/pi/pico/pico-sdk/src/rp2_common/pico_runtime/runtime.c.obj
                                 0x43 (size before relaxing)
 *fill*         0x10008523        0x1 
 .rodata.__func__.5769
                0x10008524        0xd CMakeFiles/SmartSwitch.dir/home/pi/pico/pico-sdk/src/rp2_common/pico_runtime/runtime.c.obj
 *fill*         0x10008531        0x3 
 .rodata.panic.str1.4
                0x10008534       0x12 CMakeFiles/SmartSwitch.dir/home/pi/pico/pico-sdk/src/rp2_common/pico_runtime/runtime.c.obj
 *fill*         0x10008546        0x2 
 .rodata.runtime_init.str1.4
                0x10008548       0x5d CMakeFiles/SmartSwitch.dir/home/pi/pico/pico-sdk/src/rp2_common/pico_runtime/runtime.c.obj
 *fill*         0x100085a5        0x3 
 .rodata.__func__.4669
                0x100085a8       0x10 CMakeFiles/SmartSwitch.dir/home/pi/pico/pico-sdk/src/rp2_common/hardware_clocks/clocks.c.obj
 .rodata.clock_configure.str1.4
                0x100085b8       0x53 CMakeFiles/SmartSwitch.dir/home/pi/pico/pico-sdk/src/rp2_common/hardware_clocks/clocks.c.obj
 *fill*         0x1000860b        0x1 
 .rodata.__func__.4699
                0x1000860c       0x1a CMakeFiles/SmartSwitch.dir/home/pi/pico/pico-sdk/src/rp2_common/hardware_irq/irq.c.obj
 *fill*         0x10008626        0x2 
 .rodata.__func__.4713
                0x10008628        0xc CMakeFiles/SmartSwitch.dir/home/pi/pico/pico-sdk/src/rp2_common/hardware_irq/irq.c.obj
 .rodata.__func__.4721
                0x10008634       0x17 CMakeFiles/SmartSwitch.dir/home/pi/pico/pico-sdk/src/rp2_common/hardware_irq/irq.c.obj
 *fill*         0x1000864b        0x1 
 .rodata.__func__.4725
                0x1000864c        0xf CMakeFiles/SmartSwitch.dir/home/pi/pico/pico-sdk/src/rp2_common/hardware_irq/irq.c.obj
 *fill*         0x1000865b        0x1 
 .rodata.__func__.4764
                0x1000865c       0x13 CMakeFiles/SmartSwitch.dir/home/pi/pico/pico-sdk/src/rp2_common/hardware_irq/irq.c.obj
 *fill*         0x1000866f        0x1 
 .rodata.__func__.4786
                0x10008670       0x1a CMakeFiles/SmartSwitch.dir/home/pi/pico/pico-sdk/src/rp2_common/hardware_irq/irq.c.obj
 *fill*         0x1000868a        0x2 
 .rodata.insert_branch_and_link.str1.4
                0x1000868c       0x10 CMakeFiles/SmartSwitch.dir/home/pi/pico/pico-sdk/src/rp2_common/hardware_irq/irq.c.obj
 .rodata.irq_add_shared_handler.str1.4
                0x1000869c       0xd9 CMakeFiles/SmartSwitch.dir/home/pi/pico/pico-sdk/src/rp2_common/hardware_irq/irq.c.obj
 *fill*         0x10008775        0x3 
 .rodata.irq_add_tail_to_free_list.str1.4
                0x10008778       0x32 CMakeFiles/SmartSwitch.dir/home/pi/pico/pico-sdk/src/rp2_common/hardware_irq/irq.c.obj
                                 0x3a (size before relaxing)
 *fill*         0x100087aa        0x2 
 .rodata.irq_remove_handler.str1.4
                0x100087ac       0x2a CMakeFiles/SmartSwitch.dir/home/pi/pico/pico-sdk/src/rp2_common/hardware_irq/irq.c.obj
 *fill*         0x100087d6        0x2 
 .rodata.irq_set_exclusive_handler.str1.4
                0x100087d8       0x36 CMakeFiles/SmartSwitch.dir/home/pi/pico/pico-sdk/src/rp2_common/hardware_irq/irq.c.obj
 *fill*         0x1000880e        0x2 
 .rodata.make_branch.str1.4
                0x10008810       0x69 CMakeFiles/SmartSwitch.dir/home/pi/pico/pico-sdk/src/rp2_common/hardware_irq/irq.c.obj
 *fill*         0x10008879        0x3 
 .rodata.__func__.4371
                0x1000887c        0x9 CMakeFiles/SmartSwitch.dir/home/pi/pico/pico-sdk/src/rp2_common/hardware_pll/pll.c.obj
 *fill*         0x10008885        0x3 
 .rodata.pll_init.str1.4
                0x10008888       0xd7 CMakeFiles/SmartSwitch.dir/home/pi/pico/pico-sdk/src/rp2_common/hardware_pll/pll.c.obj
 *fill*         0x1000895f        0x1 
 .rodata._vsnprintf
                0x10008960      0x1e0 CMakeFiles/SmartSwitch.dir/home/pi/pico/pico-sdk/src/rp2_common/pico_printf/printf.c.obj
 .rodata._ftoa.str1.4
                0x10008b40       0x15 CMakeFiles/SmartSwitch.dir/home/pi/pico/pico-sdk/src/rp2_common/pico_printf/printf.c.obj
 *fill*         0x10008b55        0x3 
 .rodata.pow10.5372
                0x10008b58       0x50 CMakeFiles/SmartSwitch.dir/home/pi/pico/pico-sdk/src/rp2_common/pico_printf/printf.c.obj
 .rodata.__aeabi_double_init.str1.4
                0x10008ba8       0xa4 CMakeFiles/SmartSwitch.dir/home/pi/pico/pico-sdk/src/rp2_common/pico_double/double_init_rom.c.obj
 .rodata.__func__.4682
                0x10008c4c       0x14 CMakeFiles/SmartSwitch.dir/home/pi/pico/pico-sdk/src/rp2_common/pico_double/double_init_rom.c.obj
 .rodata.__aeabi_float_init.str1.4
                0x10008c60       0x76 CMakeFiles/SmartSwitch.dir/home/pi/pico/pico-sdk/src/rp2_common/pico_float/float_init_rom.c.obj
                                 0x7a (size before relaxing)
 *fill*         0x10008cd6        0x2 
 .rodata.__func__.4683
                0x10008cd8       0x13 CMakeFiles/SmartSwitch.dir/home/pi/pico/pico-sdk/src/rp2_common/pico_float/float_init_rom.c.obj
 *fill*         0x10008ceb        0x1 
 .rodata.__bi_44
                0x10008cec        0xc CMakeFiles/SmartSwitch.dir/home/pi/pico/pico-sdk/src/rp2_common/pico_standard_link/binary_info.c.obj
 .rodata.__bi_56
                0x10008cf8        0xc CMakeFiles/SmartSwitch.dir/home/pi/pico/pico-sdk/src/rp2_common/pico_standard_link/binary_info.c.obj
 .rodata.__bi_75
                0x10008d04        0xc CMakeFiles/SmartSwitch.dir/home/pi/pico/pico-sdk/src/rp2_common/pico_standard_link/binary_info.c.obj
 .rodata.__bi_81
                0x10008d10        0xc CMakeFiles/SmartSwitch.dir/home/pi/pico/pico-sdk/src/rp2_common/pico_standard_link/binary_info.c.obj
 .rodata.str1.4
                0x10008d1c       0x44 CMakeFiles/SmartSwitch.dir/home/pi/pico/pico-sdk/src/rp2_common/pico_standard_link/binary_info.c.obj
 .rodata.__func__.5371
                0x10008d60       0x15 CMakeFiles/SmartSwitch.dir/home/pi/pico/pico-sdk/src/rp2_common/pico_stdio/stdio.c.obj
 *fill*         0x10008d75        0x3 
 .rodata.__func__.5973
                0x10008d78       0x13 CMakeFiles/SmartSwitch.dir/home/pi/pico/pico-sdk/src/rp2_common/pico_stdio/stdio.c.obj
 *fill*         0x10008d8b        0x1 
 .rodata.__wrap_getchar.str1.4
                0x10008d8c       0x45 CMakeFiles/SmartSwitch.dir/home/pi/pico/pico-sdk/src/rp2_common/pico_stdio/stdio.c.obj
 *fill*         0x10008dd1        0x3 
 .rodata.crlf_str.5854
                0x10008dd4        0x2 CMakeFiles/SmartSwitch.dir/home/pi/pico/pico-sdk/src/rp2_common/pico_stdio/stdio.c.obj
 .rodata.getchar_timeout_us.str1.4
                0x10008dd6       0x63 CMakeFiles/SmartSwitch.dir/home/pi/pico/pico-sdk/src/rp2_common/pico_stdio/stdio.c.obj
 *fill*         0x10008dd6        0x2 
 .rodata._resetd_driver
                0x10008dd8       0x18 CMakeFiles/SmartSwitch.dir/home/pi/pico/pico-sdk/src/rp2_common/pico_stdio_usb/reset_interface.c.obj
 .rodata.__bi_93.7169
                0x10008df0        0xc CMakeFiles/SmartSwitch.dir/home/pi/pico/pico-sdk/src/rp2_common/pico_stdio_usb/stdio_usb.c.obj
 .rodata.__func__.5371
                0x10008dfc       0x15 CMakeFiles/SmartSwitch.dir/home/pi/pico/pico-sdk/src/rp2_common/pico_stdio_usb/stdio_usb.c.obj
 .rodata.stdio_usb_init.str1.4
                0x10008e11       0x5d CMakeFiles/SmartSwitch.dir/home/pi/pico/pico-sdk/src/rp2_common/pico_stdio_usb/stdio_usb.c.obj
 *fill*         0x10008e11        0x3 
 .rodata.str1.4
                0x10008e14       0x13 CMakeFiles/SmartSwitch.dir/home/pi/pico/pico-sdk/src/rp2_common/pico_stdio_usb/stdio_usb.c.obj
 *fill*         0x10008e27        0x1 
 .rodata.str1.4
                0x10008e28       0x2a CMakeFiles/SmartSwitch.dir/home/pi/pico/pico-sdk/src/rp2_common/pico_stdio_usb/stdio_usb_descriptors.c.obj
 *fill*         0x10008e52        0x2 
 .rodata.usbd_desc_cfg
                0x10008e54       0x54 CMakeFiles/SmartSwitch.dir/home/pi/pico/pico-sdk/src/rp2_common/pico_stdio_usb/stdio_usb_descriptors.c.obj
 .rodata.usbd_desc_device
                0x10008ea8       0x12 CMakeFiles/SmartSwitch.dir/home/pi/pico/pico-sdk/src/rp2_common/pico_stdio_usb/stdio_usb_descriptors.c.obj
 *fill*         0x10008eba        0x2 
 .rodata.usbd_desc_str
                0x10008ebc       0x18 CMakeFiles/SmartSwitch.dir/home/pi/pico/pico-sdk/src/rp2_common/pico_stdio_usb/stdio_usb_descriptors.c.obj
 .rodata.__func__.6841
                0x10008ed4       0x13 CMakeFiles/SmartSwitch.dir/home/pi/pico/pico-sdk/lib/tinyusb/src/portable/raspberrypi/rp2040/dcd_rp2040.c.obj
 *fill*         0x10008ee7        0x1 
 .rodata.__func__.6894
                0x10008ee8        0x9 CMakeFiles/SmartSwitch.dir/home/pi/pico/pico-sdk/lib/tinyusb/src/portable/raspberrypi/rp2040/dcd_rp2040.c.obj
 *fill*         0x10008ef1        0x3 
 .rodata.__func__.6898
                0x10008ef4        0xf CMakeFiles/SmartSwitch.dir/home/pi/pico/pico-sdk/lib/tinyusb/src/portable/raspberrypi/rp2040/dcd_rp2040.c.obj
 *fill*         0x10008f03        0x1 
 .rodata.__func__.6907
                0x10008f04       0x10 CMakeFiles/SmartSwitch.dir/home/pi/pico/pico-sdk/lib/tinyusb/src/portable/raspberrypi/rp2040/dcd_rp2040.c.obj
 .rodata.__func__.6926
                0x10008f14        0xe CMakeFiles/SmartSwitch.dir/home/pi/pico/pico-sdk/lib/tinyusb/src/portable/raspberrypi/rp2040/dcd_rp2040.c.obj
 *fill*         0x10008f22        0x2 
 .rodata.__func__.6936
                0x10008f24        0xe CMakeFiles/SmartSwitch.dir/home/pi/pico/pico-sdk/lib/tinyusb/src/portable/raspberrypi/rp2040/dcd_rp2040.c.obj
 *fill*         0x10008f32        0x2 
 .rodata._hw_endpoint_alloc.str1.4
                0x10008f34       0xb1 CMakeFiles/SmartSwitch.dir/home/pi/pico/pico-sdk/lib/tinyusb/src/portable/raspberrypi/rp2040/dcd_rp2040.c.obj
 *fill*         0x10008fe5        0x3 
 .rodata.dcd_int_enable.str1.4
                0x10008fe8        0xc CMakeFiles/SmartSwitch.dir/home/pi/pico/pico-sdk/lib/tinyusb/src/portable/raspberrypi/rp2040/dcd_rp2040.c.obj
 .rodata.dcd_rp2040_irq.str1.4
                0x10008ff4       0x14 CMakeFiles/SmartSwitch.dir/home/pi/pico/pico-sdk/lib/tinyusb/src/portable/raspberrypi/rp2040/dcd_rp2040.c.obj
 .rodata.__func__.6605
                0x10009008        0xf CMakeFiles/SmartSwitch.dir/home/pi/pico/pico-sdk/lib/tinyusb/src/portable/raspberrypi/rp2040/rp2040_usb.c.obj
 *fill*         0x10009017        0x1 
 .rodata._hw_endpoint_buffer_control_update32.str1.4
                0x10009018       0x1f CMakeFiles/SmartSwitch.dir/home/pi/pico/pico-sdk/lib/tinyusb/src/portable/raspberrypi/rp2040/rp2040_usb.c.obj
 *fill*         0x10009037        0x1 
 .rodata.hw_endpoint_xfer_continue.str1.4
                0x10009038       0x29 CMakeFiles/SmartSwitch.dir/home/pi/pico/pico-sdk/lib/tinyusb/src/portable/raspberrypi/rp2040/rp2040_usb.c.obj
 *fill*         0x10009061        0x3 
 .rodata.hw_endpoint_xfer_start.str1.4
                0x10009064       0x38 CMakeFiles/SmartSwitch.dir/home/pi/pico/pico-sdk/lib/tinyusb/src/portable/raspberrypi/rp2040/rp2040_usb.c.obj
 .rodata.str1.4
                0x1000909c        0x7 CMakeFiles/SmartSwitch.dir/home/pi/pico/pico-sdk/lib/tinyusb/src/portable/raspberrypi/rp2040/rp2040_usb.c.obj
 *fill*         0x100090a3        0x1 
 .rodata.sync_ep_buffer.str1.4
                0x100090a4       0x8d CMakeFiles/SmartSwitch.dir/home/pi/pico/pico-sdk/lib/tinyusb/src/portable/raspberrypi/rp2040/rp2040_usb.c.obj
 *fill*         0x10009131        0x3 
 .rodata.process_get_descriptor
                0x10009134       0x40 CMakeFiles/SmartSwitch.dir/home/pi/pico/pico-sdk/lib/tinyusb/src/device/usbd.c.obj
 .rodata.process_control_request
                0x10009174       0x28 CMakeFiles/SmartSwitch.dir/home/pi/pico/pico-sdk/lib/tinyusb/src/device/usbd.c.obj
 .rodata.tud_task
                0x1000919c       0x24 CMakeFiles/SmartSwitch.dir/home/pi/pico/pico-sdk/lib/tinyusb/src/device/usbd.c.obj
 .rodata.__func__.6517
                0x100091c0       0x10 CMakeFiles/SmartSwitch.dir/home/pi/pico/pico-sdk/lib/tinyusb/src/device/usbd.c.obj
 .rodata.__func__.7314
                0x100091d0        0x9 CMakeFiles/SmartSwitch.dir/home/pi/pico/pico-sdk/lib/tinyusb/src/device/usbd.c.obj
 *fill*         0x100091d9        0x3 
 .rodata.__func__.7335
                0x100091dc       0x18 CMakeFiles/SmartSwitch.dir/home/pi/pico/pico-sdk/lib/tinyusb/src/device/usbd.c.obj
 .rodata.__func__.7378
                0x100091f4       0x13 CMakeFiles/SmartSwitch.dir/home/pi/pico/pico-sdk/lib/tinyusb/src/device/usbd.c.obj
 *fill*         0x10009207        0x1 
 .rodata.__func__.7413
                0x10009208       0x17 CMakeFiles/SmartSwitch.dir/home/pi/pico/pico-sdk/lib/tinyusb/src/device/usbd.c.obj
 *fill*         0x1000921f        0x1 
 .rodata.__func__.7467
                0x10009220       0x14 CMakeFiles/SmartSwitch.dir/home/pi/pico/pico-sdk/lib/tinyusb/src/device/usbd.c.obj
 .rodata.__func__.7481
                0x10009234        0xf CMakeFiles/SmartSwitch.dir/home/pi/pico/pico-sdk/lib/tinyusb/src/device/usbd.c.obj
 *fill*         0x10009243        0x1 
 .rodata.__func__.7504
                0x10009244        0xf CMakeFiles/SmartSwitch.dir/home/pi/pico/pico-sdk/lib/tinyusb/src/device/usbd.c.obj
 *fill*         0x10009253        0x1 
 .rodata._usbd_driver
                0x10009254       0x18 CMakeFiles/SmartSwitch.dir/home/pi/pico/pico-sdk/lib/tinyusb/src/device/usbd.c.obj
 .rodata.process_set_config.str1.4
                0x1000926c       0x17 CMakeFiles/SmartSwitch.dir/home/pi/pico/pico-sdk/lib/tinyusb/src/device/usbd.c.obj
 *fill*         0x10009283        0x1 
 .rodata.__func__.7229
                0x10009284       0x11 CMakeFiles/SmartSwitch.dir/home/pi/pico/pico-sdk/lib/tinyusb/src/device/usbd_control.c.obj
 *fill*         0x10009295        0x3 
 .rodata.__func__.7256
                0x10009298       0x15 CMakeFiles/SmartSwitch.dir/home/pi/pico/pico-sdk/lib/tinyusb/src/device/usbd_control.c.obj
 .rodata.tud_control_xfer.str1.4
                0x100092ad       0x17 CMakeFiles/SmartSwitch.dir/home/pi/pico/pico-sdk/lib/tinyusb/src/device/usbd_control.c.obj
 *fill*         0x100092ad        0x3 
 .rodata.__func__.7166
                0x100092b0       0x16 CMakeFiles/SmartSwitch.dir/home/pi/pico/pico-sdk/lib/tinyusb/src/class/cdc/cdc_device.c.obj
 *fill*         0x100092c6        0x2 
 .rodata.__func__.7199
                0x100092c8        0xa CMakeFiles/SmartSwitch.dir/home/pi/pico/pico-sdk/lib/tinyusb/src/class/cdc/cdc_device.c.obj
 *fill*         0x100092d2        0x2 
 .rodata.__func__.7234
                0x100092d4        0xd CMakeFiles/SmartSwitch.dir/home/pi/pico/pico-sdk/lib/tinyusb/src/class/cdc/cdc_device.c.obj
 .rodata.tud_cdc_n_write_flush.str1.4
                0x100092e1       0x17 CMakeFiles/SmartSwitch.dir/home/pi/pico/pico-sdk/lib/tinyusb/src/class/cdc/cdc_device.c.obj
 *fill*         0x100092e1        0x3 
 .rodata.__func__.7103
                0x100092e4        0xa CMakeFiles/SmartSwitch.dir/home/pi/pico/pico-sdk/lib/tinyusb/src/tusb.c.obj
 *fill*         0x100092ee        0x2 
 .rodata.__func__.7115
                0x100092f0       0x11 CMakeFiles/SmartSwitch.dir/home/pi/pico/pico-sdk/lib/tinyusb/src/tusb.c.obj
 .rodata.tusb_init.str1.4
                0x10009301       0x17 CMakeFiles/SmartSwitch.dir/home/pi/pico/pico-sdk/lib/tinyusb/src/tusb.c.obj
 *fill*         0x10009301        0x3 
 .rodata.__func__.4250
                0x10009304       0x20 CMakeFiles/SmartSwitch.dir/home/pi/pico/pico-sdk/src/rp2_common/pico_unique_id/unique_id.c.obj
 .rodata.pico_get_unique_board_id_string.str1.4
                0x10009324       0x49 CMakeFiles/SmartSwitch.dir/home/pi/pico/pico-sdk/src/rp2_common/pico_unique_id/unique_id.c.obj
 *fill*         0x1000936d        0x3 
 .rodata.__func__.4424
                0x10009370        0xd CMakeFiles/SmartSwitch.dir/home/pi/pico/pico-sdk/src/rp2_common/hardware_flash/flash.c.obj
 *fill*         0x1000937d        0x3 
 .rodata.str1.4
                0x10009380      0x158 CMakeFiles/SmartSwitch.dir/home/pi/pico/pico-sdk/src/rp2_common/hardware_flash/flash.c.obj
                                0x156 (size before relaxing)
 .rodata        0x100094d8      0x101 /usr/lib/gcc/arm-none-eabi/7.3.1/../../../arm-none-eabi/lib/thumb/v6-m/libg.a(lib_a-ctype_.o)
                0x100094d8                _ctype_
                0x100095dc                . = ALIGN (0x4)
 *fill*         0x100095d9        0x3 
 *(SORT_BY_ALIGNMENT(SORT_BY_NAME(.flashdata*)))
                0x100095dc                . = ALIGN (0x4)

.rel.dyn        0x100095dc        0x0
 .rel.iplt      0x100095dc        0x0 /usr/lib/gcc/arm-none-eabi/7.3.1/thumb/v6-m/crtbegin.o

.ARM.extab
 *(.ARM.extab* .gnu.linkonce.armextab.*)
                0x100095dc                __exidx_start = .

.ARM.exidx
 *(.ARM.exidx* .gnu.linkonce.armexidx.*)
                0x100095dc                __exidx_end = .
                0x100095dc                . = ALIGN (0x4)
                0x100095dc                __binary_info_start = .

.binary_info    0x100095dc       0x24
 *(.binary_info.keep.*)
 .binary_info.keep.__bi_ptr22
                0x100095dc        0x4 CMakeFiles/SmartSwitch.dir/home/pi/pico/pico-sdk/src/rp2_common/pico_standard_link/binary_info.c.obj
 .binary_info.keep.__bi_ptr30
                0x100095e0        0x4 CMakeFiles/SmartSwitch.dir/home/pi/pico/pico-sdk/src/rp2_common/pico_standard_link/binary_info.c.obj
 .binary_info.keep.__bi_ptr38
                0x100095e4        0x4 CMakeFiles/SmartSwitch.dir/home/pi/pico/pico-sdk/src/rp2_common/pico_standard_link/binary_info.c.obj
 .binary_info.keep.__bi_ptr44
                0x100095e8        0x4 CMakeFiles/SmartSwitch.dir/home/pi/pico/pico-sdk/src/rp2_common/pico_standard_link/binary_info.c.obj
 .binary_info.keep.__bi_ptr50
                0x100095ec        0x4 CMakeFiles/SmartSwitch.dir/home/pi/pico/pico-sdk/src/rp2_common/pico_standard_link/binary_info.c.obj
 .binary_info.keep.__bi_ptr56
                0x100095f0        0x4 CMakeFiles/SmartSwitch.dir/home/pi/pico/pico-sdk/src/rp2_common/pico_standard_link/binary_info.c.obj
 .binary_info.keep.__bi_ptr75
                0x100095f4        0x4 CMakeFiles/SmartSwitch.dir/home/pi/pico/pico-sdk/src/rp2_common/pico_standard_link/binary_info.c.obj
 .binary_info.keep.__bi_ptr81
                0x100095f8        0x4 CMakeFiles/SmartSwitch.dir/home/pi/pico/pico-sdk/src/rp2_common/pico_standard_link/binary_info.c.obj
 *(.binary_info.*)
 .binary_info.__bi_ptr93
                0x100095fc        0x4 CMakeFiles/SmartSwitch.dir/home/pi/pico/pico-sdk/src/rp2_common/pico_stdio_usb/stdio_usb.c.obj
                0x10009600                __binary_info_end = .
                0x10009600                . = ALIGN (0x4)
                0x10009600                __etext = .

.ram_vector_table
                0x20000000       0xc0
 *(.ram_vector_table)
 .ram_vector_table
                0x20000000       0xc0 CMakeFiles/SmartSwitch.dir/home/pi/pico/pico-sdk/src/rp2_common/pico_runtime/runtime.c.obj
                0x20000000                ram_vector_table

.data           0x200000c0      0x870 load address 0x10009600
                0x200000c0                __data_start__ = .
 *(vtable)
 *(.time_critical*)
 .time_critical.mutex_enter_blocking
                0x200000c0       0x48 CMakeFiles/SmartSwitch.dir/home/pi/pico/pico-sdk/src/common/pico_sync/mutex.c.obj
                0x200000c0                mutex_enter_blocking
 .time_critical.mutex_try_enter
                0x20000108       0x48 CMakeFiles/SmartSwitch.dir/home/pi/pico/pico-sdk/src/common/pico_sync/mutex.c.obj
                0x20000108                mutex_try_enter
 .time_critical.mutex_enter_block_until
                0x20000150       0x7c CMakeFiles/SmartSwitch.dir/home/pi/pico/pico-sdk/src/common/pico_sync/mutex.c.obj
                0x20000150                mutex_enter_block_until
 .time_critical.mutex_enter_timeout_ms
                0x200001cc       0x6c CMakeFiles/SmartSwitch.dir/home/pi/pico/pico-sdk/src/common/pico_sync/mutex.c.obj
                0x200001cc                mutex_enter_timeout_ms
 .time_critical.mutex_exit
                0x20000238       0x4c CMakeFiles/SmartSwitch.dir/home/pi/pico/pico-sdk/src/common/pico_sync/mutex.c.obj
                0x20000238                mutex_exit
 .time_critical.flash_init_boot2_copyout
                0x20000284       0x30 CMakeFiles/SmartSwitch.dir/home/pi/pico/pico-sdk/src/rp2_common/hardware_flash/flash.c.obj
 .time_critical.flash_enable_xip_via_boot2
                0x200002b4       0x10 CMakeFiles/SmartSwitch.dir/home/pi/pico/pico-sdk/src/rp2_common/hardware_flash/flash.c.obj
 .time_critical.flash_cs_force
                0x200002c4       0x28 CMakeFiles/SmartSwitch.dir/home/pi/pico/pico-sdk/src/rp2_common/hardware_flash/flash.c.obj
 .time_critical.flash_do_cmd
                0x200002ec       0xd4 CMakeFiles/SmartSwitch.dir/home/pi/pico/pico-sdk/src/rp2_common/hardware_flash/flash.c.obj
                0x200002ec                flash_do_cmd
 *(.text*)
 .text          0x200003c0        0x4 /usr/lib/gcc/arm-none-eabi/7.3.1/thumb/v6-m/libgcc.a(_dvmd_tls.o)
                0x200003c0                __aeabi_ldiv0
                0x200003c0                __aeabi_idiv0
 *fill*         0x200003c4        0x4 
 .text.__stub   0x200003c8       0x40 linker stubs
                0x20000408                . = ALIGN (0x4)
 *(.rodata*)
                0x20000408                . = ALIGN (0x4)
 *(.data*)
 .data.tripLimit
                0x20000408        0x4 CMakeFiles/SmartSwitch.dir/SmartSwitch.c.obj
                0x20000408                tripLimit
 .data.striped_spin_lock_num
                0x2000040c        0x1 CMakeFiles/SmartSwitch.dir/home/pi/pico/pico-sdk/src/rp2_common/hardware_sync/sync.c.obj
 *fill*         0x2000040d        0x3 
 .data.default_alarm_pool
                0x20000410       0x18 CMakeFiles/SmartSwitch.dir/home/pi/pico/pico-sdk/src/common/pico_time/time.c.obj
 .data.default_alarm_pool_heap
                0x20000428       0x10 CMakeFiles/SmartSwitch.dir/home/pi/pico/pico-sdk/src/common/pico_time/time.c.obj
 .data          0x20000438       0x48 CMakeFiles/SmartSwitch.dir/home/pi/pico/pico-sdk/src/rp2_common/hardware_irq/irq_handler_chain.S.obj
                0x20000438                irq_handler_chain_slots
                0x20000468                irq_handler_chain_first_slot
                0x20000472                irq_handler_chain_remove_tail
 *fill*         0x20000480        0x0 
 .data.aeabi_bits_funcs
                0x20000480       0x10 CMakeFiles/SmartSwitch.dir/home/pi/pico/pico-sdk/src/rp2_common/pico_bit_ops/bit_ops_aeabi.S.obj
                0x20000480                aeabi_bits_funcs
                0x20000490                aeabi_bits_funcs_end
 .data.aeabi_mem_funcs
                0x20000490       0x10 CMakeFiles/SmartSwitch.dir/home/pi/pico/pico-sdk/src/rp2_common/pico_mem_ops/mem_ops_aeabi.S.obj
                0x20000490                aeabi_mem_funcs
                0x200004a0                aeabi_mem_funcs_end
 .data.stdio_usb
                0x200004a0       0x14 CMakeFiles/SmartSwitch.dir/home/pi/pico/pico-sdk/src/rp2_common/pico_stdio_usb/stdio_usb.c.obj
                0x200004a0                stdio_usb
 .data.ep_dir_string
                0x200004b4        0x8 CMakeFiles/SmartSwitch.dir/home/pi/pico/pico-sdk/lib/tinyusb/src/portable/raspberrypi/rp2040/rp2040_usb.c.obj
                0x200004b4                ep_dir_string
 .data._usbd_qdef
                0x200004bc       0x24 CMakeFiles/SmartSwitch.dir/home/pi/pico/pico-sdk/lib/tinyusb/src/device/usbd.c.obj
                0x200004bc                _usbd_qdef