Archive member included to satisfy reference by file (symbol)

/usr/lib/gcc/arm-none-eabi/7.3.1/thumb/v6-m/libgcc.a(_dvmd_tls.o)
                              CMakeFiles/SmartSwitch.dir/home/pi/pico/pico-sdk/src/rp2_common/pico_divider/divider.S.obj (__aeabi_idiv0)
/usr/lib/gcc/arm-none-eabi/7.3.1/../../../arm-none-eabi/lib/thumb/v6-m/libg.a(lib_a-atexit.o)
                              /usr/lib/gcc/arm-none-eabi/7.3.1/../../../arm-none-eabi/lib/thumb/v6-m/crt0.o (atexit)
/usr/lib/gcc/arm-none-eabi/7.3.1/../../../arm-none-eabi/lib/thumb/v6-m/libg.a(lib_a-atoi.o)
                              CMakeFiles/SmartSwitch.dir/SmartSwitch.c.obj (atoi)
/usr/lib/gcc/arm-none-eabi/7.3.1/../../../arm-none-eabi/lib/thumb/v6-m/libg.a(lib_a-calloc.o)
                              CMakeFiles/SmartSwitch.dir/home/pi/pico/pico-sdk/src/rp2_common/pico_malloc/pico_malloc.c.obj (calloc)
/usr/lib/gcc/arm-none-eabi/7.3.1/../../../arm-none-eabi/lib/thumb/v6-m/libg.a(lib_a-callocr.o)
                              /usr/lib/gcc/arm-none-eabi/7.3.1/../../../arm-none-eabi/lib/thumb/v6-m/libg.a(lib_a-calloc.o) (_calloc_r)
/usr/lib/gcc/arm-none-eabi/7.3.1/../../../arm-none-eabi/lib/thumb/v6-m/libg.a(lib_a-ctype_.o)
                              CMakeFiles/SmartSwitch.dir/home/pi/pico/pico-sdk/lib/tinyusb/src/tusb.c.obj (_ctype_)
/usr/lib/gcc/arm-none-eabi/7.3.1/../../../arm-none-eabi/lib/thumb/v6-m/libg.a(lib_a-fini.o)
                              /usr/lib/gcc/arm-none-eabi/7.3.1/../../../arm-none-eabi/lib/thumb/v6-m/crt0.o (__libc_fini_array)
/usr/lib/gcc/arm-none-eabi/7.3.1/../../../arm-none-eabi/lib/thumb/v6-m/libg.a(lib_a-impure.o)
                              /usr/lib/gcc/arm-none-eabi/7.3.1/../../../arm-none-eabi/lib/thumb/v6-m/libg.a(lib_a-calloc.o) (_impure_ptr)
/usr/lib/gcc/arm-none-eabi/7.3.1/../../../arm-none-eabi/lib/thumb/v6-m/libg.a(lib_a-init.o)
                              /usr/lib/gcc/arm-none-eabi/7.3.1/../../../arm-none-eabi/lib/thumb/v6-m/crt0.o (__libc_init_array)
/usr/lib/gcc/arm-none-eabi/7.3.1/../../../arm-none-eabi/lib/thumb/v6-m/libg.a(lib_a-malloc.o)
                              CMakeFiles/SmartSwitch.dir/home/pi/pico/pico-sdk/src/rp2_common/pico_malloc/pico_malloc.c.obj (malloc)
/usr/lib/gcc/arm-none-eabi/7.3.1/../../../arm-none-eabi/lib/thumb/v6-m/libg.a(lib_a-mallocr.o)
                              /usr/lib/gcc/arm-none-eabi/7.3.1/../../../arm-none-eabi/lib/thumb/v6-m/libg.a(lib_a-callocr.o) (_malloc_r)
/usr/lib/gcc/arm-none-eabi/7.3.1/../../../arm-none-eabi/lib/thumb/v6-m/libg.a(lib_a-mlock.o)
                              /usr/lib/gcc/arm-none-eabi/7.3.1/../../../arm-none-eabi/lib/thumb/v6-m/libg.a(lib_a-mallocr.o) (__malloc_lock)
/usr/lib/gcc/arm-none-eabi/7.3.1/../../../arm-none-eabi/lib/thumb/v6-m/libg.a(lib_a-sbrkr.o)
                              /usr/lib/gcc/arm-none-eabi/7.3.1/../../../arm-none-eabi/lib/thumb/v6-m/libg.a(lib_a-mallocr.o) (_sbrk_r)
/usr/lib/gcc/arm-none-eabi/7.3.1/../../../arm-none-eabi/lib/thumb/v6-m/libg.a(lib_a-strlen-stub.o)
                              CMakeFiles/SmartSwitch.dir/home/pi/pico/pico-sdk/src/rp2_common/pico_stdio/stdio.c.obj (strlen)
/usr/lib/gcc/arm-none-eabi/7.3.1/../../../arm-none-eabi/lib/thumb/v6-m/libg.a(lib_a-strtol.o)
                              /usr/lib/gcc/arm-none-eabi/7.3.1/../../../arm-none-eabi/lib/thumb/v6-m/libg.a(lib_a-atoi.o) (_strtol_r)
/usr/lib/gcc/arm-none-eabi/7.3.1/../../../arm-none-eabi/lib/thumb/v6-m/libg.a(lib_a-__atexit.o)
                              /usr/lib/gcc/arm-none-eabi/7.3.1/../../../arm-none-eabi/lib/thumb/v6-m/libg.a(lib_a-atexit.o) (__register_exitproc)
/usr/lib/gcc/arm-none-eabi/7.3.1/../../../arm-none-eabi/lib/thumb/v6-m/libg.a(lib_a-freer.o)
                              /usr/lib/gcc/arm-none-eabi/7.3.1/../../../arm-none-eabi/lib/thumb/v6-m/libg.a(lib_a-malloc.o) (_free_r)
/usr/lib/gcc/arm-none-eabi/7.3.1/../../../arm-none-eabi/lib/thumb/v6-m/libg.a(lib_a-reent.o)
                              /usr/lib/gcc/arm-none-eabi/7.3.1/../../../arm-none-eabi/lib/thumb/v6-m/libg.a(lib_a-sbrkr.o) (errno)

Allocating common symbols
Common symbol       size              file

sf_table            0x100             CMakeFiles/SmartSwitch.dir/home/pi/pico/pico-sdk/src/rp2_common/pico_float/float_init_rom.c.obj
errno               0x4               /usr/lib/gcc/arm-none-eabi/7.3.1/../../../arm-none-eabi/lib/thumb/v6-m/libg.a(lib_a-reent.o)
_usbd_qdef_buf      0xc0              CMakeFiles/SmartSwitch.dir/home/pi/pico/pico-sdk/lib/tinyusb/src/device/usbd.c.obj
adcTime             0x4               CMakeFiles/SmartSwitch.dir/SmartSwitch.c.obj
buffer              0x55              CMakeFiles/SmartSwitch.dir/SmartSwitch.c.obj
sd_table            0x100             CMakeFiles/SmartSwitch.dir/home/pi/pico/pico-sdk/src/rp2_common/pico_double/double_init_rom.c.obj
uart_char_to_line_feed
                    0x4               CMakeFiles/SmartSwitch.dir/home/pi/pico/pico-sdk/src/rp2_common/hardware_uart/uart.c.obj
[...]
Memory Configuration

Name             Origin             Length             Attributes
FLASH            0x10000000         0x00200000         xr
RAM              0x20000000         0x00040000         xrw
SCRATCH_X        0x20040000         0x00001000         xrw
SCRATCH_Y        0x20041000         0x00001000         xrw
*default*        0x00000000         0xffffffff

Linker script and memory map

LOAD /usr/lib/gcc/arm-none-eabi/7.3.1/thumb/v6-m/crti.o
LOAD /usr/lib/gcc/arm-none-eabi/7.3.1/thumb/v6-m/crtbegin.o
LOAD /usr/lib/gcc/arm-none-eabi/7.3.1/../../../arm-none-eabi/lib/thumb/v6-m/crt0.o

.flash_begin    0x10000000        0x0
                0x10000000                __flash_binary_start = .

.boot2          0x10000000      0x100
                0x10000000                __boot2_start__ = .
 *(.boot2)
 .boot2         0x10000000      0x100 /tmp/ccgfwkV2.o
                0x10000100                __boot2_end__ = .
                0x00000001                ASSERT (((__boot2_end__ - __boot2_start__) == 0x100), ERROR: Pico second stage bootloader must be 256 bytes in size)

.text           0x10000100     0x7b08
                0x10000100                __logical_binary_start = .
 *(.vectors)
 .vectors       0x10000100       0xd4 CMakeFiles/SmartSwitch.dir/home/pi/pico/pico-sdk/src/rp2_common/pico_standard_link/crt0.S.obj
                0x10000100                __vectors
                0x10000100                __VECTOR_TABLE
                0x100001c0                isr_invalid
                0x100001c0                __default_isrs_start
                0x100001c2                isr_nmi
                0x100001c4                isr_hardfault
                0x100001c6                isr_svcall
                0x100001c8                isr_pendsv
                0x100001ca                isr_systick
                0x100001cc                isr_irq30
                0x100001cc                __unhandled_user_irq
                0x100001cc                isr_irq13
                0x100001cc                isr_irq27
                0x100001cc                isr_irq31
                0x100001cc                isr_irq5
                0x100001cc                isr_irq11
                0x100001cc                isr_irq23
                0x100001cc                isr_irq18
                0x100001cc                isr_irq28
                0x100001cc                isr_irq19
                0x100001cc                isr_irq0
                0x100001cc                isr_irq6
                0x100001cc                isr_irq22
                0x100001cc                isr_irq17
                0x100001cc                isr_irq14
                0x100001cc                isr_irq2
                0x100001cc                isr_irq10
                0x100001cc                isr_irq8
                0x100001cc                isr_irq24
                0x100001cc                isr_irq1
                0x100001cc                isr_irq7
                0x100001cc                isr_irq21
                0x100001cc                isr_irq20
                0x100001cc                isr_irq15
                0x100001cc                isr_irq25
                0x100001cc                isr_irq4
                0x100001cc                isr_irq16
                0x100001cc                isr_irq29
                0x100001cc                isr_irq26
                0x100001cc                __default_isrs_end
                0x100001cc                isr_irq3
                0x100001cc                isr_irq12
                0x100001cc                isr_irq9
                0x100001d2                unhandled_user_irq_num_in_r0
 *(.binary_info_header)
 .binary_info_header
                0x100001d4       0x14 CMakeFiles/SmartSwitch.dir/home/pi/pico/pico-sdk/src/rp2_common/pico_standard_link/crt0.S.obj
                0x100001e8                __binary_info_header_end = .
 *(.reset)
 .reset         0x100001e8       0xa8 CMakeFiles/SmartSwitch.dir/home/pi/pico/pico-sdk/src/rp2_common/pico_standard_link/crt0.S.obj
                0x100001e8                _entry_point
                0x10000266                __get_current_exception
 .reset         0x10000290       0x30 CMakeFiles/SmartSwitch.dir/home/pi/pico/pico-sdk/src/rp2_common/pico_standard_link/binary_info.c.obj
 *(.init)
 .init          0x100002c0        0x4 /usr/lib/gcc/arm-none-eabi/7.3.1/thumb/v6-m/crti.o
                0x100002c0                _init
 *(EXCLUDE_FILE(*libm.a: *libc.a:*lib_a-mem*.o *libgcc.a:) .text*)
 .text          0x100002c4       0x98 /usr/lib/gcc/arm-none-eabi/7.3.1/thumb/v6-m/crtbegin.o
 .text.absolute_time_diff_us
                0x1000035c        0xa CMakeFiles/SmartSwitch.dir/SmartSwitch.c.obj
 .text.gpio_get_all
                0x10000366        0x8 CMakeFiles/SmartSwitch.dir/SmartSwitch.c.obj
 .text.gpio_put
                0x1000036e       0x18 CMakeFiles/SmartSwitch.dir/SmartSwitch.c.obj
 *fill*         0x10000386        0x2 
 .text.get_absolute_time
                0x10000388       0x2c CMakeFiles/SmartSwitch.dir/SmartSwitch.c.obj
 .text.mygetchar
                0x100003b4       0x10 CMakeFiles/SmartSwitch.dir/SmartSwitch.c.obj
                0x100003b4                mygetchar
 .text.readLine
                0x100003c4       0x38 CMakeFiles/SmartSwitch.dir/SmartSwitch.c.obj
                0x100003c4                readLine
 .text.port_init
                0x100003fc       0x80 CMakeFiles/SmartSwitch.dir/SmartSwitch.c.obj
                0x100003fc                port_init
 .text.variable_init
                0x1000047c       0x30 CMakeFiles/SmartSwitch.dir/SmartSwitch.c.obj
                0x1000047c                variable_init
 .text.tripReset
                0x100004ac       0x20 CMakeFiles/SmartSwitch.dir/SmartSwitch.c.obj
                0x100004ac                tripReset
 .text.trips    0x100004cc       0x68 CMakeFiles/SmartSwitch.dir/SmartSwitch.c.obj
                0x100004cc                trips
 .text.SM73201_ADC_Raw
                0x10000534       0xe4 CMakeFiles/SmartSwitch.dir/SmartSwitch.c.obj
                0x10000534                SM73201_ADC_Raw
 .text.SM73201_ADC_Remap
                0x10000618      0x1b4 CMakeFiles/SmartSwitch.dir/SmartSwitch.c.obj
                0x10000618                SM73201_ADC_Remap
 .text.readCurent
                0x100007cc       0x74 CMakeFiles/SmartSwitch.dir/SmartSwitch.c.obj
                0x100007cc                readCurent
 .text.readMultiple
                0x10000840       0xbc CMakeFiles/SmartSwitch.dir/SmartSwitch.c.obj
                0x10000840                readMultiple
 .text.main     0x100008fc      0x1fc CMakeFiles/SmartSwitch.dir/SmartSwitch.c.obj
                0x100008fc                main
 .text.gpio_set_function
                0x10000af8       0x30 CMakeFiles/SmartSwitch.dir/home/pi/pico/pico-sdk/src/rp2_common/hardware_gpio/gpio.c.obj
                0x10000af8                gpio_set_function
 .text.gpio_init
                0x10000b28       0x16 CMakeFiles/SmartSwitch.dir/home/pi/pico/pico-sdk/src/rp2_common/hardware_gpio/gpio.c.obj
                0x10000b28                gpio_init
 .text.gpio_init_mask
                0x10000b3e       0x1e CMakeFiles/SmartSwitch.dir/home/pi/pico/pico-sdk/src/rp2_common/hardware_gpio/gpio.c.obj
                0x10000b3e                gpio_init_mask
 .text.hw_claim_lock
                0x10000b5c       0x18 CMakeFiles/SmartSwitch.dir/home/pi/pico/pico-sdk/src/rp2_common/hardware_claim/claim.c.obj
                0x10000b5c                hw_claim_lock
 .text.hw_claim_unlock
                0x10000b74       0x14 CMakeFiles/SmartSwitch.dir/home/pi/pico/pico-sdk/src/rp2_common/hardware_claim/claim.c.obj
                0x10000b74                hw_claim_unlock
 .text.hw_claim_or_assert
                0x10000b88       0x32 CMakeFiles/SmartSwitch.dir/home/pi/pico/pico-sdk/src/rp2_common/hardware_claim/claim.c.obj
                0x10000b88                hw_claim_or_assert
 .text.hw_claim_unused_from_range
                0x10000bba       0x50 CMakeFiles/SmartSwitch.dir/home/pi/pico/pico-sdk/src/rp2_common/hardware_claim/claim.c.obj
                0x10000bba                hw_claim_unused_from_range
 *fill*         0x10000c0a        0x2 
 .text.running_on_fpga
                0x10000c0c       0x14 CMakeFiles/SmartSwitch.dir/home/pi/pico/pico-sdk/src/rp2_common/pico_platform/platform.c.obj
                0x10000c0c                running_on_fpga
 .text.spin_locks_reset
                0x10000c20       0x20 CMakeFiles/SmartSwitch.dir/home/pi/pico/pico-sdk/src/rp2_common/hardware_sync/sync.c.obj
                0x10000c20                spin_locks_reset
 .text.next_striped_spin_lock_num
                0x10000c40       0x1c CMakeFiles/SmartSwitch.dir/home/pi/pico/pico-sdk/src/rp2_common/hardware_sync/sync.c.obj
                0x10000c40                next_striped_spin_lock_num
 .text.spin_lock_claim_unused
                0x10000c5c       0x20 CMakeFiles/SmartSwitch.dir/home/pi/pico/pico-sdk/src/rp2_common/hardware_sync/sync.c.obj
                0x10000c5c                spin_lock_claim_unused
 .text.alarm_pool_post_alloc_init
                0x10000c7c       0x40 CMakeFiles/SmartSwitch.dir/home/pi/pico/pico-sdk/src/common/pico_time/time.c.obj
 .text.sleep_until_callback
                0x10000cbc       0x30 CMakeFiles/SmartSwitch.dir/home/pi/pico/pico-sdk/src/common/pico_time/time.c.obj
 .text.timer_pool_entry_comparator
                0x10000cec       0x7c CMakeFiles/SmartSwitch.dir/home/pi/pico/pico-sdk/src/common/pico_time/time.c.obj
                0x10000cec                timer_pool_entry_comparator
 .text.ph_add_child_node
                0x10000d68       0xa4 CMakeFiles/SmartSwitch.dir/home/pi/pico/pico-sdk/src/common/pico_time/time.c.obj
 .text.ph_merge_nodes
                0x10000e0c       0x3a CMakeFiles/SmartSwitch.dir/home/pi/pico/pico-sdk/src/common/pico_time/time.c.obj
 *fill*         0x10000e46        0x2 
 .text.add_alarm_under_lock
                0x10000e48      0x180 CMakeFiles/SmartSwitch.dir/home/pi/pico/pico-sdk/src/common/pico_time/time.c.obj
 .text.alarm_pool_alarm_callback
                0x10000fc8      0x344 CMakeFiles/SmartSwitch.dir/home/pi/pico/pico-sdk/src/common/pico_time/time.c.obj
 .text.alarm_pool_init_default
                0x1000130c       0x38 CMakeFiles/SmartSwitch.dir/home/pi/pico/pico-sdk/src/common/pico_time/time.c.obj
                0x1000130c                alarm_pool_init_default
 .text.alarm_pool_get_default
                0x10001344       0x2c CMakeFiles/SmartSwitch.dir/home/pi/pico/pico-sdk/src/common/pico_time/time.c.obj
                0x10001344                alarm_pool_get_default
 .text.alarm_pool_add_alarm_at
                0x10001370      0x168 CMakeFiles/SmartSwitch.dir/home/pi/pico/pico-sdk/src/common/pico_time/time.c.obj
                0x10001370                alarm_pool_add_alarm_at
 .text.alarm_pool_cancel_alarm
                0x100014d8       0xec CMakeFiles/SmartSwitch.dir/home/pi/pico/pico-sdk/src/common/pico_time/time.c.obj
                0x100014d8                alarm_pool_cancel_alarm
 .text.sleep_until
                0x100015c4       0xfc CMakeFiles/SmartSwitch.dir/home/pi/pico/pico-sdk/src/common/pico_time/time.c.obj
                0x100015c4                sleep_until
 .text.sleep_us
                0x100016c0       0x54 CMakeFiles/SmartSwitch.dir/home/pi/pico/pico-sdk/src/common/pico_time/time.c.obj
                0x100016c0                sleep_us
 .text.sleep_ms
                0x10001714       0x14 CMakeFiles/SmartSwitch.dir/home/pi/pico/pico-sdk/src/common/pico_time/time.c.obj
                0x10001714                sleep_ms
 .text.best_effort_wfe_or_timeout
                0x10001728       0x80 CMakeFiles/SmartSwitch.dir/home/pi/pico/pico-sdk/src/common/pico_time/time.c.obj
                0x10001728                best_effort_wfe_or_timeout
 .text.hardware_alarm_irq_handler
                0x100017a8       0x8c CMakeFiles/SmartSwitch.dir/home/pi/pico/pico-sdk/src/rp2_common/hardware_timer/timer.c.obj
 .text.hardware_alarm_claim
                0x10001834       0x18 CMakeFiles/SmartSwitch.dir/home/pi/pico/pico-sdk/src/rp2_common/hardware_timer/timer.c.obj
                0x10001834                hardware_alarm_claim
 .text.time_us_64
                0x1000184c       0x18 CMakeFiles/SmartSwitch.dir/home/pi/pico/pico-sdk/src/rp2_common/hardware_timer/timer.c.obj
                0x1000184c                time_us_64
 .text.busy_wait_until
                0x10001864       0x28 CMakeFiles/SmartSwitch.dir/home/pi/pico/pico-sdk/src/rp2_common/hardware_timer/timer.c.obj
                0x10001864                busy_wait_until
 .text.busy_wait_us
                0x1000188c       0x48 CMakeFiles/SmartSwitch.dir/home/pi/pico/pico-sdk/src/rp2_common/hardware_timer/timer.c.obj
                0x1000188c                busy_wait_us
 .text.hardware_alarm_set_callback
                0x100018d4       0x90 CMakeFiles/SmartSwitch.dir/home/pi/pico/pico-sdk/src/rp2_common/hardware_timer/timer.c.obj
                0x100018d4                hardware_alarm_set_callback
 .text.hardware_alarm_set_target
                0x10001964       0xe8 CMakeFiles/SmartSwitch.dir/home/pi/pico/pico-sdk/src/rp2_common/hardware_timer/timer.c.obj
                0x10001964                hardware_alarm_set_target
 .text.hardware_alarm_cancel
                0x10001a4c       0x40 CMakeFiles/SmartSwitch.dir/home/pi/pico/pico-sdk/src/rp2_common/hardware_timer/timer.c.obj
                0x10001a4c                hardware_alarm_cancel
 .text.lock_init
                0x10001a8c       0x10 CMakeFiles/SmartSwitch.dir/home/pi/pico/pico-sdk/src/common/pico_sync/lock_core.c.obj
                0x10001a8c                lock_init
 .text.mutex_init
                0x10001a9c       0x1a CMakeFiles/SmartSwitch.dir/home/pi/pico/pico-sdk/src/common/pico_sync/mutex.c.obj
                0x10001a9c                mutex_init
 .text.recursive_mutex_init
                0x10001ab6       0x1e CMakeFiles/SmartSwitch.dir/home/pi/pico/pico-sdk/src/common/pico_sync/mutex.c.obj
                0x10001ab6                recursive_mutex_init
 .text.critical_section_init_with_lock_num
                0x10001ad4       0x14 CMakeFiles/SmartSwitch.dir/home/pi/pico/pico-sdk/src/common/pico_sync/critical_section.c.obj
                0x10001ad4                critical_section_init_with_lock_num
 .text.critical_section_init
                0x10001ae8       0x14 CMakeFiles/SmartSwitch.dir/home/pi/pico/pico-sdk/src/common/pico_sync/critical_section.c.obj
                0x10001ae8                critical_section_init
 .text.ph_add_child_node
                0x10001afc       0xa4 CMakeFiles/SmartSwitch.dir/home/pi/pico/pico-sdk/src/common/pico_util/pheap.c.obj
 .text.ph_merge_nodes
                0x10001ba0       0x3a CMakeFiles/SmartSwitch.dir/home/pi/pico/pico-sdk/src/common/pico_util/pheap.c.obj
 *fill*         0x10001bda        0x2 
 .text.ph_clear
                0x10001bdc       0x70 CMakeFiles/SmartSwitch.dir/home/pi/pico/pico-sdk/src/common/pico_util/pheap.c.obj
                0x10001bdc                ph_clear
 .text.ph_post_alloc_init
                0x10001c4c        0xe CMakeFiles/SmartSwitch.dir/home/pi/pico/pico-sdk/src/common/pico_util/pheap.c.obj
                0x10001c4c                ph_post_alloc_init
 *fill*         0x10001c5a        0x2 
 .text.ph_merge_two_pass
                0x10001c5c       0xac CMakeFiles/SmartSwitch.dir/home/pi/pico/pico-sdk/src/common/pico_util/pheap.c.obj
                0x10001c5c                ph_merge_two_pass
 .text.ph_remove_any_head
                0x10001d08      0x108 CMakeFiles/SmartSwitch.dir/home/pi/pico/pico-sdk/src/common/pico_util/pheap.c.obj
 .text.ph_remove_head
                0x10001e10       0x14 CMakeFiles/SmartSwitch.dir/home/pi/pico/pico-sdk/src/common/pico_util/pheap.c.obj
                0x10001e10                ph_remove_head
 .text.ph_remove_and_free_node
                0x10001e24       0xf8 CMakeFiles/SmartSwitch.dir/home/pi/pico/pico-sdk/src/common/pico_util/pheap.c.obj
                0x10001e24                ph_remove_and_free_node
 .text._exit    0x10001f1c        0x4 CMakeFiles/SmartSwitch.dir/home/pi/pico/pico-sdk/src/rp2_common/pico_runtime/runtime.c.obj
                0x10001f1c                _exit
 .text.exit     0x10001f20        0x6 CMakeFiles/SmartSwitch.dir/home/pi/pico/pico-sdk/src/rp2_common/pico_runtime/runtime.c.obj
                0x10001f20                exit
 *fill*         0x10001f26        0x2 
 .text.__assert_func
                0x10001f28       0x3c CMakeFiles/SmartSwitch.dir/home/pi/pico/pico-sdk/src/rp2_common/pico_runtime/runtime.c.obj
                0x10001f28                __assert_func
 .text.runtime_init
                0x10001f64       0xf8 CMakeFiles/SmartSwitch.dir/home/pi/pico/pico-sdk/src/rp2_common/pico_runtime/runtime.c.obj
                0x10001f64                runtime_init
 .text.panic    0x1000205c       0x30 CMakeFiles/SmartSwitch.dir/home/pi/pico/pico-sdk/src/rp2_common/pico_runtime/runtime.c.obj
                0x1000205c                panic
 .text.clock_configure
                0x1000208c       0xfc CMakeFiles/SmartSwitch.dir/home/pi/pico/pico-sdk/src/rp2_common/hardware_clocks/clocks.c.obj
                0x1000208c                clock_configure
 .text.clocks_init
                0x10002188      0x100 CMakeFiles/SmartSwitch.dir/home/pi/pico/pico-sdk/src/rp2_common/hardware_clocks/clocks.c.obj
                0x10002188                clocks_init
 .text.set_raw_irq_handler_and_unlock
                0x10002288       0x28 CMakeFiles/SmartSwitch.dir/home/pi/pico/pico-sdk/src/rp2_common/hardware_irq/irq.c.obj
 .text.make_branch
                0x100022b0       0x48 CMakeFiles/SmartSwitch.dir/home/pi/pico/pico-sdk/src/rp2_common/hardware_irq/irq.c.obj
 .text.insert_branch_and_link
                0x100022f8       0x40 CMakeFiles/SmartSwitch.dir/home/pi/pico/pico-sdk/src/rp2_common/hardware_irq/irq.c.obj
 .text.irq_is_enabled
                0x10002338       0x18 CMakeFiles/SmartSwitch.dir/home/pi/pico/pico-sdk/src/rp2_common/hardware_irq/irq.c.obj
                0x10002338                irq_is_enabled
 .text.irq_set_mask_enabled
                0x10002350       0x20 CMakeFiles/SmartSwitch.dir/home/pi/pico/pico-sdk/src/rp2_common/hardware_irq/irq.c.obj
                0x10002350                irq_set_mask_enabled
 .text.irq_set_enabled
                0x10002370        0xe CMakeFiles/SmartSwitch.dir/home/pi/pico/pico-sdk/src/rp2_common/hardware_irq/irq.c.obj
                0x10002370                irq_set_enabled
 *fill*         0x1000237e        0x2 
 .text.irq_set_pending
                0x10002380       0x10 CMakeFiles/SmartSwitch.dir/home/pi/pico/pico-sdk/src/rp2_common/hardware_irq/irq.c.obj
                0x10002380                irq_set_pending
 .text.irq_get_vtable_handler
                0x10002390       0x10 CMakeFiles/SmartSwitch.dir/home/pi/pico/pico-sdk/src/rp2_common/hardware_irq/irq.c.obj
                0x10002390                irq_get_vtable_handler
 .text.irq_set_exclusive_handler
                0x100023a0       0x54 CMakeFiles/SmartSwitch.dir/home/pi/pico/pico-sdk/src/rp2_common/hardware_irq/irq.c.obj
                0x100023a0                irq_set_exclusive_handler
 .text.irq_remove_handler
                0x100023f4      0x1ac CMakeFiles/SmartSwitch.dir/home/pi/pico/pico-sdk/src/rp2_common/hardware_irq/irq.c.obj
                0x100023f4                irq_remove_handler
 .text.irq_add_tail_to_free_list
                0x100025a0       0xf0 CMakeFiles/SmartSwitch.dir/home/pi/pico/pico-sdk/src/rp2_common/hardware_irq/irq.c.obj
                0x100025a0                irq_add_tail_to_free_list
 .text.irq_init_priorities
                0x10002690       0x1c CMakeFiles/SmartSwitch.dir/home/pi/pico/pico-sdk/src/rp2_common/hardware_irq/irq.c.obj
                0x10002690                irq_init_priorities
 .text.pll_init
                0x100026ac      0x11c CMakeFiles/SmartSwitch.dir/home/pi/pico/pico-sdk/src/rp2_common/hardware_pll/pll.c.obj
                0x100026ac                pll_init
 .text.watchdog_start_tick
                0x100027c8       0x10 CMakeFiles/SmartSwitch.dir/home/pi/pico/pico-sdk/src/rp2_common/hardware_watchdog/watchdog.c.obj
                0x100027c8                watchdog_start_tick
 .text.watchdog_update
                0x100027d8       0x14 CMakeFiles/SmartSwitch.dir/home/pi/pico/pico-sdk/src/rp2_common/hardware_watchdog/watchdog.c.obj
                0x100027d8                watchdog_update
 .text._watchdog_enable
                0x100027ec       0x74 CMakeFiles/SmartSwitch.dir/home/pi/pico/pico-sdk/src/rp2_common/hardware_watchdog/watchdog.c.obj
                0x100027ec                _watchdog_enable
 .text.watchdog_reboot
                0x10002860       0x44 CMakeFiles/SmartSwitch.dir/home/pi/pico/pico-sdk/src/rp2_common/hardware_watchdog/watchdog.c.obj
                0x10002860                watchdog_reboot
 .text.xosc_init
                0x100028a4       0x28 CMakeFiles/SmartSwitch.dir/home/pi/pico/pico-sdk/src/rp2_common/hardware_xosc/xosc.c.obj
                0x100028a4                xosc_init
 .text._out_null
                0x100028cc        0x2 CMakeFiles/SmartSwitch.dir/home/pi/pico/pico-sdk/src/rp2_common/pico_printf/printf.c.obj
 .text._out_fct
                0x100028ce        0xe CMakeFiles/SmartSwitch.dir/home/pi/pico/pico-sdk/src/rp2_common/pico_printf/printf.c.obj
 .text._atoi    0x100028dc       0x24 CMakeFiles/SmartSwitch.dir/home/pi/pico/pico-sdk/src/rp2_common/pico_printf/printf.c.obj
 .text._out_rev
                0x10002900       0x8c CMakeFiles/SmartSwitch.dir/home/pi/pico/pico-sdk/src/rp2_common/pico_printf/printf.c.obj
 .text._ntoa_format
                0x1000298c      0x112 CMakeFiles/SmartSwitch.dir/home/pi/pico/pico-sdk/src/rp2_common/pico_printf/printf.c.obj
 .text._ntoa_long
                0x10002a9e       0x9e CMakeFiles/SmartSwitch.dir/home/pi/pico/pico-sdk/src/rp2_common/pico_printf/printf.c.obj
 .text._ntoa_long_long
                0x10002b3c       0xe2 CMakeFiles/SmartSwitch.dir/home/pi/pico/pico-sdk/src/rp2_common/pico_printf/printf.c.obj
 *fill*         0x10002c1e        0x2 
 .text._etoa    0x10002c20      0x424 CMakeFiles/SmartSwitch.dir/home/pi/pico/pico-sdk/src/rp2_common/pico_printf/printf.c.obj
 .text._ftoa    0x10003044      0x340 CMakeFiles/SmartSwitch.dir/home/pi/pico/pico-sdk/src/rp2_common/pico_printf/printf.c.obj
 .text._vsnprintf
                0x10003384      0x640 CMakeFiles/SmartSwitch.dir/home/pi/pico/pico-sdk/src/rp2_common/pico_printf/printf.c.obj
 .text.vfctprintf
                0x100039c4       0x20 CMakeFiles/SmartSwitch.dir/home/pi/pico/pico-sdk/src/rp2_common/pico_printf/printf.c.obj
                0x100039c4                vfctprintf
 .text          0x100039e4       0x10 CMakeFiles/SmartSwitch.dir/home/pi/pico/pico-sdk/src/rp2_common/pico_bit_ops/bit_ops_aeabi.S.obj
 .text.rom_func_lookup
                0x100039f4       0x10 CMakeFiles/SmartSwitch.dir/home/pi/pico/pico-sdk/src/rp2_common/pico_bootrom/bootrom.c.obj
                0x100039f4                rom_func_lookup
 .text.rom_data_lookup
                0x10003a04       0x10 CMakeFiles/SmartSwitch.dir/home/pi/pico/pico-sdk/src/rp2_common/pico_bootrom/bootrom.c.obj
                0x10003a04                rom_data_lookup
 .text.rom_funcs_lookup
                0x10003a14       0x36 CMakeFiles/SmartSwitch.dir/home/pi/pico/pico-sdk/src/rp2_common/pico_bootrom/bootrom.c.obj
                0x10003a14                rom_funcs_lookup
 *fill*         0x10003a4a        0x2 
 .text.__wrap___aeabi_idiv
                0x10003a4c       0x50 CMakeFiles/SmartSwitch.dir/home/pi/pico/pico-sdk/src/rp2_common/pico_divider/divider.S.obj
                0x10003a4c                __wrap___aeabi_idivmod
                0x10003a4c                divmod_s32s32
                0x10003a4c                div_s32s32
                0x10003a4c                __wrap___aeabi_idiv
                0x10003a54                divmod_s32s32_unsafe
                0x10003a80                divmod_s32s32_savestate
 .text.__wrap___aeabi_uidiv
                0x10003a9c       0x4c CMakeFiles/SmartSwitch.dir/home/pi/pico/pico-sdk/src/rp2_common/pico_divider/divider.S.obj
                0x10003a9c                __wrap___aeabi_uidiv
                0x10003a9c                __wrap___aeabi_uidivmod
                0x10003a9c                div_u32u32
                0x10003a9c                divmod_u32u32
                0x10003aa4                divmod_u32u32_unsafe
                0x10003acc                divmod_u32u32_savestate
 .text.__wrap___aeabi_ldiv
                0x10003ae8      0x434 CMakeFiles/SmartSwitch.dir/home/pi/pico/pico-sdk/src/rp2_common/pico_divider/divider.S.obj
                0x10003ae8                div_s64s64
                0x10003ae8                divmod_s64s64
                0x10003ae8                __wrap___aeabi_ldivmod
                0x10003b20                div_u64u64
                0x10003b20                divmod_u64u64
                0x10003b20                __wrap___aeabi_uldivmod
                0x10003b30                divmod_u64u64_savestate
                0x10003b58                divmod_s64s64_unsafe
                0x10003be0                divmod_u64u64_unsafe
 .text.__wrap___aeabi_darithmetic
                0x10003f1c       0x80 CMakeFiles/SmartSwitch.dir/home/pi/pico/pico-sdk/src/rp2_common/pico_double/double_aeabi.S.obj
                0x10003f1c                __wrap___aeabi_drsub
                0x10003f22                __wrap___aeabi_dsub
                0x10003f34                __wrap___aeabi_dadd
                0x10003f46                __wrap___aeabi_ddiv
                0x10003f82                __wrap___aeabi_dmul
 .text.__wrap___aeabi_cdcmple
                0x10003f9c       0x6c CMakeFiles/SmartSwitch.dir/home/pi/pico/pico-sdk/src/rp2_common/pico_double/double_aeabi.S.obj
                0x10003f9c                __wrap___aeabi_cdrcmple
                0x10003fac                __wrap___aeabi_cdcmple
                0x10003fac                __wrap___aeabi_cdcmpeq
 .text.__wrap___aeabi_dcmplt
                0x10004008        0xc CMakeFiles/SmartSwitch.dir/home/pi/pico/pico-sdk/src/rp2_common/pico_double/double_aeabi.S.obj
                0x10004008                __wrap___aeabi_dcmplt
 .text.__wrap___aeabi_dcmple
                0x10004014       0x10 CMakeFiles/SmartSwitch.dir/home/pi/pico/pico-sdk/src/rp2_common/pico_double/double_aeabi.S.obj
                0x10004014                __wrap___aeabi_dcmple
 .text.__wrap___aeabi_dcmpge
                0x10004024       0x10 CMakeFiles/SmartSwitch.dir/home/pi/pico/pico-sdk/src/rp2_common/pico_double/double_aeabi.S.obj
                0x10004024                __wrap___aeabi_dcmpge
 .text.__wrap___aeabi_dcmpgt
                0x10004034        0xa CMakeFiles/SmartSwitch.dir/home/pi/pico/pico-sdk/src/rp2_common/pico_double/double_aeabi.S.obj
                0x10004034                __wrap___aeabi_dcmpgt
 .text.__wrap___aeabi_dcmpun
                0x1000403e       0x1c CMakeFiles/SmartSwitch.dir/home/pi/pico/pico-sdk/src/rp2_common/pico_double/double_aeabi.S.obj
                0x1000403e                __wrap___aeabi_dcmpun
 *fill*         0x1000405a        0x2 
 .text.__wrap___aeabi_i2d
                0x1000405c       0x38 CMakeFiles/SmartSwitch.dir/home/pi/pico/pico-sdk/src/rp2_common/pico_double/double_aeabi.S.obj
                0x1000405c                __wrap___aeabi_ui2d
                0x10004064                __wrap___aeabi_i2d
 .text.__wrap___aeabi_d2iz
                0x10004094       0x48 CMakeFiles/SmartSwitch.dir/home/pi/pico/pico-sdk/src/rp2_common/pico_double/double_aeabi.S.obj
                0x10004094                __wrap___aeabi_d2iz
                0x10004094                double2int_z
 .text.__wrap___aeabi_d2uiz
                0x100040dc       0x18 CMakeFiles/SmartSwitch.dir/home/pi/pico/pico-sdk/src/rp2_common/pico_double/double_aeabi.S.obj
                0x100040dc                double2uint
                0x100040dc                __wrap___aeabi_d2uiz
 .text.__aeabi_double_init
                0x100040f4       0xc8 CMakeFiles/SmartSwitch.dir/home/pi/pico/pico-sdk/src/rp2_common/pico_double/double_init_rom.c.obj
                0x100040f4                __aeabi_double_init
 .text.double_table_shim_on_use_helper
                0x100041bc       0x34 CMakeFiles/SmartSwitch.dir/home/pi/pico/pico-sdk/src/rp2_common/pico_double/double_v1_rom_shim.S.obj
                0x100041bc                double_table_shim_on_use_helper
 .text.__wrap___aeabi_dsub
                0x100041f0       0x10 CMakeFiles/SmartSwitch.dir/home/pi/pico/pico-sdk/src/rp2_common/pico_double/double_v1_rom_shim.S.obj
                0x100041f0                drsub_shim
                0x100041f6                dsub_shim
 .text.dadd_shim
                0x10004200      0x15c CMakeFiles/SmartSwitch.dir/home/pi/pico/pico-sdk/src/rp2_common/pico_double/double_v1_rom_shim.S.obj
                0x10004200                dadd_shim
 .text.dmul_shim
                0x1000435c      0x15c CMakeFiles/SmartSwitch.dir/home/pi/pico/pico-sdk/src/rp2_common/pico_double/double_v1_rom_shim.S.obj
                0x1000435c                dmul_shim
 .text.ddiv_shim
                0x100044b8      0x1b0 CMakeFiles/SmartSwitch.dir/home/pi/pico/pico-sdk/src/rp2_common/pico_double/double_v1_rom_shim.S.obj
                0x100044b8                ddiv_shim
 .text.double2uint_shim
                0x10004668        0xe CMakeFiles/SmartSwitch.dir/home/pi/pico/pico-sdk/src/rp2_common/pico_double/double_v1_rom_shim.S.obj
                0x10004668                double2uint_shim
                0x1000466a                double2ufix_shim
 *fill*         0x10004676        0x2 
 .text.double2uint64_shim
                0x10004678       0x70 CMakeFiles/SmartSwitch.dir/home/pi/pico/pico-sdk/src/rp2_common/pico_double/double_v1_rom_shim.S.obj
                0x10004678                double2uint64_shim
                0x1000467a                double2ufix64_shim
                0x1000469a                d2fix_a
 .text.dunpacks
                0x100046e8       0x3c CMakeFiles/SmartSwitch.dir/home/pi/pico/pico-sdk/src/rp2_common/pico_double/double_v1_rom_shim.S.obj
                0x100046e8                dunpacks
 .text.__aeabi_lmul
                0x10004724       0x32 CMakeFiles/SmartSwitch.dir/home/pi/pico/pico-sdk/src/rp2_common/pico_int64_ops/pico_int64_ops_aeabi.S.obj
                0x10004724                __wrap___aeabi_lmul
 *fill*         0x10004756        0x2 
 .text.__wrap___aeabi_farithmetic
                0x10004758       0x58 CMakeFiles/SmartSwitch.dir/home/pi/pico/pico-sdk/src/rp2_common/pico_float/float_aeabi.S.obj
                0x10004758                __wrap___aeabi_frsub
                0x1000475e                __wrap___aeabi_fsub
                0x10004768                __wrap___aeabi_fadd
                0x10004772                __wrap___aeabi_fdiv
                0x1000479e                __wrap___aeabi_fmul
 .text.__wrap___aeabi_cfcmple
                0x100047b0       0x50 CMakeFiles/SmartSwitch.dir/home/pi/pico/pico-sdk/src/rp2_common/pico_float/float_aeabi.S.obj
                0x100047b0                __wrap___aeabi_cfrcmple
                0x100047bc                __wrap___aeabi_cfcmpeq
                0x100047bc                __wrap___aeabi_cfcmple
 .text.__wrap___aeabi_fcmpgt
                0x10004800        0xa CMakeFiles/SmartSwitch.dir/home/pi/pico/pico-sdk/src/rp2_common/pico_float/float_aeabi.S.obj
                0x10004800                __wrap___aeabi_fcmpgt
 .text.__wrap___aeabi_ui2f
                0x1000480a        0xa CMakeFiles/SmartSwitch.dir/home/pi/pico/pico-sdk/src/rp2_common/pico_float/float_aeabi.S.obj
                0x1000480a                __wrap___aeabi_ui2f
 .text.__wrap___aeabi_i2f
                0x10004814       0x44 CMakeFiles/SmartSwitch.dir/home/pi/pico/pico-sdk/src/rp2_common/pico_float/float_aeabi.S.obj
                0x10004814                __wrap___aeabi_i2f
 .text.__wrap___aeabi_f2iz
                0x10004858       0x4e CMakeFiles/SmartSwitch.dir/home/pi/pico/pico-sdk/src/rp2_common/pico_float/float_aeabi.S.obj
                0x10004858                __wrap___aeabi_f2iz
                0x10004858                float2int_z
 *fill*         0x100048a6        0x2 
 .text.float2int
                0x100048a8       0x14 CMakeFiles/SmartSwitch.dir/home/pi/pico/pico-sdk/src/rp2_common/pico_float/float_aeabi.S.obj
                0x100048a8                float2int
 .text.__wrap___aeabi_f2uiz
                0x100048bc       0x10 CMakeFiles/SmartSwitch.dir/home/pi/pico/pico-sdk/src/rp2_common/pico_float/float_aeabi.S.obj
                0x100048bc                __wrap___aeabi_f2uiz
 .text.__wrap___aeabi_f2d
                0x100048cc       0x14 CMakeFiles/SmartSwitch.dir/home/pi/pico/pico-sdk/src/rp2_common/pico_float/float_aeabi.S.obj
                0x100048cc                __wrap___aeabi_f2d
 .text.__aeabi_float_init
                0x100048e0       0xfc CMakeFiles/SmartSwitch.dir/home/pi/pico/pico-sdk/src/rp2_common/pico_float/float_init_rom.c.obj
                0x100048e0                __aeabi_float_init
 .text.float_table_shim_on_use_helper
                0x100049dc       0x34 CMakeFiles/SmartSwitch.dir/home/pi/pico/pico-sdk/src/rp2_common/pico_float/float_v1_rom_shim.S.obj
                0x100049dc                float_table_shim_on_use_helper
 .text.float232_shims
                0x10004a10       0x18 CMakeFiles/SmartSwitch.dir/home/pi/pico/pico-sdk/src/rp2_common/pico_float/float_v1_rom_shim.S.obj
                0x10004a10                float2int_shim
                0x10004a12                float2fix_shim
 .text.float2double_shim
                0x10004a28       0x30 CMakeFiles/SmartSwitch.dir/home/pi/pico/pico-sdk/src/rp2_common/pico_float/float_v1_rom_shim.S.obj
                0x10004a28                float2double_shim
 .text          0x10004a58       0x10 CMakeFiles/SmartSwitch.dir/home/pi/pico/pico-sdk/src/rp2_common/pico_mem_ops/mem_ops_aeabi.S.obj
                0x10004a58                __aeabi_mem_init
 .text.memset   0x10004a68        0xc CMakeFiles/SmartSwitch.dir/home/pi/pico/pico-sdk/src/rp2_common/pico_mem_ops/mem_ops_aeabi.S.obj
                0x10004a68                __wrap_memset
 .text.memcpy   0x10004a74        0xc CMakeFiles/SmartSwitch.dir/home/pi/pico/pico-sdk/src/rp2_common/pico_mem_ops/mem_ops_aeabi.S.obj
                0x10004a74                __wrap___aeabi_memcpy
                0x10004a74                __wrap_memcpy
 .text.stdio_out_chars_no_crlf
                0x10004a80        0xe CMakeFiles/SmartSwitch.dir/home/pi/pico/pico-sdk/src/rp2_common/pico_stdio/stdio.c.obj
 *fill*         0x10004a8e        0x2 
 .text.stdio_out_chars_crlf
                0x10004a90       0x80 CMakeFiles/SmartSwitch.dir/home/pi/pico/pico-sdk/src/rp2_common/pico_stdio/stdio.c.obj
 .text.stdio_stack_buffer_flush
                0x10004b10       0x44 CMakeFiles/SmartSwitch.dir/home/pi/pico/pico-sdk/src/rp2_common/pico_stdio/stdio.c.obj
 .text.stdio_buffered_printer
                0x10004b54       0x20 CMakeFiles/SmartSwitch.dir/home/pi/pico/pico-sdk/src/rp2_common/pico_stdio/stdio.c.obj
 .text.stdio_get_until
                0x10004b74       0x7c CMakeFiles/SmartSwitch.dir/home/pi/pico/pico-sdk/src/rp2_common/pico_stdio/stdio.c.obj
 .text.stdout_serialize_begin
                0x10004bf0       0x30 CMakeFiles/SmartSwitch.dir/home/pi/pico/pico-sdk/src/rp2_common/pico_stdio/stdio.c.obj
                0x10004bf0                stdout_serialize_begin
 .text.stdout_serialize_end
                0x10004c20       0x10 CMakeFiles/SmartSwitch.dir/home/pi/pico/pico-sdk/src/rp2_common/pico_stdio/stdio.c.obj
                0x10004c20                stdout_serialize_end
 .text.stdio_put_string
                0x10004c30       0x94 CMakeFiles/SmartSwitch.dir/home/pi/pico/pico-sdk/src/rp2_common/pico_stdio/stdio.c.obj
 .text.__wrap_putchar
                0x10004cc4       0x1c CMakeFiles/SmartSwitch.dir/home/pi/pico/pico-sdk/src/rp2_common/pico_stdio/stdio.c.obj
                0x10004cc4                __wrap_putchar
 .text.stdio_set_driver_enabled
                0x10004ce0       0x2c CMakeFiles/SmartSwitch.dir/home/pi/pico/pico-sdk/src/rp2_common/pico_stdio/stdio.c.obj
                0x10004ce0                stdio_set_driver_enabled
 .text.stdio_flush
                0x10004d0c       0x20 CMakeFiles/SmartSwitch.dir/home/pi/pico/pico-sdk/src/rp2_common/pico_stdio/stdio.c.obj
                0x10004d0c                stdio_flush
 .text.__wrap_puts
                0x10004d2c       0x1e CMakeFiles/SmartSwitch.dir/home/pi/pico/pico-sdk/src/rp2_common/pico_stdio/stdio.c.obj
                0x10004d2c                __wrap_puts
 *fill*         0x10004d4a        0x2 
 .text.__wrap_vprintf
                0x10004d4c       0x44 CMakeFiles/SmartSwitch.dir/home/pi/pico/pico-sdk/src/rp2_common/pico_stdio/stdio.c.obj
                0x10004d4c                __wrap_vprintf
 .text.__wrap_printf
                0x10004d90       0x18 CMakeFiles/SmartSwitch.dir/home/pi/pico/pico-sdk/src/rp2_common/pico_stdio/stdio.c.obj
                0x10004d90                __wrap_printf
 .text.stdio_init_all
                0x10004da8        0x8 CMakeFiles/SmartSwitch.dir/home/pi/pico/pico-sdk/src/rp2_common/pico_stdio/stdio.c.obj
                0x10004da8                stdio_init_all
 .text.getchar_timeout_us
                0x10004db0       0x80 CMakeFiles/SmartSwitch.dir/home/pi/pico/pico-sdk/src/rp2_common/pico_stdio/stdio.c.obj
                0x10004db0                getchar_timeout_us
 .text.resetd_init
                0x10004e30        0x2 CMakeFiles/SmartSwitch.dir/home/pi/pico/pico-sdk/src/rp2_common/pico_stdio_usb/reset_interface.c.obj
 *fill*         0x10004e32        0x2 
 .text.resetd_reset
                0x10004e34        0xc CMakeFiles/SmartSwitch.dir/home/pi/pico/pico-sdk/src/rp2_common/pico_stdio_usb/reset_interface.c.obj
 .text.resetd_open
                0x10004e40       0x34 CMakeFiles/SmartSwitch.dir/home/pi/pico/pico-sdk/src/rp2_common/pico_stdio_usb/reset_interface.c.obj
 .text.resetd_xfer_cb
                0x10004e74        0x4 CMakeFiles/SmartSwitch.dir/home/pi/pico/pico-sdk/src/rp2_common/pico_stdio_usb/reset_interface.c.obj
 .text.resetd_control_xfer_cb
                0x10004e78       0x6c CMakeFiles/SmartSwitch.dir/home/pi/pico/pico-sdk/src/rp2_common/pico_stdio_usb/reset_interface.c.obj
 .text.usbd_app_driver_get_cb
                0x10004ee4        0xc CMakeFiles/SmartSwitch.dir/home/pi/pico/pico-sdk/src/rp2_common/pico_stdio_usb/reset_interface.c.obj
                0x10004ee4                usbd_app_driver_get_cb
 .text.tud_cdc_line_coding_cb
                0x10004ef0       0x34 CMakeFiles/SmartSwitch.dir/home/pi/pico/pico-sdk/src/rp2_common/pico_stdio_usb/reset_interface.c.obj
                0x10004ef0                tud_cdc_line_coding_cb
 .text.stdio_usb_in_chars
                0x10004f24       0x70 CMakeFiles/SmartSwitch.dir/home/pi/pico/pico-sdk/src/rp2_common/pico_stdio_usb/stdio_usb.c.obj
                0x10004f24                stdio_usb_in_chars
 .text.low_priority_worker_irq
                0x10004f94       0x20 CMakeFiles/SmartSwitch.dir/home/pi/pico/pico-sdk/src/rp2_common/pico_stdio_usb/stdio_usb.c.obj
 .text.stdio_usb_out_chars
                0x10004fb4       0xd4 CMakeFiles/SmartSwitch.dir/home/pi/pico/pico-sdk/src/rp2_common/pico_stdio_usb/stdio_usb.c.obj
 .text.timer_task
                0x10005088       0x10 CMakeFiles/SmartSwitch.dir/home/pi/pico/pico-sdk/src/rp2_common/pico_stdio_usb/stdio_usb.c.obj
 .text.stdio_usb_init
                0x10005098       0xb4 CMakeFiles/SmartSwitch.dir/home/pi/pico/pico-sdk/src/rp2_common/pico_stdio_usb/stdio_usb.c.obj
                0x10005098                stdio_usb_init
 .text.tud_descriptor_device_cb
                0x1000514c        0x8 CMakeFiles/SmartSwitch.dir/home/pi/pico/pico-sdk/src/rp2_common/pico_stdio_usb/stdio_usb_descriptors.c.obj
                0x1000514c                tud_descriptor_device_cb
 .text.tud_descriptor_configuration_cb
                0x10005154        0x8 CMakeFiles/SmartSwitch.dir/home/pi/pico/pico-sdk/src/rp2_common/pico_stdio_usb/stdio_usb_descriptors.c.obj
                0x10005154                tud_descriptor_configuration_cb
 .text.tud_descriptor_string_cb
                0x1000515c       0x68 CMakeFiles/SmartSwitch.dir/home/pi/pico/pico-sdk/src/rp2_common/pico_stdio_usb/stdio_usb_descriptors.c.obj
                0x1000515c                tud_descriptor_string_cb
 .text.hw_endpoint_get_by_addr
                0x100051c4       0x18 CMakeFiles/SmartSwitch.dir/home/pi/pico/pico-sdk/lib/tinyusb/src/portable/raspberrypi/rp2040/dcd_rp2040.c.obj
 .text.reset_ep0_pid
                0x100051dc       0x28 CMakeFiles/SmartSwitch.dir/home/pi/pico/pico-sdk/lib/tinyusb/src/portable/raspberrypi/rp2040/dcd_rp2040.c.obj
 .text._hw_endpoint_alloc
                0x10005204       0x70 CMakeFiles/SmartSwitch.dir/home/pi/pico/pico-sdk/lib/tinyusb/src/portable/raspberrypi/rp2040/dcd_rp2040.c.obj
 .text.hw_endpoint_init
                0x10005274       0x88 CMakeFiles/SmartSwitch.dir/home/pi/pico/pico-sdk/lib/tinyusb/src/portable/raspberrypi/rp2040/dcd_rp2040.c.obj
 .text.reset_non_control_endpoints
                0x100052fc       0x40 CMakeFiles/SmartSwitch.dir/home/pi/pico/pico-sdk/lib/tinyusb/src/portable/raspberrypi/rp2040/dcd_rp2040.c.obj
 .text.hw_handle_buff_status
                0x1000533c       0x8c CMakeFiles/SmartSwitch.dir/home/pi/pico/pico-sdk/lib/tinyusb/src/portable/raspberrypi/rp2040/dcd_rp2040.c.obj
 .text.dcd_rp2040_irq
                0x100053c8       0xbc CMakeFiles/SmartSwitch.dir/home/pi/pico/pico-sdk/lib/tinyusb/src/portable/raspberrypi/rp2040/dcd_rp2040.c.obj
 .text.hw_endpoint_xfer
                0x10005484       0x14 CMakeFiles/SmartSwitch.dir/home/pi/pico/pico-sdk/lib/tinyusb/src/portable/raspberrypi/rp2040/dcd_rp2040.c.obj
 .text.dcd_int_enable
                0x10005498       0x2c CMakeFiles/SmartSwitch.dir/home/pi/pico/pico-sdk/lib/tinyusb/src/portable/raspberrypi/rp2040/dcd_rp2040.c.obj
                0x10005498                dcd_int_enable
 .text.dcd_set_address
                0x100054c4       0x2c CMakeFiles/SmartSwitch.dir/home/pi/pico/pico-sdk/lib/tinyusb/src/portable/raspberrypi/rp2040/dcd_rp2040.c.obj
                0x100054c4                dcd_set_address
 .text.dcd_connect
                0x100054f0       0x10 CMakeFiles/SmartSwitch.dir/home/pi/pico/pico-sdk/lib/tinyusb/src/portable/raspberrypi/rp2040/dcd_rp2040.c.obj
                0x100054f0                dcd_connect
 .text.dcd_init
                0x10005500       0x7c CMakeFiles/SmartSwitch.dir/home/pi/pico/pico-sdk/lib/tinyusb/src/portable/raspberrypi/rp2040/dcd_rp2040.c.obj
                0x10005500                dcd_init
 .text.dcd_edpt0_status_complete
                0x1000557c       0x1c CMakeFiles/SmartSwitch.dir/home/pi/pico/pico-sdk/lib/tinyusb/src/portable/raspberrypi/rp2040/dcd_rp2040.c.obj
                0x1000557c                dcd_edpt0_status_complete
 .text.dcd_edpt_open
                0x10005598       0x40 CMakeFiles/SmartSwitch.dir/home/pi/pico/pico-sdk/lib/tinyusb/src/portable/raspberrypi/rp2040/dcd_rp2040.c.obj
                0x10005598                dcd_edpt_open
 .text.dcd_edpt_close_all
                0x100055d8        0x8 CMakeFiles/SmartSwitch.dir/home/pi/pico/pico-sdk/lib/tinyusb/src/portable/raspberrypi/rp2040/dcd_rp2040.c.obj
                0x100055d8                dcd_edpt_close_all
 .text.dcd_edpt_xfer
                0x100055e0       0x30 CMakeFiles/SmartSwitch.dir/home/pi/pico/pico-sdk/lib/tinyusb/src/portable/raspberrypi/rp2040/dcd_rp2040.c.obj
                0x100055e0                dcd_edpt_xfer
 .text.dcd_edpt_stall
                0x10005610       0x2c CMakeFiles/SmartSwitch.dir/home/pi/pico/pico-sdk/lib/tinyusb/src/portable/raspberrypi/rp2040/dcd_rp2040.c.obj
                0x10005610                dcd_edpt_stall
 .text.dcd_edpt_clear_stall
                0x1000563c       0x20 CMakeFiles/SmartSwitch.dir/home/pi/pico/pico-sdk/lib/tinyusb/src/portable/raspberrypi/rp2040/dcd_rp2040.c.obj
                0x1000563c                dcd_edpt_clear_stall
 .text.prepare_ep_buffer
                0x1000565c       0x70 CMakeFiles/SmartSwitch.dir/home/pi/pico/pico-sdk/lib/tinyusb/src/portable/raspberrypi/rp2040/rp2040_usb.c.obj
 .text.sync_ep_buffer
                0x100056cc       0x7c CMakeFiles/SmartSwitch.dir/home/pi/pico/pico-sdk/lib/tinyusb/src/portable/raspberrypi/rp2040/rp2040_usb.c.obj
 .text._hw_endpoint_xfer_sync
                0x10005748       0x28 CMakeFiles/SmartSwitch.dir/home/pi/pico/pico-sdk/lib/tinyusb/src/portable/raspberrypi/rp2040/rp2040_usb.c.obj
 .text.rp2040_usb_init
                0x10005770       0x4c CMakeFiles/SmartSwitch.dir/home/pi/pico/pico-sdk/lib/tinyusb/src/portable/raspberrypi/rp2040/rp2040_usb.c.obj
                0x10005770                rp2040_usb_init
 .text.hw_endpoint_reset_transfer
                0x100057bc        0xc CMakeFiles/SmartSwitch.dir/home/pi/pico/pico-sdk/lib/tinyusb/src/portable/raspberrypi/rp2040/rp2040_usb.c.obj
                0x100057bc                hw_endpoint_reset_transfer
 .text._hw_endpoint_buffer_control_update32
                0x100057c8       0x58 CMakeFiles/SmartSwitch.dir/home/pi/pico/pico-sdk/lib/tinyusb/src/portable/raspberrypi/rp2040/rp2040_usb.c.obj
                0x100057c8                _hw_endpoint_buffer_control_update32
 .text._hw_endpoint_start_next_buffer
                0x10005820       0x74 CMakeFiles/SmartSwitch.dir/home/pi/pico/pico-sdk/lib/tinyusb/src/portable/raspberrypi/rp2040/rp2040_usb.c.obj
 .text.hw_endpoint_xfer_start
                0x10005894       0x48 CMakeFiles/SmartSwitch.dir/home/pi/pico/pico-sdk/lib/tinyusb/src/portable/raspberrypi/rp2040/rp2040_usb.c.obj
                0x10005894                hw_endpoint_xfer_start
 .text.hw_endpoint_xfer_continue
                0x100058dc       0x38 CMakeFiles/SmartSwitch.dir/home/pi/pico/pico-sdk/lib/tinyusb/src/portable/raspberrypi/rp2040/rp2040_usb.c.obj
                0x100058dc                hw_endpoint_xfer_continue
 .text.configuration_reset
                0x10005914       0x88 CMakeFiles/SmartSwitch.dir/home/pi/pico/pico-sdk/lib/tinyusb/src/device/usbd.c.obj
 .text.usbd_reset
                0x1000599c        0xc CMakeFiles/SmartSwitch.dir/home/pi/pico/pico-sdk/lib/tinyusb/src/device/usbd.c.obj
 .text.invoke_class_control
                0x100059a8       0x1a CMakeFiles/SmartSwitch.dir/home/pi/pico/pico-sdk/lib/tinyusb/src/device/usbd.c.obj
 *fill*         0x100059c2        0x2 
 .text.process_set_config
                0x100059c4      0x1ac CMakeFiles/SmartSwitch.dir/home/pi/pico/pico-sdk/lib/tinyusb/src/device/usbd.c.obj
 .text.process_get_descriptor
                0x10005b70       0xf8 CMakeFiles/SmartSwitch.dir/home/pi/pico/pico-sdk/lib/tinyusb/src/device/usbd.c.obj
 .text.tud_mounted
                0x10005c68       0x10 CMakeFiles/SmartSwitch.dir/home/pi/pico/pico-sdk/lib/tinyusb/src/device/usbd.c.obj
                0x10005c68                tud_mounted
 .text.tud_suspended
                0x10005c78       0x10 CMakeFiles/SmartSwitch.dir/home/pi/pico/pico-sdk/lib/tinyusb/src/device/usbd.c.obj
                0x10005c78                tud_suspended
 .text.tud_inited
                0x10005c88        0xc CMakeFiles/SmartSwitch.dir/home/pi/pico/pico-sdk/lib/tinyusb/src/device/usbd.c.obj
                0x10005c88                tud_inited
 .text.tud_init
                0x10005c94       0xd0 CMakeFiles/SmartSwitch.dir/home/pi/pico/pico-sdk/lib/tinyusb/src/device/usbd.c.obj
                0x10005c94                tud_init
 .text.dcd_event_handler
                0x10005d64      0x1e0 CMakeFiles/SmartSwitch.dir/home/pi/pico/pico-sdk/lib/tinyusb/src/device/usbd.c.obj
                0x10005d64                dcd_event_handler
 .text.dcd_event_bus_signal
                0x10005f44       0x28 CMakeFiles/SmartSwitch.dir/home/pi/pico/pico-sdk/lib/tinyusb/src/device/usbd.c.obj
                0x10005f44                dcd_event_bus_signal
 .text.dcd_event_bus_reset
                0x10005f6c       0x2c CMakeFiles/SmartSwitch.dir/home/pi/pico/pico-sdk/lib/tinyusb/src/device/usbd.c.obj
                0x10005f6c                dcd_event_bus_reset
 .text.dcd_event_setup_received
                0x10005f98       0x34 CMakeFiles/SmartSwitch.dir/home/pi/pico/pico-sdk/lib/tinyusb/src/device/usbd.c.obj
                0x10005f98                dcd_event_setup_received
 .text.dcd_event_xfer_complete
                0x10005fcc       0x46 CMakeFiles/SmartSwitch.dir/home/pi/pico/pico-sdk/lib/tinyusb/src/device/usbd.c.obj
                0x10005fcc                dcd_event_xfer_complete
 *fill*         0x10006012        0x2 
 .text.usbd_edpt_open
                0x10006014       0x5c CMakeFiles/SmartSwitch.dir/home/pi/pico/pico-sdk/lib/tinyusb/src/device/usbd.c.obj
                0x10006014                usbd_edpt_open
 .text.usbd_open_edpt_pair
                0x10006070       0x84 CMakeFiles/SmartSwitch.dir/home/pi/pico/pico-sdk/lib/tinyusb/src/device/usbd.c.obj
                0x10006070                usbd_open_edpt_pair
 .text.usbd_edpt_claim
                0x100060f4       0x88 CMakeFiles/SmartSwitch.dir/home/pi/pico/pico-sdk/lib/tinyusb/src/device/usbd.c.obj
                0x100060f4                usbd_edpt_claim
 .text.usbd_edpt_release
                0x1000617c       0x68 CMakeFiles/SmartSwitch.dir/home/pi/pico/pico-sdk/lib/tinyusb/src/device/usbd.c.obj
                0x1000617c                usbd_edpt_release
 .text.usbd_edpt_xfer
                0x100061e4       0x80 CMakeFiles/SmartSwitch.dir/home/pi/pico/pico-sdk/lib/tinyusb/src/device/usbd.c.obj
                0x100061e4                usbd_edpt_xfer
 .text.usbd_edpt_stall
                0x10006264       0x40 CMakeFiles/SmartSwitch.dir/home/pi/pico/pico-sdk/lib/tinyusb/src/device/usbd.c.obj
                0x10006264                usbd_edpt_stall
 .text.usbd_edpt_clear_stall
                0x100062a4       0x40 CMakeFiles/SmartSwitch.dir/home/pi/pico/pico-sdk/lib/tinyusb/src/device/usbd.c.obj
                0x100062a4                usbd_edpt_clear_stall
 .text.usbd_edpt_stalled
                0x100062e4       0x1c CMakeFiles/SmartSwitch.dir/home/pi/pico/pico-sdk/lib/tinyusb/src/device/usbd.c.obj
                0x100062e4                usbd_edpt_stalled
 .text.process_control_request
                0x10006300      0x3b8 CMakeFiles/SmartSwitch.dir/home/pi/pico/pico-sdk/lib/tinyusb/src/device/usbd.c.obj
 .text.tud_task
                0x100066b8      0x21c CMakeFiles/SmartSwitch.dir/home/pi/pico/pico-sdk/lib/tinyusb/src/device/usbd.c.obj
                0x100066b8                tud_task
 .text._data_stage_xact
                0x100068d4       0x58 CMakeFiles/SmartSwitch.dir/home/pi/pico/pico-sdk/lib/tinyusb/src/device/usbd_control.c.obj
 .text.tud_control_status
                0x1000692c       0x38 CMakeFiles/SmartSwitch.dir/home/pi/pico/pico-sdk/lib/tinyusb/src/device/usbd_control.c.obj
                0x1000692c                tud_control_status
 .text.tud_control_xfer
                0x10006964       0xa4 CMakeFiles/SmartSwitch.dir/home/pi/pico/pico-sdk/lib/tinyusb/src/device/usbd_control.c.obj
                0x10006964                tud_control_xfer
 .text.usbd_control_reset
                0x10006a08       0x14 CMakeFiles/SmartSwitch.dir/home/pi/pico/pico-sdk/lib/tinyusb/src/device/usbd_control.c.obj
                0x10006a08                usbd_control_reset
 .text.usbd_control_set_complete_callback
                0x10006a1c        0xc CMakeFiles/SmartSwitch.dir/home/pi/pico/pico-sdk/lib/tinyusb/src/device/usbd_control.c.obj
                0x10006a1c                usbd_control_set_complete_callback
 .text.usbd_control_set_request
                0x10006a28       0x1c CMakeFiles/SmartSwitch.dir/home/pi/pico/pico-sdk/lib/tinyusb/src/device/usbd_control.c.obj
                0x10006a28                usbd_control_set_request
 .text.usbd_control_xfer_cb
                0x10006a44      0x100 CMakeFiles/SmartSwitch.dir/home/pi/pico/pico-sdk/lib/tinyusb/src/device/usbd_control.c.obj
                0x10006a44                usbd_control_xfer_cb
 .text._prep_out_transaction
                0x10006b44       0x46 CMakeFiles/SmartSwitch.dir/home/pi/pico/pico-sdk/lib/tinyusb/src/class/cdc/cdc_device.c.obj
 *fill*         0x10006b8a        0x2 
 .text.tud_cdc_n_connected
                0x10006b8c       0x44 CMakeFiles/SmartSwitch.dir/home/pi/pico/pico-sdk/lib/tinyusb/src/class/cdc/cdc_device.c.obj
                0x10006b8c                tud_cdc_n_connected
 .text.tud_cdc_n_available
                0x10006bd0       0x1c CMakeFiles/SmartSwitch.dir/home/pi/pico/pico-sdk/lib/tinyusb/src/class/cdc/cdc_device.c.obj
                0x10006bd0                tud_cdc_n_available
 .text.tud_cdc_n_read
                0x10006bec       0x28 CMakeFiles/SmartSwitch.dir/home/pi/pico/pico-sdk/lib/tinyusb/src/class/cdc/cdc_device.c.obj
                0x10006bec                tud_cdc_n_read
 .text.tud_cdc_n_write_flush
                0x10006c14       0xcc CMakeFiles/SmartSwitch.dir/home/pi/pico/pico-sdk/lib/tinyusb/src/class/cdc/cdc_device.c.obj
                0x10006c14                tud_cdc_n_write_flush
 .text.tud_cdc_n_write
                0x10006ce0       0x38 CMakeFiles/SmartSwitch.dir/home/pi/pico/pico-sdk/lib/tinyusb/src/class/cdc/cdc_device.c.obj
                0x10006ce0                tud_cdc_n_write
 .text.tud_cdc_n_write_available
                0x10006d18       0x1c CMakeFiles/SmartSwitch.dir/home/pi/pico/pico-sdk/lib/tinyusb/src/class/cdc/cdc_device.c.obj
                0x10006d18                tud_cdc_n_write_available
 .text.cdcd_init
                0x10006d34       0xb8 CMakeFiles/SmartSwitch.dir/home/pi/pico/pico-sdk/lib/tinyusb/src/class/cdc/cdc_device.c.obj
                0x10006d34                cdcd_init
 .text.cdcd_reset
                0x10006dec       0x44 CMakeFiles/SmartSwitch.dir/home/pi/pico/pico-sdk/lib/tinyusb/src/class/cdc/cdc_device.c.obj
                0x10006dec                cdcd_reset
 .text.cdcd_open
                0x10006e30       0xf8 CMakeFiles/SmartSwitch.dir/home/pi/pico/pico-sdk/lib/tinyusb/src/class/cdc/cdc_device.c.obj
                0x10006e30                cdcd_open
 .text.cdcd_control_xfer_cb
                0x10006f28      0x12c CMakeFiles/SmartSwitch.dir/home/pi/pico/pico-sdk/lib/tinyusb/src/class/cdc/cdc_device.c.obj
                0x10006f28                cdcd_control_xfer_cb
 .text.cdcd_xfer_cb
                0x10007054      0x13c CMakeFiles/SmartSwitch.dir/home/pi/pico/pico-sdk/lib/tinyusb/src/class/cdc/cdc_device.c.obj
                0x10007054                cdcd_xfer_cb
 .text.tusb_init
                0x10007190       0x24 CMakeFiles/SmartSwitch.dir/home/pi/pico/pico-sdk/lib/tinyusb/src/tusb.c.obj
                0x10007190                tusb_init
 .text.tusb_inited
                0x100071b4        0xe CMakeFiles/SmartSwitch.dir/home/pi/pico/pico-sdk/lib/tinyusb/src/tusb.c.obj
                0x100071b4                tusb_inited
 *fill*         0x100071c2        0x2 
 .text.tu_edpt_validate
                0x100071c4       0xa8 CMakeFiles/SmartSwitch.dir/home/pi/pico/pico-sdk/lib/tinyusb/src/tusb.c.obj
                0x100071c4                tu_edpt_validate
 .text.tu_edpt_bind_driver
                0x1000726c       0x2a CMakeFiles/SmartSwitch.dir/home/pi/pico/pico-sdk/lib/tinyusb/src/tusb.c.obj
                0x1000726c                tu_edpt_bind_driver
 .text.advance_pointer
                0x10007296       0x18 CMakeFiles/SmartSwitch.dir/home/pi/pico/pico-sdk/lib/tinyusb/src/common/tusb_fifo.c.obj
 .text.backward_pointer
                0x100072ae       0x1e CMakeFiles/SmartSwitch.dir/home/pi/pico/pico-sdk/lib/tinyusb/src/common/tusb_fifo.c.obj
 .text.get_relative_pointer
                0x100072cc       0x10 CMakeFiles/SmartSwitch.dir/home/pi/pico/pico-sdk/lib/tinyusb/src/common/tusb_fifo.c.obj
 .text._tu_fifo_peek
                0x100072dc       0x4c CMakeFiles/SmartSwitch.dir/home/pi/pico/pico-sdk/lib/tinyusb/src/common/tusb_fifo.c.obj
 .text._ff_pull_const_addr
                0x10007328       0x46 CMakeFiles/SmartSwitch.dir/home/pi/pico/pico-sdk/lib/tinyusb/src/common/tusb_fifo.c.obj
 .text._ff_pull_n
                0x1000736e       0xfe CMakeFiles/SmartSwitch.dir/home/pi/pico/pico-sdk/lib/tinyusb/src/common/tusb_fifo.c.obj
 .text._tu_fifo_peek_n
                0x1000746c       0x5e CMakeFiles/SmartSwitch.dir/home/pi/pico/pico-sdk/lib/tinyusb/src/common/tusb_fifo.c.obj
 .text._tu_fifo_read_n
                0x100074ca       0x4e CMakeFiles/SmartSwitch.dir/home/pi/pico/pico-sdk/lib/tinyusb/src/common/tusb_fifo.c.obj
 .text._ff_push_const_addr
                0x10007518       0x3a CMakeFiles/SmartSwitch.dir/home/pi/pico/pico-sdk/lib/tinyusb/src/common/tusb_fifo.c.obj
 .text._ff_push_n
                0x10007552       0xfa CMakeFiles/SmartSwitch.dir/home/pi/pico/pico-sdk/lib/tinyusb/src/common/tusb_fifo.c.obj
 .text._tu_fifo_write_n
                0x1000764c       0x9e CMakeFiles/SmartSwitch.dir/home/pi/pico/pico-sdk/lib/tinyusb/src/common/tusb_fifo.c.obj
 .text.tu_fifo_config
                0x100076ea       0x72 CMakeFiles/SmartSwitch.dir/home/pi/pico/pico-sdk/lib/tinyusb/src/common/tusb_fifo.c.obj
                0x100076ea                tu_fifo_config
 .text.tu_fifo_count
                0x1000775c       0x24 CMakeFiles/SmartSwitch.dir/home/pi/pico/pico-sdk/lib/tinyusb/src/common/tusb_fifo.c.obj
                0x1000775c                tu_fifo_count
 .text.tu_fifo_empty
                0x10007780        0xe CMakeFiles/SmartSwitch.dir/home/pi/pico/pico-sdk/lib/tinyusb/src/common/tusb_fifo.c.obj
                0x10007780                tu_fifo_empty
 .text.tu_fifo_remaining
                0x1000778e       0x20 CMakeFiles/SmartSwitch.dir/home/pi/pico/pico-sdk/lib/tinyusb/src/common/tusb_fifo.c.obj
                0x1000778e                tu_fifo_remaining
 .text.tu_fifo_read
                0x100077ae       0x42 CMakeFiles/SmartSwitch.dir/home/pi/pico/pico-sdk/lib/tinyusb/src/common/tusb_fifo.c.obj
                0x100077ae                tu_fifo_read
 .text.tu_fifo_read_n
                0x100077f0        0xa CMakeFiles/SmartSwitch.dir/home/pi/pico/pico-sdk/lib/tinyusb/src/common/tusb_fifo.c.obj
                0x100077f0                tu_fifo_read_n
 .text.tu_fifo_write
                0x100077fa       0x6c CMakeFiles/SmartSwitch.dir/home/pi/pico/pico-sdk/lib/tinyusb/src/common/tusb_fifo.c.obj
                0x100077fa                tu_fifo_write
 .text.tu_fifo_write_n
                0x10007866        0xa CMakeFiles/SmartSwitch.dir/home/pi/pico/pico-sdk/lib/tinyusb/src/common/tusb_fifo.c.obj
                0x10007866                tu_fifo_write_n
 .text.tu_fifo_clear
                0x10007870       0x4c CMakeFiles/SmartSwitch.dir/home/pi/pico/pico-sdk/lib/tinyusb/src/common/tusb_fifo.c.obj
                0x10007870                tu_fifo_clear
 .text.tu_fifo_set_overwritable
                0x100078bc       0x3c CMakeFiles/SmartSwitch.dir/home/pi/pico/pico-sdk/lib/tinyusb/src/common/tusb_fifo.c.obj
                0x100078bc                tu_fifo_set_overwritable
 .text._retrieve_unique_id_on_boot
                0x100078f8       0x10 CMakeFiles/SmartSwitch.dir/home/pi/pico/pico-sdk/src/rp2_common/pico_unique_id/unique_id.c.obj
 .text.pico_get_unique_board_id_string
                0x10007908       0x60 CMakeFiles/SmartSwitch.dir/home/pi/pico/pico-sdk/src/rp2_common/pico_unique_id/unique_id.c.obj
                0x10007908                pico_get_unique_board_id_string
 .text.flash_get_unique_id
                0x10007968       0x40 CMakeFiles/SmartSwitch.dir/home/pi/pico/pico-sdk/src/rp2_common/hardware_flash/flash.c.obj
                0x10007968                flash_get_unique_id
 .text          0x100079a8       0x18 /usr/lib/gcc/arm-none-eabi/7.3.1/../../../arm-none-eabi/lib/thumb/v6-m/libg.a(lib_a-atoi.o)
                0x100079a8                atoi
                0x100079b4                _atoi_r
 .text          0x100079c0       0x64 /usr/lib/gcc/arm-none-eabi/7.3.1/../../../arm-none-eabi/lib/thumb/v6-m/libg.a(lib_a-strlen-stub.o)
                0x100079c0                strlen
 .text          0x10007a24      0x170 /usr/lib/gcc/arm-none-eabi/7.3.1/../../../arm-none-eabi/lib/thumb/v6-m/libg.a(lib_a-strtol.o)
                0x10007b5c                _strtol_r
                0x10007b64                strtol_l
                0x10007b7c                strtol
 *(.fini)
 .fini          0x10007b94        0x4 /usr/lib/gcc/arm-none-eabi/7.3.1/thumb/v6-m/crti.o
                0x10007b94                _fini
 .fini.__stub   0x10007b98       0x70 linker stubs
 *crtbegin.o(.ctors)
 *crtbegin?.o(.ctors)
 *(EXCLUDE_FILE(*crtend.o *crtend?.o) .ctors)
 *(SORT_BY_NAME(.ctors.*))
 *(.ctors)
 *crtbegin.o(.dtors)
 *crtbegin?.o(.dtors)
 *(EXCLUDE_FILE(*crtend.o *crtend?.o) .dtors)
 *(SORT_BY_NAME(.dtors.*))
 *(.dtors)
 *(.eh_frame*)
 .eh_frame      0x10007c08        0x0 /usr/lib/gcc/arm-none-eabi/7.3.1/thumb/v6-m/crtbegin.o
                0x10007c08                . = ALIGN (0x4)

.glue_7         0x10007c08        0x0
 .glue_7        0x10007c08        0x0 linker stubs

.glue_7t        0x10007c08        0x0
 .glue_7t       0x10007c08        0x0 linker stubs

.vfp11_veneer   0x10007c08        0x0
 .vfp11_veneer  0x10007c08        0x0 linker stubs

.v4_bx          0x10007c08        0x0
 .v4_bx         0x10007c08        0x0 linker stubs

.iplt           0x10007c08        0x0
 .iplt          0x10007c08        0x0 /usr/lib/gcc/arm-none-eabi/7.3.1/thumb/v6-m/crtbegin.o

.rodata         0x10007c08     0x1804
 *(EXCLUDE_FILE(*libm.a: *libc.a:*lib_a-mem*.o *libgcc.a:) .rodata*)
 .rodata.__func__.5876
                0x10007c08       0x15 CMakeFiles/SmartSwitch.dir/SmartSwitch.c.obj
 *fill*         0x10007c1d        0x3 
 .rodata.crowbarPins
                0x10007c20        0x6 CMakeFiles/SmartSwitch.dir/SmartSwitch.c.obj
                0x10007c20                crowbarPins
 *fill*         0x10007c26        0x2 
 .rodata.dataPins
                0x10007c28        0x6 CMakeFiles/SmartSwitch.dir/SmartSwitch.c.obj
                0x10007c28                dataPins
 *fill*         0x10007c2e        0x2 
 .rodata.get_absolute_time.str1.4
                0x10007c30       0x5d CMakeFiles/SmartSwitch.dir/SmartSwitch.c.obj
 *fill*         0x10007c8d        0x3 
 .rodata.main.str1.4
                0x10007c90       0x9d CMakeFiles/SmartSwitch.dir/SmartSwitch.c.obj
                                 0xa1 (size before relaxing)
 *fill*         0x10007d2d        0x3 
 .rodata.trips.str1.4
                0x10007d30       0x14 CMakeFiles/SmartSwitch.dir/SmartSwitch.c.obj
 .rodata.spin_lock_claim_unused.str1.4
                0x10007d44       0x1b CMakeFiles/SmartSwitch.dir/home/pi/pico/pico-sdk/src/rp2_common/hardware_sync/sync.c.obj
 *fill*         0x10007d5f        0x1 
 .rodata.__func__.5648
                0x10007d60       0x15 CMakeFiles/SmartSwitch.dir/home/pi/pico/pico-sdk/src/common/pico_time/time.c.obj
 *fill*         0x10007d75        0x3 
 .rodata.__func__.5960
                0x10007d78        0xc CMakeFiles/SmartSwitch.dir/home/pi/pico/pico-sdk/src/common/pico_time/time.c.obj
 .rodata.__func__.5967
                0x10007d84       0x12 CMakeFiles/SmartSwitch.dir/home/pi/pico/pico-sdk/src/common/pico_time/time.c.obj
 *fill*         0x10007d96        0x2 
 .rodata.__func__.5983
                0x10007d98        0xf CMakeFiles/SmartSwitch.dir/home/pi/pico/pico-sdk/src/common/pico_time/time.c.obj
 *fill*         0x10007da7        0x1 
 .rodata.__func__.6005
                0x10007da8        0xd CMakeFiles/SmartSwitch.dir/home/pi/pico/pico-sdk/src/common/pico_time/time.c.obj
 *fill*         0x10007db5        0x3 
 .rodata.__func__.6229
                0x10007db8        0xa CMakeFiles/SmartSwitch.dir/home/pi/pico/pico-sdk/src/common/pico_time/time.c.obj
 *fill*         0x10007dc2        0x2 
 .rodata.__func__.6234
                0x10007dc4       0x12 CMakeFiles/SmartSwitch.dir/home/pi/pico/pico-sdk/src/common/pico_time/time.c.obj
 *fill*         0x10007dd6        0x2 
 .rodata.__func__.6249
                0x10007dd8       0x17 CMakeFiles/SmartSwitch.dir/home/pi/pico/pico-sdk/src/common/pico_time/time.c.obj
 *fill*         0x10007def        0x1 
 .rodata.__func__.6260
                0x10007df0       0x15 CMakeFiles/SmartSwitch.dir/home/pi/pico/pico-sdk/src/common/pico_time/time.c.obj
 *fill*         0x10007e05        0x3 
 .rodata.__func__.6277
                0x10007e08       0x1a CMakeFiles/SmartSwitch.dir/home/pi/pico/pico-sdk/src/common/pico_time/time.c.obj
 *fill*         0x10007e22        0x2 
 .rodata.__func__.6316
                0x10007e24       0x18 CMakeFiles/SmartSwitch.dir/home/pi/pico/pico-sdk/src/common/pico_time/time.c.obj
 .rodata.add_alarm_under_lock.str1.4
                0x10007e3c       0x28 CMakeFiles/SmartSwitch.dir/home/pi/pico/pico-sdk/src/common/pico_time/time.c.obj
                                 0x2b (size before relaxing)
 .rodata.alarm_pool_alarm_callback.str1.4
                0x10007e64       0x82 CMakeFiles/SmartSwitch.dir/home/pi/pico/pico-sdk/src/common/pico_time/time.c.obj
                                 0xe2 (size before relaxing)
 *fill*         0x10007ee6        0x2 
 .rodata.alarm_pool_cancel_alarm.str1.4
                0x10007ee8       0x27 CMakeFiles/SmartSwitch.dir/home/pi/pico/pico-sdk/src/common/pico_time/time.c.obj
 *fill*         0x10007f0f        0x1 
 .rodata.alarm_pool_dump_key.str1.4
                0x10007f10       0x33 CMakeFiles/SmartSwitch.dir/home/pi/pico/pico-sdk/src/common/pico_time/time.c.obj
 *fill*         0x10007f43        0x1 
 .rodata.alarm_pool_get_default.str1.4
                0x10007f44       0x21 CMakeFiles/SmartSwitch.dir/home/pi/pico/pico-sdk/src/common/pico_time/time.c.obj
 *fill*         0x10007f65        0x3 
 .rodata.ph_add_child_node.str1.4
                0x10007f68       0x92 CMakeFiles/SmartSwitch.dir/home/pi/pico/pico-sdk/src/common/pico_time/time.c.obj
 *fill*         0x10007ffa        0x2 
 .rodata.repeating_timer_callback.str1.4
                0x10007ffc       0x47 CMakeFiles/SmartSwitch.dir/home/pi/pico/pico-sdk/src/common/pico_time/time.c.obj
 *fill*         0x10008043        0x1 
 .rodata.sleep_until.str1.4
                0x10008044       0x4d CMakeFiles/SmartSwitch.dir/home/pi/pico/pico-sdk/src/common/pico_time/time.c.obj
 *fill*         0x10008091        0x3 
 .rodata.__func__.4173
                0x10008094       0x15 CMakeFiles/SmartSwitch.dir/home/pi/pico/pico-sdk/src/rp2_common/hardware_timer/timer.c.obj
 *fill*         0x100080a9        0x3 
 .rodata.__func__.4522
                0x100080ac       0x1a CMakeFiles/SmartSwitch.dir/home/pi/pico/pico-sdk/src/rp2_common/hardware_timer/timer.c.obj
 .rodata.busy_wait_us.str1.4
                0x100080c6       0x5d CMakeFiles/SmartSwitch.dir/home/pi/pico/pico-sdk/src/rp2_common/hardware_timer/timer.c.obj
 *fill*         0x100080c6        0x2 
 .rodata.hardware_alarm_claim.str1.4
                0x100080c8       0x22 CMakeFiles/SmartSwitch.dir/home/pi/pico/pico-sdk/src/rp2_common/hardware_timer/timer.c.obj
 *fill*         0x100080ea        0x2 
 .rodata.hardware_alarm_set_target.str1.4
                0x100080ec       0x61 CMakeFiles/SmartSwitch.dir/home/pi/pico/pico-sdk/src/rp2_common/hardware_timer/timer.c.obj
 *fill*         0x1000814d        0x3 
 .rodata.__func__.4173
                0x10008150       0x15 CMakeFiles/SmartSwitch.dir/home/pi/pico/pico-sdk/src/common/pico_sync/mutex.c.obj
 *fill*         0x10008165        0x3 
 .rodata.__func__.4647
                0x10008168       0x18 CMakeFiles/SmartSwitch.dir/home/pi/pico/pico-sdk/src/common/pico_sync/mutex.c.obj
 .rodata.__func__.4666
                0x10008180        0xb CMakeFiles/SmartSwitch.dir/home/pi/pico/pico-sdk/src/common/pico_sync/mutex.c.obj
 *fill*         0x1000818b        0x1 
 .rodata.str1.4
                0x1000818c       0x85 CMakeFiles/SmartSwitch.dir/home/pi/pico/pico-sdk/src/common/pico_sync/mutex.c.obj
                                 0xe5 (size before relaxing)
 *fill*         0x10008211        0x3 
 .rodata.__func__.5658
                0x10008214        0xc CMakeFiles/SmartSwitch.dir/home/pi/pico/pico-sdk/src/common/pico_util/pheap.c.obj
 .rodata.__func__.5665
                0x10008220       0x12 CMakeFiles/SmartSwitch.dir/home/pi/pico/pico-sdk/src/common/pico_util/pheap.c.obj
 *fill*         0x10008232        0x2 
 .rodata.__func__.5751
                0x10008234       0x13 CMakeFiles/SmartSwitch.dir/home/pi/pico/pico-sdk/src/common/pico_util/pheap.c.obj
 *fill*         0x10008247        0x1 
 .rodata.__func__.5769
                0x10008248       0x18 CMakeFiles/SmartSwitch.dir/home/pi/pico/pico-sdk/src/common/pico_util/pheap.c.obj
 .rodata.ph_add_child_node.str1.4
                0x10008260       0x92 CMakeFiles/SmartSwitch.dir/home/pi/pico/pico-sdk/src/common/pico_util/pheap.c.obj
 .rodata.ph_remove_and_free_node.str1.4
                0x10008260       0x26 CMakeFiles/SmartSwitch.dir/home/pi/pico/pico-sdk/src/common/pico_util/pheap.c.obj
 *fill*         0x10008286        0x2 
 .rodata.ph_remove_any_head.str1.4
                0x10008288       0x88 CMakeFiles/SmartSwitch.dir/home/pi/pico/pico-sdk/src/common/pico_util/pheap.c.obj
 .rodata.__assert_func.str1.4
                0x10008310       0x3f CMakeFiles/SmartSwitch.dir/home/pi/pico/pico-sdk/src/rp2_common/pico_runtime/runtime.c.obj
                                 0x43 (size before relaxing)
 *fill*         0x1000834f        0x1 
 .rodata.__func__.5769
                0x10008350        0xd CMakeFiles/SmartSwitch.dir/home/pi/pico/pico-sdk/src/rp2_common/pico_runtime/runtime.c.obj
 *fill*         0x1000835d        0x3 
 .rodata.panic.str1.4
                0x10008360       0x12 CMakeFiles/SmartSwitch.dir/home/pi/pico/pico-sdk/src/rp2_common/pico_runtime/runtime.c.obj
 *fill*         0x10008372        0x2 
 .rodata.runtime_init.str1.4
                0x10008374       0x5d CMakeFiles/SmartSwitch.dir/home/pi/pico/pico-sdk/src/rp2_common/pico_runtime/runtime.c.obj
 *fill*         0x100083d1        0x3 
 .rodata.__func__.4669
                0x100083d4       0x10 CMakeFiles/SmartSwitch.dir/home/pi/pico/pico-sdk/src/rp2_common/hardware_clocks/clocks.c.obj
 .rodata.clock_configure.str1.4
                0x100083e4       0x53 CMakeFiles/SmartSwitch.dir/home/pi/pico/pico-sdk/src/rp2_common/hardware_clocks/clocks.c.obj
 *fill*         0x10008437        0x1 
 .rodata.__func__.4699
                0x10008438       0x1a CMakeFiles/SmartSwitch.dir/home/pi/pico/pico-sdk/src/rp2_common/hardware_irq/irq.c.obj
 *fill*         0x10008452        0x2 
 .rodata.__func__.4713
                0x10008454        0xc CMakeFiles/SmartSwitch.dir/home/pi/pico/pico-sdk/src/rp2_common/hardware_irq/irq.c.obj
 .rodata.__func__.4721
                0x10008460       0x17 CMakeFiles/SmartSwitch.dir/home/pi/pico/pico-sdk/src/rp2_common/hardware_irq/irq.c.obj
 *fill*         0x10008477        0x1 
 .rodata.__func__.4725
                0x10008478        0xf CMakeFiles/SmartSwitch.dir/home/pi/pico/pico-sdk/src/rp2_common/hardware_irq/irq.c.obj
 *fill*         0x10008487        0x1 
 .rodata.__func__.4764
                0x10008488       0x13 CMakeFiles/SmartSwitch.dir/home/pi/pico/pico-sdk/src/rp2_common/hardware_irq/irq.c.obj
 *fill*         0x1000849b        0x1 
 .rodata.__func__.4786
                0x1000849c       0x1a CMakeFiles/SmartSwitch.dir/home/pi/pico/pico-sdk/src/rp2_common/hardware_irq/irq.c.obj
 *fill*         0x100084b6        0x2 
 .rodata.insert_branch_and_link.str1.4
                0x100084b8       0x10 CMakeFiles/SmartSwitch.dir/home/pi/pico/pico-sdk/src/rp2_common/hardware_irq/irq.c.obj
 .rodata.irq_add_shared_handler.str1.4
                0x100084c8       0xd9 CMakeFiles/SmartSwitch.dir/home/pi/pico/pico-sdk/src/rp2_common/hardware_irq/irq.c.obj
 *fill*         0x100085a1        0x3 
 .rodata.irq_add_tail_to_free_list.str1.4
                0x100085a4       0x32 CMakeFiles/SmartSwitch.dir/home/pi/pico/pico-sdk/src/rp2_common/hardware_irq/irq.c.obj
                                 0x3a (size before relaxing)
 *fill*         0x100085d6        0x2 
 .rodata.irq_remove_handler.str1.4
                0x100085d8       0x2a CMakeFiles/SmartSwitch.dir/home/pi/pico/pico-sdk/src/rp2_common/hardware_irq/irq.c.obj
 *fill*         0x10008602        0x2 
 .rodata.irq_set_exclusive_handler.str1.4
                0x10008604       0x36 CMakeFiles/SmartSwitch.dir/home/pi/pico/pico-sdk/src/rp2_common/hardware_irq/irq.c.obj
 *fill*         0x1000863a        0x2 
 .rodata.make_branch.str1.4
                0x1000863c       0x69 CMakeFiles/SmartSwitch.dir/home/pi/pico/pico-sdk/src/rp2_common/hardware_irq/irq.c.obj
 *fill*         0x100086a5        0x3 
 .rodata.__func__.4371
                0x100086a8        0x9 CMakeFiles/SmartSwitch.dir/home/pi/pico/pico-sdk/src/rp2_common/hardware_pll/pll.c.obj
 *fill*         0x100086b1        0x3 
 .rodata.pll_init.str1.4
                0x100086b4       0xd7 CMakeFiles/SmartSwitch.dir/home/pi/pico/pico-sdk/src/rp2_common/hardware_pll/pll.c.obj
 *fill*         0x1000878b        0x1 
 .rodata._vsnprintf
                0x1000878c      0x1e0 CMakeFiles/SmartSwitch.dir/home/pi/pico/pico-sdk/src/rp2_common/pico_printf/printf.c.obj
 .rodata._ftoa.str1.4
                0x1000896c       0x15 CMakeFiles/SmartSwitch.dir/home/pi/pico/pico-sdk/src/rp2_common/pico_printf/printf.c.obj
 *fill*         0x10008981        0x7 
 .rodata.pow10.5372
                0x10008988       0x50 CMakeFiles/SmartSwitch.dir/home/pi/pico/pico-sdk/src/rp2_common/pico_printf/printf.c.obj
 .rodata.__aeabi_double_init.str1.4
                0x100089d8       0xa4 CMakeFiles/SmartSwitch.dir/home/pi/pico/pico-sdk/src/rp2_common/pico_double/double_init_rom.c.obj
 .rodata.__func__.4682
                0x10008a7c       0x14 CMakeFiles/SmartSwitch.dir/home/pi/pico/pico-sdk/src/rp2_common/pico_double/double_init_rom.c.obj
 .rodata.__aeabi_float_init.str1.4
                0x10008a90       0x76 CMakeFiles/SmartSwitch.dir/home/pi/pico/pico-sdk/src/rp2_common/pico_float/float_init_rom.c.obj
                                 0x7a (size before relaxing)
 *fill*         0x10008b06        0x2 
 .rodata.__func__.4683
                0x10008b08       0x13 CMakeFiles/SmartSwitch.dir/home/pi/pico/pico-sdk/src/rp2_common/pico_float/float_init_rom.c.obj
 *fill*         0x10008b1b        0x1 
 .rodata.__bi_44
                0x10008b1c        0xc CMakeFiles/SmartSwitch.dir/home/pi/pico/pico-sdk/src/rp2_common/pico_standard_link/binary_info.c.obj
 .rodata.__bi_56
                0x10008b28        0xc CMakeFiles/SmartSwitch.dir/home/pi/pico/pico-sdk/src/rp2_common/pico_standard_link/binary_info.c.obj
 .rodata.__bi_75
                0x10008b34        0xc CMakeFiles/SmartSwitch.dir/home/pi/pico/pico-sdk/src/rp2_common/pico_standard_link/binary_info.c.obj
 .rodata.__bi_81
                0x10008b40        0xc CMakeFiles/SmartSwitch.dir/home/pi/pico/pico-sdk/src/rp2_common/pico_standard_link/binary_info.c.obj
 .rodata.str1.4
                0x10008b4c       0x44 CMakeFiles/SmartSwitch.dir/home/pi/pico/pico-sdk/src/rp2_common/pico_standard_link/binary_info.c.obj
 .rodata.__func__.5371
                0x10008b90       0x15 CMakeFiles/SmartSwitch.dir/home/pi/pico/pico-sdk/src/rp2_common/pico_stdio/stdio.c.obj
 *fill*         0x10008ba5        0x3 
 .rodata.__func__.5973
                0x10008ba8       0x13 CMakeFiles/SmartSwitch.dir/home/pi/pico/pico-sdk/src/rp2_common/pico_stdio/stdio.c.obj
 *fill*         0x10008bbb        0x1 
 .rodata.__wrap_getchar.str1.4
                0x10008bbc       0x45 CMakeFiles/SmartSwitch.dir/home/pi/pico/pico-sdk/src/rp2_common/pico_stdio/stdio.c.obj
 *fill*         0x10008c01        0x3 
 .rodata.crlf_str.5854
                0x10008c04        0x2 CMakeFiles/SmartSwitch.dir/home/pi/pico/pico-sdk/src/rp2_common/pico_stdio/stdio.c.obj
 .rodata.getchar_timeout_us.str1.4
                0x10008c06       0x63 CMakeFiles/SmartSwitch.dir/home/pi/pico/pico-sdk/src/rp2_common/pico_stdio/stdio.c.obj
 *fill*         0x10008c06        0x2 
 .rodata._resetd_driver
                0x10008c08       0x18 CMakeFiles/SmartSwitch.dir/home/pi/pico/pico-sdk/src/rp2_common/pico_stdio_usb/reset_interface.c.obj
 .rodata.__bi_93.7169
                0x10008c20        0xc CMakeFiles/SmartSwitch.dir/home/pi/pico/pico-sdk/src/rp2_common/pico_stdio_usb/stdio_usb.c.obj
 .rodata.__func__.5371
                0x10008c2c       0x15 CMakeFiles/SmartSwitch.dir/home/pi/pico/pico-sdk/src/rp2_common/pico_stdio_usb/stdio_usb.c.obj
 .rodata.stdio_usb_init.str1.4
                0x10008c41       0x5d CMakeFiles/SmartSwitch.dir/home/pi/pico/pico-sdk/src/rp2_common/pico_stdio_usb/stdio_usb.c.obj
 *fill*         0x10008c41        0x3 
 .rodata.str1.4
                0x10008c44       0x13 CMakeFiles/SmartSwitch.dir/home/pi/pico/pico-sdk/src/rp2_common/pico_stdio_usb/stdio_usb.c.obj
 *fill*         0x10008c57        0x1 
 .rodata.str1.4
                0x10008c58       0x2a CMakeFiles/SmartSwitch.dir/home/pi/pico/pico-sdk/src/rp2_common/pico_stdio_usb/stdio_usb_descriptors.c.obj
 *fill*         0x10008c82        0x2 
 .rodata.usbd_desc_cfg
                0x10008c84       0x54 CMakeFiles/SmartSwitch.dir/home/pi/pico/pico-sdk/src/rp2_common/pico_stdio_usb/stdio_usb_descriptors.c.obj
 .rodata.usbd_desc_device
                0x10008cd8       0x12 CMakeFiles/SmartSwitch.dir/home/pi/pico/pico-sdk/src/rp2_common/pico_stdio_usb/stdio_usb_descriptors.c.obj
 *fill*         0x10008cea        0x2 
 .rodata.usbd_desc_str
                0x10008cec       0x18 CMakeFiles/SmartSwitch.dir/home/pi/pico/pico-sdk/src/rp2_common/pico_stdio_usb/stdio_usb_descriptors.c.obj
 .rodata.__func__.6841
                0x10008d04       0x13 CMakeFiles/SmartSwitch.dir/home/pi/pico/pico-sdk/lib/tinyusb/src/portable/raspberrypi/rp2040/dcd_rp2040.c.obj
 *fill*         0x10008d17        0x1 
 .rodata.__func__.6894
                0x10008d18        0x9 CMakeFiles/SmartSwitch.dir/home/pi/pico/pico-sdk/lib/tinyusb/src/portable/raspberrypi/rp2040/dcd_rp2040.c.obj
 *fill*         0x10008d21        0x3 
 .rodata.__func__.6898
                0x10008d24        0xf CMakeFiles/SmartSwitch.dir/home/pi/pico/pico-sdk/lib/tinyusb/src/portable/raspberrypi/rp2040/dcd_rp2040.c.obj
 *fill*         0x10008d33        0x1 
 .rodata.__func__.6907
                0x10008d34       0x10 CMakeFiles/SmartSwitch.dir/home/pi/pico/pico-sdk/lib/tinyusb/src/portable/raspberrypi/rp2040/dcd_rp2040.c.obj
 .rodata.__func__.6926
                0x10008d44        0xe CMakeFiles/SmartSwitch.dir/home/pi/pico/pico-sdk/lib/tinyusb/src/portable/raspberrypi/rp2040/dcd_rp2040.c.obj
 *fill*         0x10008d52        0x2 
 .rodata.__func__.6936
                0x10008d54        0xe CMakeFiles/SmartSwitch.dir/home/pi/pico/pico-sdk/lib/tinyusb/src/portable/raspberrypi/rp2040/dcd_rp2040.c.obj
 *fill*         0x10008d62        0x2 
 .rodata._hw_endpoint_alloc.str1.4
                0x10008d64       0xb1 CMakeFiles/SmartSwitch.dir/home/pi/pico/pico-sdk/lib/tinyusb/src/portable/raspberrypi/rp2040/dcd_rp2040.c.obj
 *fill*         0x10008e15        0x3 
 .rodata.dcd_int_enable.str1.4
                0x10008e18        0xc CMakeFiles/SmartSwitch.dir/home/pi/pico/pico-sdk/lib/tinyusb/src/portable/raspberrypi/rp2040/dcd_rp2040.c.obj
 .rodata.dcd_rp2040_irq.str1.4
                0x10008e24       0x14 CMakeFiles/SmartSwitch.dir/home/pi/pico/pico-sdk/lib/tinyusb/src/portable/raspberrypi/rp2040/dcd_rp2040.c.obj
 .rodata.__func__.6605
                0x10008e38        0xf CMakeFiles/SmartSwitch.dir/home/pi/pico/pico-sdk/lib/tinyusb/src/portable/raspberrypi/rp2040/rp2040_usb.c.obj
 *fill*         0x10008e47        0x1 
 .rodata._hw_endpoint_buffer_control_update32.str1.4
                0x10008e48       0x1f CMakeFiles/SmartSwitch.dir/home/pi/pico/pico-sdk/lib/tinyusb/src/portable/raspberrypi/rp2040/rp2040_usb.c.obj
 *fill*         0x10008e67        0x1 
 .rodata.hw_endpoint_xfer_continue.str1.4
                0x10008e68       0x29 CMakeFiles/SmartSwitch.dir/home/pi/pico/pico-sdk/lib/tinyusb/src/portable/raspberrypi/rp2040/rp2040_usb.c.obj
 *fill*         0x10008e91        0x3 
 .rodata.hw_endpoint_xfer_start.str1.4
                0x10008e94       0x38 CMakeFiles/SmartSwitch.dir/home/pi/pico/pico-sdk/lib/tinyusb/src/portable/raspberrypi/rp2040/rp2040_usb.c.obj
 .rodata.str1.4
                0x10008ecc        0x7 CMakeFiles/SmartSwitch.dir/home/pi/pico/pico-sdk/lib/tinyusb/src/portable/raspberrypi/rp2040/rp2040_usb.c.obj
 *fill*         0x10008ed3        0x1 
 .rodata.sync_ep_buffer.str1.4
                0x10008ed4       0x8d CMakeFiles/SmartSwitch.dir/home/pi/pico/pico-sdk/lib/tinyusb/src/portable/raspberrypi/rp2040/rp2040_usb.c.obj
 *fill*         0x10008f61        0x3 
 .rodata.process_get_descriptor
                0x10008f64       0x40 CMakeFiles/SmartSwitch.dir/home/pi/pico/pico-sdk/lib/tinyusb/src/device/usbd.c.obj
 .rodata.process_control_request
                0x10008fa4       0x28 CMakeFiles/SmartSwitch.dir/home/pi/pico/pico-sdk/lib/tinyusb/src/device/usbd.c.obj
 .rodata.tud_task
                0x10008fcc       0x24 CMakeFiles/SmartSwitch.dir/home/pi/pico/pico-sdk/lib/tinyusb/src/device/usbd.c.obj
 .rodata.__func__.6517
                0x10008ff0       0x10 CMakeFiles/SmartSwitch.dir/home/pi/pico/pico-sdk/lib/tinyusb/src/device/usbd.c.obj
 .rodata.__func__.7314
                0x10009000        0x9 CMakeFiles/SmartSwitch.dir/home/pi/pico/pico-sdk/lib/tinyusb/src/device/usbd.c.obj
 *fill*         0x10009009        0x3 
 .rodata.__func__.7335
                0x1000900c       0x18 CMakeFiles/SmartSwitch.dir/home/pi/pico/pico-sdk/lib/tinyusb/src/device/usbd.c.obj
 .rodata.__func__.7378
                0x10009024       0x13 CMakeFiles/SmartSwitch.dir/home/pi/pico/pico-sdk/lib/tinyusb/src/device/usbd.c.obj
 *fill*         0x10009037        0x1 
 .rodata.__func__.7413
                0x10009038       0x17 CMakeFiles/SmartSwitch.dir/home/pi/pico/pico-sdk/lib/tinyusb/src/device/usbd.c.obj
 *fill*         0x1000904f        0x1 
 .rodata.__func__.7467
                0x10009050       0x14 CMakeFiles/SmartSwitch.dir/home/pi/pico/pico-sdk/lib/tinyusb/src/device/usbd.c.obj
 .rodata.__func__.7481
                0x10009064        0xf CMakeFiles/SmartSwitch.dir/home/pi/pico/pico-sdk/lib/tinyusb/src/device/usbd.c.obj
 *fill*         0x10009073        0x1 
 .rodata.__func__.7504
                0x10009074        0xf CMakeFiles/SmartSwitch.dir/home/pi/pico/pico-sdk/lib/tinyusb/src/device/usbd.c.obj
 *fill*         0x10009083        0x1 
 .rodata._usbd_driver
                0x10009084       0x18 CMakeFiles/SmartSwitch.dir/home/pi/pico/pico-sdk/lib/tinyusb/src/device/usbd.c.obj
 .rodata.process_set_config.str1.4
                0x1000909c       0x17 CMakeFiles/SmartSwitch.dir/home/pi/pico/pico-sdk/lib/tinyusb/src/device/usbd.c.obj
 *fill*         0x100090b3        0x1 
 .rodata.__func__.7229
                0x100090b4       0x11 CMakeFiles/SmartSwitch.dir/home/pi/pico/pico-sdk/lib/tinyusb/src/device/usbd_control.c.obj
 *fill*         0x100090c5        0x3 
 .rodata.__func__.7256
                0x100090c8       0x15 CMakeFiles/SmartSwitch.dir/home/pi/pico/pico-sdk/lib/tinyusb/src/device/usbd_control.c.obj
 .rodata.tud_control_xfer.str1.4
                0x100090dd       0x17 CMakeFiles/SmartSwitch.dir/home/pi/pico/pico-sdk/lib/tinyusb/src/device/usbd_control.c.obj
 *fill*         0x100090dd        0x3 
 .rodata.__func__.7166
                0x100090e0       0x16 CMakeFiles/SmartSwitch.dir/home/pi/pico/pico-sdk/lib/tinyusb/src/class/cdc/cdc_device.c.obj
 *fill*         0x100090f6        0x2 
 .rodata.__func__.7199
                0x100090f8        0xa CMakeFiles/SmartSwitch.dir/home/pi/pico/pico-sdk/lib/tinyusb/src/class/cdc/cdc_device.c.obj
 *fill*         0x10009102        0x2 
 .rodata.__func__.7234
                0x10009104        0xd CMakeFiles/SmartSwitch.dir/home/pi/pico/pico-sdk/lib/tinyusb/src/class/cdc/cdc_device.c.obj
 .rodata.tud_cdc_n_write_flush.str1.4
                0x10009111       0x17 CMakeFiles/SmartSwitch.dir/home/pi/pico/pico-sdk/lib/tinyusb/src/class/cdc/cdc_device.c.obj
 *fill*         0x10009111        0x3 
 .rodata.__func__.7103
                0x10009114        0xa CMakeFiles/SmartSwitch.dir/home/pi/pico/pico-sdk/lib/tinyusb/src/tusb.c.obj
 *fill*         0x1000911e        0x2 
 .rodata.__func__.7115
                0x10009120       0x11 CMakeFiles/SmartSwitch.dir/home/pi/pico/pico-sdk/lib/tinyusb/src/tusb.c.obj
 .rodata.tusb_init.str1.4
                0x10009131       0x17 CMakeFiles/SmartSwitch.dir/home/pi/pico/pico-sdk/lib/tinyusb/src/tusb.c.obj
 *fill*         0x10009131        0x3 
 .rodata.__func__.4250
                0x10009134       0x20 CMakeFiles/SmartSwitch.dir/home/pi/pico/pico-sdk/src/rp2_common/pico_unique_id/unique_id.c.obj
 .rodata.pico_get_unique_board_id_string.str1.4
                0x10009154       0x49 CMakeFiles/SmartSwitch.dir/home/pi/pico/pico-sdk/src/rp2_common/pico_unique_id/unique_id.c.obj
 *fill*         0x1000919d        0x3 
 .rodata.__func__.4424
                0x100091a0        0xd CMakeFiles/SmartSwitch.dir/home/pi/pico/pico-sdk/src/rp2_common/hardware_flash/flash.c.obj
 *fill*         0x100091ad        0x3 
 .rodata.str1.4
                0x100091b0      0x158 CMakeFiles/SmartSwitch.dir/home/pi/pico/pico-sdk/src/rp2_common/hardware_flash/flash.c.obj
                                0x156 (size before relaxing)
 .rodata        0x10009308      0x101 /usr/lib/gcc/arm-none-eabi/7.3.1/../../../arm-none-eabi/lib/thumb/v6-m/libg.a(lib_a-ctype_.o)
                0x10009308                _ctype_
                0x1000940c                . = ALIGN (0x4)
 *fill*         0x10009409        0x3 
 *(SORT_BY_ALIGNMENT(SORT_BY_NAME(.flashdata*)))
                0x1000940c                . = ALIGN (0x4)

.rel.dyn        0x1000940c        0x0
 .rel.iplt      0x1000940c        0x0 /usr/lib/gcc/arm-none-eabi/7.3.1/thumb/v6-m/crtbegin.o

.ARM.extab
 *(.ARM.extab* .gnu.linkonce.armextab.*)
                0x1000940c                __exidx_start = .

.ARM.exidx
 *(.ARM.exidx* .gnu.linkonce.armexidx.*)
                0x1000940c                __exidx_end = .
                0x1000940c                . = ALIGN (0x4)
                0x1000940c                __binary_info_start = .

.binary_info    0x1000940c       0x24
 *(.binary_info.keep.*)
 .binary_info.keep.__bi_ptr22
                0x1000940c        0x4 CMakeFiles/SmartSwitch.dir/home/pi/pico/pico-sdk/src/rp2_common/pico_standard_link/binary_info.c.obj
 .binary_info.keep.__bi_ptr30
                0x10009410        0x4 CMakeFiles/SmartSwitch.dir/home/pi/pico/pico-sdk/src/rp2_common/pico_standard_link/binary_info.c.obj
 .binary_info.keep.__bi_ptr38
                0x10009414        0x4 CMakeFiles/SmartSwitch.dir/home/pi/pico/pico-sdk/src/rp2_common/pico_standard_link/binary_info.c.obj
 .binary_info.keep.__bi_ptr44
                0x10009418        0x4 CMakeFiles/SmartSwitch.dir/home/pi/pico/pico-sdk/src/rp2_common/pico_standard_link/binary_info.c.obj
 .binary_info.keep.__bi_ptr50
                0x1000941c        0x4 CMakeFiles/SmartSwitch.dir/home/pi/pico/pico-sdk/src/rp2_common/pico_standard_link/binary_info.c.obj
 .binary_info.keep.__bi_ptr56
                0x10009420        0x4 CMakeFiles/SmartSwitch.dir/home/pi/pico/pico-sdk/src/rp2_common/pico_standard_link/binary_info.c.obj
 .binary_info.keep.__bi_ptr75
                0x10009424        0x4 CMakeFiles/SmartSwitch.dir/home/pi/pico/pico-sdk/src/rp2_common/pico_standard_link/binary_info.c.obj
 .binary_info.keep.__bi_ptr81
                0x10009428        0x4 CMakeFiles/SmartSwitch.dir/home/pi/pico/pico-sdk/src/rp2_common/pico_standard_link/binary_info.c.obj
 *(.binary_info.*)
 .binary_info.__bi_ptr93
                0x1000942c        0x4 CMakeFiles/SmartSwitch.dir/home/pi/pico/pico-sdk/src/rp2_common/pico_stdio_usb/stdio_usb.c.obj
                0x10009430                __binary_info_end = .
                0x10009430                . = ALIGN (0x4)
                0x10009430                __etext = .

.ram_vector_table
                0x20000000       0xc0
 *(.ram_vector_table)
 .ram_vector_table
                0x20000000       0xc0 CMakeFiles/SmartSwitch.dir/home/pi/pico/pico-sdk/src/rp2_common/pico_runtime/runtime.c.obj
                0x20000000                ram_vector_table

.data           0x200000c0      0x870 load address 0x10009430
                0x200000c0                __data_start__ = .
 *(vtable)
 *(.time_critical*)
 .time_critical.mutex_enter_blocking
                0x200000c0       0x48 CMakeFiles/SmartSwitch.dir/home/pi/pico/pico-sdk/src/common/pico_sync/mutex.c.obj
                0x200000c0                mutex_enter_blocking
 .time_critical.mutex_try_enter
                0x20000108       0x48 CMakeFiles/SmartSwitch.dir/home/pi/pico/pico-sdk/src/common/pico_sync/mutex.c.obj
                0x20000108                mutex_try_enter
 .time_critical.mutex_enter_block_until
                0x20000150       0x7c CMakeFiles/SmartSwitch.dir/home/pi/pico/pico-sdk/src/common/pico_sync/mutex.c.obj
                0x20000150                mutex_enter_block_until
 .time_critical.mutex_enter_timeout_ms
                0x200001cc       0x6c CMakeFiles/SmartSwitch.dir/home/pi/pico/pico-sdk/src/common/pico_sync/mutex.c.obj
                0x200001cc                mutex_enter_timeout_ms
 .time_critical.mutex_exit
                0x20000238       0x4c CMakeFiles/SmartSwitch.dir/home/pi/pico/pico-sdk/src/common/pico_sync/mutex.c.obj
                0x20000238                mutex_exit
 .time_critical.flash_init_boot2_copyout
                0x20000284       0x30 CMakeFiles/SmartSwitch.dir/home/pi/pico/pico-sdk/src/rp2_common/hardware_flash/flash.c.obj
 .time_critical.flash_enable_xip_via_boot2
                0x200002b4       0x10 CMakeFiles/SmartSwitch.dir/home/pi/pico/pico-sdk/src/rp2_common/hardware_flash/flash.c.obj
 .time_critical.flash_cs_force
                0x200002c4       0x28 CMakeFiles/SmartSwitch.dir/home/pi/pico/pico-sdk/src/rp2_common/hardware_flash/flash.c.obj
 .time_critical.flash_do_cmd
                0x200002ec       0xd4 CMakeFiles/SmartSwitch.dir/home/pi/pico/pico-sdk/src/rp2_common/hardware_flash/flash.c.obj
                0x200002ec                flash_do_cmd
 *(.text*)
 .text          0x200003c0        0x4 /usr/lib/gcc/arm-none-eabi/7.3.1/thumb/v6-m/libgcc.a(_dvmd_tls.o)
                0x200003c0                __aeabi_ldiv0
                0x200003c0                __aeabi_idiv0
 *fill*         0x200003c4        0x4 
 .text.__stub   0x200003c8       0x40 linker stubs
                0x20000408                . = ALIGN (0x4)
 *(.rodata*)
                0x20000408                . = ALIGN (0x4)
 *(.data*)
 .data.tripLimit
                0x20000408        0x4 CMakeFiles/SmartSwitch.dir/SmartSwitch.c.obj
                0x20000408                tripLimit
 .data.striped_spin_lock_num
                0x2000040c        0x1 CMakeFiles/SmartSwitch.dir/home/pi/pico/pico-sdk/src/rp2_common/hardware_sync/sync.c.obj
 *fill*         0x2000040d        0x3 
 .data.default_alarm_pool
                0x20000410       0x18 CMakeFiles/SmartSwitch.dir/home/pi/pico/pico-sdk/src/common/pico_time/time.c.obj
 .data.default_alarm_pool_heap
                0x20000428       0x10 CMakeFiles/SmartSwitch.dir/home/pi/pico/pico-sdk/src/common/pico_time/time.c.obj
 .data          0x20000438       0x48 CMakeFiles/SmartSwitch.dir/home/pi/pico/pico-sdk/src/rp2_common/hardware_irq/irq_handler_chain.S.obj
                0x20000438                irq_handler_chain_slots
                0x20000468                irq_handler_chain_first_slot
                0x20000472                irq_handler_chain_remove_tail
 *fill*         0x20000480        0x0 
 .data.aeabi_bits_funcs
                0x20000480       0x10 CMakeFiles/SmartSwitch.dir/home/pi/pico/pico-sdk/src/rp2_common/pico_bit_ops/bit_ops_aeabi.S.obj
                0x20000480                aeabi_bits_funcs
                0x20000490                aeabi_bits_funcs_end
 .data.aeabi_mem_funcs
                0x20000490       0x10 CMakeFiles/SmartSwitch.dir/home/pi/pico/pico-sdk/src/rp2_common/pico_mem_ops/mem_ops_aeabi.S.obj
                0x20000490                aeabi_mem_funcs
                0x200004a0                aeabi_mem_funcs_end
 .data.stdio_usb
                0x200004a0       0x14 CMakeFiles/SmartSwitch.dir/home/pi/pico/pico-sdk/src/rp2_common/pico_stdio_usb/stdio_usb.c.obj
                0x200004a0                stdio_usb
 .data.ep_dir_string
                0x200004b4        0x8 CMakeFiles/SmartSwitch.dir/home/pi/pico/pico-sdk/lib/tinyusb/src/portable/raspberrypi/rp2040/rp2040_usb.c.obj
                0x200004b4                ep_dir_string
 .data._usbd_qdef
                0x200004bc       0x24 CMakeFiles/SmartSwitch.dir/home/pi/pico/pico-sdk/lib/tinyusb/src/device/usbd.c.obj
                0x200004bc                _usbd_qdef
 .data          0x200004e0      0x430 /usr/lib/gcc/arm-none-eabi/7.3.1/../../../arm-none-eabi/lib/thumb/v6-m/libg.a(lib_a-impure.o)
                0x200004e0                _impure_ptr
                0x20000910                . = ALIGN (0x4)
 *(.after_data.*)
                0x20000910                . = ALIGN (0x4)
                0x20000910                PROVIDE (__mutex_array_start = .)
 *(SORT_BY_NAME(.mutex_array.*))
 *(.mutex_array)
 .mutex_array   0x20000910        0x8 CMakeFiles/SmartSwitch.dir/home/pi/pico/pico-sdk/src/rp2_common/pico_stdio/stdio.c.obj
                0x20000918                PROVIDE (__mutex_array_end = .)
                0x20000918                . = ALIGN (0x4)
                0x20000918                PROVIDE (__preinit_array_start = .)
 *(SORT_BY_NAME(.preinit_array.*))
 .preinit_array.00001
                0x20000918        0x4 CMakeFiles/SmartSwitch.dir/home/pi/pico/pico-sdk/src/rp2_common/pico_mem_ops/mem_ops_aeabi.S.obj
 .preinit_array.00010
                0x2000091c        0x4 CMakeFiles/SmartSwitch.dir/home/pi/pico/pico-sdk/src/rp2_common/pico_bit_ops/bit_ops_aeabi.S.obj
 .preinit_array.00020
                0x20000920        0x4 CMakeFiles/SmartSwitch.dir/home/pi/pico/pico-sdk/src/rp2_common/pico_double/double_aeabi.S.obj